Archive member included because of file (symbol)

c:/logicielge1/altera/13.0sp1/nios2eds/bin/gnu/h-i686-mingw32/bin/../lib/gcc/nios2-elf/4.1.2/../../../../nios2-elf/lib\libstdc++.a(eh_throw.o)
                              obj/default/controller/PIO.o (__cxa_throw)
c:/logicielge1/altera/13.0sp1/nios2eds/bin/gnu/h-i686-mingw32/bin/../lib/gcc/nios2-elf/4.1.2/../../../../nios2-elf/lib\libstdc++.a(eh_term_handler.o)
                              c:/logicielge1/altera/13.0sp1/nios2eds/bin/gnu/h-i686-mingw32/bin/../lib/gcc/nios2-elf/4.1.2/../../../../nios2-elf/lib\libstdc++.a(eh_throw.o) (__cxxabiv1::__terminate_handler)
c:/logicielge1/altera/13.0sp1/nios2eds/bin/gnu/h-i686-mingw32/bin/../lib/gcc/nios2-elf/4.1.2/../../../../nios2-elf/lib\libstdc++.a(new_opv.o)
                              obj/default/controller/UART.o (operator new[](unsigned long))
c:/logicielge1/altera/13.0sp1/nios2eds/bin/gnu/h-i686-mingw32/bin/../lib/gcc/nios2-elf/4.1.2/../../../../nios2-elf/lib\libstdc++.a(eh_catch.o)
                              c:/logicielge1/altera/13.0sp1/nios2eds/bin/gnu/h-i686-mingw32/bin/../lib/gcc/nios2-elf/4.1.2/../../../../nios2-elf/lib\libstdc++.a(eh_throw.o) (__cxa_begin_catch)
c:/logicielge1/altera/13.0sp1/nios2eds/bin/gnu/h-i686-mingw32/bin/../lib/gcc/nios2-elf/4.1.2/../../../../nios2-elf/lib\libstdc++.a(del_op.o)
                              obj/default/FSM.o (operator delete(void*))
c:/logicielge1/altera/13.0sp1/nios2eds/bin/gnu/h-i686-mingw32/bin/../lib/gcc/nios2-elf/4.1.2/../../../../nios2-elf/lib\libstdc++.a(del_opv.o)
                              obj/default/controller/UART.o (operator delete[](void*))
c:/logicielge1/altera/13.0sp1/nios2eds/bin/gnu/h-i686-mingw32/bin/../lib/gcc/nios2-elf/4.1.2/../../../../nios2-elf/lib\libstdc++.a(eh_unex_handler.o)
                              c:/logicielge1/altera/13.0sp1/nios2eds/bin/gnu/h-i686-mingw32/bin/../lib/gcc/nios2-elf/4.1.2/../../../../nios2-elf/lib\libstdc++.a(eh_throw.o) (__cxxabiv1::__unexpected_handler)
c:/logicielge1/altera/13.0sp1/nios2eds/bin/gnu/h-i686-mingw32/bin/../lib/gcc/nios2-elf/4.1.2/../../../../nios2-elf/lib\libstdc++.a(eh_personality.o)
                              obj/default/FSM.o (__gxx_personality_sj0)
c:/logicielge1/altera/13.0sp1/nios2eds/bin/gnu/h-i686-mingw32/bin/../lib/gcc/nios2-elf/4.1.2/../../../../nios2-elf/lib\libstdc++.a(class_type_info.o)
                              obj/default/FSM.o (vtable for __cxxabiv1::__class_type_info)
c:/logicielge1/altera/13.0sp1/nios2eds/bin/gnu/h-i686-mingw32/bin/../lib/gcc/nios2-elf/4.1.2/../../../../nios2-elf/lib\libstdc++.a(si_class_type_info.o)
                              c:/logicielge1/altera/13.0sp1/nios2eds/bin/gnu/h-i686-mingw32/bin/../lib/gcc/nios2-elf/4.1.2/../../../../nios2-elf/lib\libstdc++.a(class_type_info.o) (vtable for __cxxabiv1::__si_class_type_info)
c:/logicielge1/altera/13.0sp1/nios2eds/bin/gnu/h-i686-mingw32/bin/../lib/gcc/nios2-elf/4.1.2/../../../../nios2-elf/lib\libstdc++.a(eh_globals.o)
                              c:/logicielge1/altera/13.0sp1/nios2eds/bin/gnu/h-i686-mingw32/bin/../lib/gcc/nios2-elf/4.1.2/../../../../nios2-elf/lib\libstdc++.a(eh_catch.o) (__cxa_get_globals_fast)
c:/logicielge1/altera/13.0sp1/nios2eds/bin/gnu/h-i686-mingw32/bin/../lib/gcc/nios2-elf/4.1.2/../../../../nios2-elf/lib\libstdc++.a(eh_terminate.o)
                              c:/logicielge1/altera/13.0sp1/nios2eds/bin/gnu/h-i686-mingw32/bin/../lib/gcc/nios2-elf/4.1.2/../../../../nios2-elf/lib\libstdc++.a(eh_throw.o) (__cxxabiv1::__terminate(void (*)()))
c:/logicielge1/altera/13.0sp1/nios2eds/bin/gnu/h-i686-mingw32/bin/../lib/gcc/nios2-elf/4.1.2/../../../../nios2-elf/lib\libstdc++.a(new_op.o)
                              obj/default/FSM.o (operator new(unsigned long))
c:/logicielge1/altera/13.0sp1/nios2eds/bin/gnu/h-i686-mingw32/bin/../lib/gcc/nios2-elf/4.1.2/../../../../nios2-elf/lib\libstdc++.a(eh_call.o)
                              c:/logicielge1/altera/13.0sp1/nios2eds/bin/gnu/h-i686-mingw32/bin/../lib/gcc/nios2-elf/4.1.2/../../../../nios2-elf/lib\libstdc++.a(eh_personality.o) (__cxa_call_terminate)
c:/logicielge1/altera/13.0sp1/nios2eds/bin/gnu/h-i686-mingw32/bin/../lib/gcc/nios2-elf/4.1.2/../../../../nios2-elf/lib\libstdc++.a(eh_exception.o)
                              c:/logicielge1/altera/13.0sp1/nios2eds/bin/gnu/h-i686-mingw32/bin/../lib/gcc/nios2-elf/4.1.2/../../../../nios2-elf/lib\libstdc++.a(eh_personality.o) (vtable for std::bad_exception)
c:/logicielge1/altera/13.0sp1/nios2eds/bin/gnu/h-i686-mingw32/bin/../lib/gcc/nios2-elf/4.1.2/../../../../nios2-elf/lib\libstdc++.a(fundamental_type_info.o)
                              obj/default/controller/PIO.o (typeinfo for char const*)
c:/logicielge1/altera/13.0sp1/nios2eds/bin/gnu/h-i686-mingw32/bin/../lib/gcc/nios2-elf/4.1.2/../../../../nios2-elf/lib\libstdc++.a(new_handler.o)
[...]
Memory Configuration

Name             Origin             Length             Attributes
sdram_controller 0x00800000         0x00800000
reset            0x01004000         0x00000020
onchip_memory    0x01004020         0x000027e0
*default*        0x00000000         0xffffffff

Linker script and memory map

LOAD ../cmv_controller_bsp//obj/HAL/src/crt0.o
LOAD obj/default/FSM.o
LOAD obj/default/controller/PIO.o
LOAD obj/default/controller/SPI.o
LOAD obj/default/controller/UART.o
LOAD obj/default/main.o
LOAD c:/logicielge1/altera/13.0sp1/nios2eds/bin/gnu/h-i686-mingw32/bin/../lib/gcc/nios2-elf/4.1.2/../../../../nios2-elf/lib\libstdc++.a
LOAD c:/logicielge1/altera/13.0sp1/nios2eds/bin/gnu/h-i686-mingw32/bin/../lib/gcc/nios2-elf/4.1.2/../../../../nios2-elf/lib\libm.a
LOAD c:/logicielge1/altera/13.0sp1/nios2eds/bin/gnu/h-i686-mingw32/bin/../lib/gcc/nios2-elf/4.1.2\libgcc.a
START GROUP
LOAD c:/logicielge1/altera/13.0sp1/nios2eds/bin/gnu/h-i686-mingw32/bin/../lib/gcc/nios2-elf/4.1.2/../../../../nios2-elf/lib\libc.a
LOAD c:/logicielge1/altera/13.0sp1/nios2eds/bin/gnu/h-i686-mingw32/bin/../lib/gcc/nios2-elf/4.1.2\libgcc.a
LOAD ../cmv_controller_bsp/\libhal_bsp.a
END GROUP
LOAD c:/logicielge1/altera/13.0sp1/nios2eds/bin/gnu/h-i686-mingw32/bin/../lib/gcc/nios2-elf/4.1.2\libgcc.a
                0x00800000                __alt_mem_sdram_controller = 0x800000
                0x01004000                __alt_mem_onchip_memory = 0x1004000

.entry          0x01004000       0x20
 *(.entry)
 .entry         0x01004000       0x20 ../cmv_controller_bsp//obj/HAL/src/crt0.o
                0x01004000                __reset

.exceptions     0x01004020      0x194 load address 0x00800000
                0x01004020                PROVIDE (__ram_exceptions_start, ABSOLUTE (.))
                0x01004020                . = ALIGN (0x20)
 *(.irq)
 *(.exceptions.entry.label)
 .exceptions.entry.label
                0x01004020        0x0 ../cmv_controller_bsp/\libhal_bsp.a(alt_irq_entry.o)
                0x01004020                alt_irq_entry
 .exceptions.entry.label
                0x01004020        0x0 ../cmv_controller_bsp/\libhal_bsp.a(alt_exception_entry.o)
                0x01004020                alt_exception
 *(.exceptions.entry.user)
 *(.exceptions.entry)
 .exceptions.entry
                0x01004020       0x54 ../cmv_controller_bsp/\libhal_bsp.a(alt_exception_entry.o)
 *(.exceptions.irqtest.user)
 *(.exceptions.irqtest)
 .exceptions.irqtest
                0x01004074       0x10 ../cmv_controller_bsp/\libhal_bsp.a(alt_irq_entry.o)
 *(.exceptions.irqhandler.user)
 *(.exceptions.irqhandler)
 .exceptions.irqhandler
                0x01004084        0x4 ../cmv_controller_bsp/\libhal_bsp.a(alt_irq_entry.o)
 *(.exceptions.irqreturn.user)
 *(.exceptions.irqreturn)
 .exceptions.irqreturn
                0x01004088        0x4 ../cmv_controller_bsp/\libhal_bsp.a(alt_irq_entry.o)
 *(.exceptions.notirq.label)
 .exceptions.notirq.label
                0x0100408c        0x0 ../cmv_controller_bsp/\libhal_bsp.a(alt_irq_entry.o)
 *(.exceptions.notirq.user)
 *(.exceptions.notirq)
 .exceptions.notirq
                0x0100408c        0x8 ../cmv_controller_bsp/\libhal_bsp.a(alt_exception_entry.o)
 *(.exceptions.soft.user)
 *(.exceptions.soft)
 *(.exceptions.unknown.user)
 *(.exceptions.unknown)
 .exceptions.unknown
                0x01004094        0x4 ../cmv_controller_bsp/\libhal_bsp.a(alt_exception_entry.o)
 *(.exceptions.exit.label)
 .exceptions.exit.label
                0x01004098        0x0 ../cmv_controller_bsp/\libhal_bsp.a(alt_irq_entry.o)
 .exceptions.exit.label
                0x01004098        0x0 ../cmv_controller_bsp/\libhal_bsp.a(alt_exception_entry.o)
 *(.exceptions.exit.user)
 *(.exceptions.exit)
 .exceptions.exit
                0x01004098       0x54 ../cmv_controller_bsp/\libhal_bsp.a(alt_exception_entry.o)
 *(.exceptions)
 .exceptions    0x010040ec       0xc8 ../cmv_controller_bsp/\libhal_bsp.a(alt_irq_handler.o)
                0x010040ec                alt_irq_handler
                0x010041b4                PROVIDE (__ram_exceptions_end, ABSOLUTE (.))
                0x00800000                PROVIDE (__flash_exceptions_start, LOADADDR (.exceptions))

.text           0x00800194    0x11034
                0x00800194                PROVIDE (stext, ABSOLUTE (.))
 *(.interp)
 *(.hash)
 *(.dynsym)
 *(.dynstr)
 *(.gnu.version)
 *(.gnu.version_d)
 *(.gnu.version_r)
 *(.rel.init)
 *(.rela.init)
 *(.rel.text .rel.text.* .rel.gnu.linkonce.t.*)
 *(.rela.text .rela.text.* .rela.gnu.linkonce.t.*)
 *(.rel.fini)
 *(.rela.fini)
 *(.rel.rodata .rel.rodata.* .rel.gnu.linkonce.r.*)
 *(.rela.rodata .rela.rodata.* .rela.gnu.linkonce.r.*)
 *(.rel.data .rel.data.* .rel.gnu.linkonce.d.*)
 *(.rela.data .rela.data.* .rela.gnu.linkonce.d.*)
 *(.rel.tdata .rel.tdata.* .rel.gnu.linkonce.td.*)
 *(.rela.tdata .rela.tdata.* .rela.gnu.linkonce.td.*)
 *(.rel.tbss .rel.tbss.* .rel.gnu.linkonce.tb.*)
 *(.rela.tbss .rela.tbss.* .rela.gnu.linkonce.tb.*)
 *(.rel.ctors)
 *(.rela.ctors)
 *(.rel.dtors)
 *(.rela.dtors)
 *(.rel.got)
 *(.rela.got)
 *(.rel.sdata .rel.sdata.* .rel.gnu.linkonce.s.*)
 *(.rela.sdata .rela.sdata.* .rela.gnu.linkonce.s.*)
 *(.rel.sbss .rel.sbss.* .rel.gnu.linkonce.sb.*)
 *(.rela.sbss .rela.sbss.* .rela.gnu.linkonce.sb.*)
 *(.rel.sdata2 .rel.sdata2.* .rel.gnu.linkonce.s2.*)
 *(.rela.sdata2 .rela.sdata2.* .rela.gnu.linkonce.s2.*)
 *(.rel.sbss2 .rel.sbss2.* .rel.gnu.linkonce.sb2.*)
 *(.rela.sbss2 .rela.sbss2.* .rela.gnu.linkonce.sb2.*)
 *(.rel.bss .rel.bss.* .rel.gnu.linkonce.b.*)
 *(.rela.bss .rela.bss.* .rela.gnu.linkonce.b.*)
 *(.rel.plt)
 *(.rela.plt)
 *(.rel.dyn)
 *(.init)
 *(.plt)
 *(.text .stub .text.* .gnu.linkonce.t.*)
 .text          0x00800194       0x4c ../cmv_controller_bsp//obj/HAL/src/crt0.o
                0x00800194                _start
 .text          0x008001e0      0x678 obj/default/FSM.o
                0x008001e0                FSM::FSM()
                0x00800218                FSM::FSM()
                0x00800250                FSM::transition()
                0x008002e4                FSM::_unset()
                0x0080036c                FSM::_select_mode()
                0x0080038c                FSM::_wait_request()
                0x008003ac                FSM::_spi_menu()
                0x008003cc                FSM::_spi_read()
                0x008003ec                FSM::_spi_write()
                0x0080040c                FSM::~FSM()
                0x00800464                FSM::~FSM()
                0x008004bc                FSM::~FSM()
                0x00800514                FSM::_init()
                0x008007c0                FSM::action()
 .text          0x00800858      0x2c0 obj/default/controller/PIO.o
                0x00800858                PIO::init_irq()
                0x00800878                PIO::getValue()
                0x008008a4                PIO::setValue(unsigned int)
                0x00800930                PIO::PIO(unsigned long, unsigned char, PIO::Mode)
                0x008009ac                PIO::PIO(unsigned long, unsigned char, PIO::Mode)
                0x00800a28                PIO::~PIO()
                0x00800a78                PIO::~PIO()
                0x00800ac8                PIO::~PIO()
 .text          0x00800b18      0x260 obj/default/controller/SPI.o
                0x00800b18                SPI::SPI(unsigned long)
                0x00800b58                SPI::SPI(unsigned long)
                0x00800b98                SPI::readCMVRegister(unsigned char)
                0x00800c04                SPI::writeCMVRegister(unsigned char, unsigned char)
                0x00800c88                SPI::~SPI()
                0x00800cd8                SPI::~SPI()
                0x00800d28                SPI::~SPI()
 .text          0x00800d78      0xb04 obj/default/controller/UART.o
                0x00800d78                UART::outBuffer_isEmpty()
                0x00800db0                UART::inBuffer_isEmpty()
                0x00800de8                UART::buffer_putstr(char const*)
                0x00800e6c                UART::buffer_putchar(char)
                0x00800ea8                UART::buffer_getchar()
                0x00800ee8                UART::buffer_printf(char const*, ...)
                0x008010a8                UART::send()
                0x0080115c                UART::sendAll()
                0x00801208                UART::~UART()
                0x008012c4                UART::~UART()
                0x00801380                UART::~UART()
                0x0080143c                UART::UART(unsigned long, unsigned long, unsigned int, unsigned int)
                0x0080165c                UART::UART(unsigned long, unsigned long, unsigned int, unsigned int)
 .text._ZN4FIFOIcE7isEmptyEv
                0x0080187c       0x34 obj/default/controller/UART.o
                0x0080187c                FIFO<char>::isEmpty()
 .text._ZN4FIFOIcE6isFullEv
                0x008018b0       0x74 obj/default/controller/UART.o
                0x008018b0                FIFO<char>::isFull()
 .text._ZN4FIFOIcE4lockEv
                0x00801924       0x20 obj/default/controller/UART.o
                0x00801924                FIFO<char>::lock()
 .text._ZN4FIFOIcE6unlockEv
                0x00801944       0x20 obj/default/controller/UART.o
                0x00801944                FIFO<char>::unlock()
 .text._ZN4FIFOIcE21_triggerFullConditionEv
                0x00801964       0x40 obj/default/controller/UART.o
                0x00801964                FIFO<char>::_triggerFullCondition()
 .text._ZN4FIFOIcE4pushEc
                0x008019a4       0x88 obj/default/controller/UART.o
                0x008019a4                FIFO<char>::push(char)
 .text._ZN4FIFOIcE22_triggerEmptyConditionEv
                0x00801a2c       0x40 obj/default/controller/UART.o
                0x00801a2c                FIFO<char>::_triggerEmptyCondition()
 .text._ZN4FIFOIcE4pullEv
                0x00801a6c       0x84 obj/default/controller/UART.o
                0x00801a6c                FIFO<char>::pull()
 .text._ZN4FIFOIcEC1Ej
                0x00801af0       0xc0 obj/default/controller/UART.o
                0x00801af0                FIFO<char>::FIFO(unsigned int)
 .text._ZN4FIFOIcED0Ev
                0x00801bb0       0x6c obj/default/controller/UART.o
                0x00801bb0                FIFO<char>::~FIFO()
 .text._ZN4FIFOIcED1Ev
                0x00801c1c       0x6c obj/default/controller/UART.o
                0x00801c1c                FIFO<char>::~FIFO()
 .text          0x00801c88       0xec obj/default/main.o
                0x00801c88                main
 .text          0x00801d74      0x148 c:/logicielge1/altera/13.0sp1/nios2eds/bin/gnu/h-i686-mingw32/bin/../lib/gcc/nios2-elf/4.1.2/../../../../nios2-elf/lib\libstdc++.a(eh_throw.o)
                0x00801d74                __cxa_rethrow
                0x00801de8                __cxa_throw
 .text          0x00801ebc        0x0 c:/logicielge1/altera/13.0sp1/nios2eds/bin/gnu/h-i686-mingw32/bin/../lib/gcc/nios2-elf/4.1.2/../../../../nios2-elf/lib\libstdc++.a(eh_term_handler.o)
 .text          0x00801ebc       0xa0 c:/logicielge1/altera/13.0sp1/nios2eds/bin/gnu/h-i686-mingw32/bin/../lib/gcc/nios2-elf/4.1.2/../../../../nios2-elf/lib\libstdc++.a(new_opv.o)
                0x00801ebc                operator new[](unsigned long)
 .text          0x00801f5c      0x1e4 c:/logicielge1/altera/13.0sp1/nios2eds/bin/gnu/h-i686-mingw32/bin/../lib/gcc/nios2-elf/4.1.2/../../../../nios2-elf/lib\libstdc++.a(eh_catch.o)
                0x00801f5c                __cxa_get_exception_ptr
                0x00801f64                std::uncaught_exception()
                0x00801f84                __cxa_end_catch
                0x00802028                __cxa_begin_catch
 .text          0x00802140        0xc c:/logicielge1/altera/13.0sp1/nios2eds/bin/gnu/h-i686-mingw32/bin/../lib/gcc/nios2-elf/4.1.2/../../../../nios2-elf/lib\libstdc++.a(del_op.o)
                0x00802140                operator delete(void*)
 .text          0x0080214c        0x4 c:/logicielge1/altera/13.0sp1/nios2eds/bin/gnu/h-i686-mingw32/bin/../lib/gcc/nios2-elf/4.1.2/../../../../nios2-elf/lib\libstdc++.a(del_opv.o)
                0x0080214c                operator delete[](void*)
 .text          0x00802150        0x0 c:/logicielge1/altera/13.0sp1/nios2eds/bin/gnu/h-i686-mingw32/bin/../lib/gcc/nios2-elf/4.1.2/../../../../nios2-elf/lib\libstdc++.a(eh_unex_handler.o)
 .text          0x00802150      0xbec c:/logicielge1/altera/13.0sp1/nios2eds/bin/gnu/h-i686-mingw32/bin/../lib/gcc/nios2-elf/4.1.2/../../../../nios2-elf/lib\libstdc++.a(eh_personality.o)
                0x008026dc                __cxa_call_unexpected
                0x0080285c                __gxx_personality_sj0
 .text          0x00802d3c      0x1bc c:/logicielge1/altera/13.0sp1/nios2eds/bin/gnu/h-i686-mingw32/bin/../lib/gcc/nios2-elf/4.1.2/../../../../nios2-elf/lib\libstdc++.a(class_type_info.o)
                0x00802d3c                __cxxabiv1::__class_type_info::__do_upcast(__cxxabiv1::__class_type_info const*, void**) const
                0x00802da8                __cxxabiv1::__class_type_info::__do_find_public_src(long, void const*, __cxxabiv1::__class_type_info const*, void const*) const
                0x00802dc8                __cxxabiv1::__class_type_info::~__class_type_info()
                0x00802dfc                __cxxabiv1::__class_type_info::~__class_type_info()
                0x00802e0c                __cxxabiv1::__class_type_info::~__class_type_info()
                0x00802e1c                __cxxabiv1::__class_type_info::__do_catch(std::type_info const*, void**, unsigned int) const
                0x00802e7c                __cxxabiv1::__class_type_info::__do_upcast(__cxxabiv1::__class_type_info const*, void const*, __cxxabiv1::__class_type_info::__upcast_result&) const
                0x00802eac                __cxxabiv1::__class_type_info::__do_dyncast(long, __cxxabiv1::__class_type_info::__sub_kind, __cxxabiv1::__class_type_info const*, void const*, __cxxabiv1::__class_type_info const*, void const*, __cxxabiv1::__class_type_info::__dyncast_result&) const
 .text          0x00802ef8      0x1c8 c:/logicielge1/altera/13.0sp1/nios2eds/bin/gnu/h-i686-mingw32/bin/../lib/gcc/nios2-elf/4.1.2/../../../../nios2-elf/lib\libstdc++.a(si_class_type_info.o)
                0x00802ef8                __cxxabiv1::__si_class_type_info::__do_upcast(__cxxabiv1::__class_type_info const*, void const*, __cxxabiv1::__class_type_info::__upcast_result&) const
                0x00802f70                __cxxabiv1::__si_class_type_info::~__si_class_type_info()
                0x00802fa4                __cxxabiv1::__si_class_type_info::~__si_class_type_info()
                0x00802fb4                __cxxabiv1::__si_class_type_info::~__si_class_type_info()
                0x00802fc4                __cxxabiv1::__si_class_type_info::__do_find_public_src(long, void const*, __cxxabiv1::__class_type_info const*, void const*) const
                0x00802ff8                __cxxabiv1::__si_class_type_info::__do_dyncast(long, __cxxabiv1::__class_type_info::__sub_kind, __cxxabiv1::__class_type_info const*, void const*, __cxxabiv1::__class_type_info const*, void const*, __cxxabiv1::__class_type_info::__dyncast_result&) const
 .text          0x008030c0       0x10 c:/logicielge1/altera/13.0sp1/nios2eds/bin/gnu/h-i686-mingw32/bin/../lib/gcc/nios2-elf/4.1.2/../../../../nios2-elf/lib\libstdc++.a(eh_globals.o)
                0x008030c0                __cxa_get_globals_fast
                0x008030c8                __cxa_get_globals
 .text          0x008030d0      0x10c c:/logicielge1/altera/13.0sp1/nios2eds/bin/gnu/h-i686-mingw32/bin/../lib/gcc/nios2-elf/4.1.2/../../../../nios2-elf/lib\libstdc++.a(eh_terminate.o)
                0x008030d0                std::set_terminate(void (*)())
                0x008030e4                std::set_unexpected(void (*)())
                0x008030f8                __cxxabiv1::__terminate(void (*)())
                0x0080319c                std::terminate()
                0x008031b4                __cxxabiv1::__unexpected(void (*)())
                0x008031c4                std::unexpected()
 .text          0x008031dc      0x100 c:/logicielge1/altera/13.0sp1/nios2eds/bin/gnu/h-i686-mingw32/bin/../lib/gcc/nios2-elf/4.1.2/../../../../nios2-elf/lib\libstdc++.a(new_op.o)
                0x008031dc                operator new(unsigned long)
 .text          0x008032dc       0x44 c:/logicielge1/altera/13.0sp1/nios2eds/bin/gnu/h-i686-mingw32/bin/../lib/gcc/nios2-elf/4.1.2/../../../../nios2-elf/lib\libstdc++.a(eh_call.o)
                0x008032dc                __cxa_call_terminate
 .text          0x00803320       0x94 c:/logicielge1/altera/13.0sp1/nios2eds/bin/gnu/h-i686-mingw32/bin/../lib/gcc/nios2-elf/4.1.2/../../../../nios2-elf/lib\libstdc++.a(eh_exception.o)
                0x00803320                std::exception::what() const
                0x00803330                std::exception::~exception()
                0x00803340                std::exception::~exception()
                0x00803350                std::exception::~exception()
                0x00803360                std::bad_exception::~bad_exception()
                0x00803394                std::bad_exception::~bad_exception()
                0x008033a4                std::bad_exception::~bad_exception()
 .text          0x008033b4       0x54 c:/logicielge1/altera/13.0sp1/nios2eds/bin/gnu/h-i686-mingw32/bin/../lib/gcc/nios2-elf/4.1.2/../../../../nios2-elf/lib\libstdc++.a(fundamental_type_info.o)
                0x008033b4                __cxxabiv1::__fundamental_type_info::~__fundamental_type_info()
                0x008033e8                __cxxabiv1::__fundamental_type_info::~__fundamental_type_info()
                0x008033f8                __cxxabiv1::__fundamental_type_info::~__fundamental_type_info()
 .text          0x00803408       0x60 c:/logicielge1/altera/13.0sp1/nios2eds/bin/gnu/h-i686-mingw32/bin/../lib/gcc/nios2-elf/4.1.2/../../../../nios2-elf/lib\libstdc++.a(new_handler.o)
                0x00803408                std::set_new_handler(void (*)())
                0x00803414                std::bad_alloc::~bad_alloc()
                0x00803448                std::bad_alloc::~bad_alloc()
                0x00803458                std::bad_alloc::~bad_alloc()
 .text          0x00803468      0x174 c:/logicielge1/altera/13.0sp1/nios2eds/bin/gnu/h-i686-mingw32/bin/../lib/gcc/nios2-elf/4.1.2/../../../../nios2-elf/lib\libstdc++.a(eh_alloc.o)
                0x00803468                __cxa_free_exception
                0x008034a8                __cxa_allocate_exception
 .text          0x008035dc       0x58 c:/logicielge1/altera/13.0sp1/nios2eds/bin/gnu/h-i686-mingw32/bin/../lib/gcc/nios2-elf/4.1.2/../../../../nios2-elf/lib\libstdc++.a(tinfo.o)
                0x008035dc                std::type_info::__is_pointer_p() const
                0x008035e4                std::type_info::__is_function_p() const
                0x008035ec                std::type_info::__do_catch(std::type_info const*, void**, unsigned int) const
                0x008035fc                std::type_info::__do_upcast(__cxxabiv1::__class_type_info const*, void**) const
                0x00803604                std::type_info::~type_info()
                0x00803614                std::type_info::~type_info()
                0x00803624                std::type_info::~type_info()
 .text          0x00803634       0xdc c:/logicielge1/altera/13.0sp1/nios2eds/bin/gnu/h-i686-mingw32/bin/../lib/gcc/nios2-elf/4.1.2/../../../../nios2-elf/lib\libstdc++.a(pointer_type_info.o)
                0x00803634                __cxxabiv1::__pointer_type_info::__is_pointer_p() const
                0x0080363c                __cxxabiv1::__pointer_type_info::__pointer_catch(__cxxabiv1::__pbase_type_info const*, void**, unsigned int) const
                0x008036bc                __cxxabiv1::__pointer_type_info::~__pointer_type_info()
                0x008036f0                __cxxabiv1::__pointer_type_info::~__pointer_type_info()
                0x00803700                __cxxabiv1::__pointer_type_info::~__pointer_type_info()
 .text          0x00803710      0x104 c:/logicielge1/altera/13.0sp1/nios2eds/bin/gnu/h-i686-mingw32/bin/../lib/gcc/nios2-elf/4.1.2/../../../../nios2-elf/lib\libstdc++.a(pbase_type_info.o)
                0x00803710                __cxxabiv1::__pbase_type_info::__do_catch(std::type_info const*, void**, unsigned int) const
                0x008037c0                __cxxabiv1::__pbase_type_info::~__pbase_type_info()
                0x008037f4                __cxxabiv1::__pbase_type_info::~__pbase_type_info()
                0x00803804                __cxxabiv1::__pbase_type_info::~__pbase_type_info()
 .text._ZNK10__cxxabiv117__pbase_type_info15__pointer_catchEPKS0_PPvj
                0x00803814       0x30 c:/logicielge1/altera/13.0sp1/nios2eds/bin/gnu/h-i686-mingw32/bin/../lib/gcc/nios2-elf/4.1.2/../../../../nios2-elf/lib\libstdc++.a(pbase_type_info.o)
                0x00803814                __cxxabiv1::__pbase_type_info::__pointer_catch(__cxxabiv1::__pbase_type_info const*, void**, unsigned int) const
 .text          0x00803844      0x548 c:/logicielge1/altera/13.0sp1/nios2eds/bin/gnu/h-i686-mingw32/bin/../lib/gcc/nios2-elf/4.1.2\libgcc.a(unwind-sjlj.o)
                0x00803844                _Unwind_SjLj_Register
                0x00803854                _Unwind_SjLj_Unregister
                0x00803860                _Unwind_GetGR
                0x00803878                _Unwind_GetCFA
                0x0080388c                _Unwind_SetGR
                0x008038a4                _Unwind_GetIP
                0x008038b4                _Unwind_GetIPInfo
                0x008038c8                _Unwind_SetIP
                0x008038d8                _Unwind_GetLanguageSpecificData
                0x008038e4                _Unwind_GetRegionStart
                0x008038ec                _Unwind_FindEnclosingFunction
                0x008038f4                _Unwind_GetDataRelBase
                0x008038fc                _Unwind_GetTextRelBase
                0x00803a04                _Unwind_DeleteException
                0x00803b10                _Unwind_SjLj_Resume
                0x00803b6c                _Unwind_SjLj_RaiseException
                0x00803c64                _Unwind_SjLj_ForcedUnwind
                0x00803cb4                _Unwind_Backtrace
                0x00803d34                _Unwind_SjLj_Resume_or_Rethrow
 .text          0x00803d8c       0x18 c:/logicielge1/altera/13.0sp1/nios2eds/bin/gnu/h-i686-mingw32/bin/../lib/gcc/nios2-elf/4.1.2/../../../../nios2-elf/lib\libc.a(lib_a-abort.o)
                0x00803d8c                abort
 .text          0x00803da4       0x28 c:/logicielge1/altera/13.0sp1/nios2eds/bin/gnu/h-i686-mingw32/bin/../lib/gcc/nios2-elf/4.1.2/../../../../nios2-elf/lib\libc.a(lib_a-malloc.o)
                0x00803da4                free
                0x00803db8                malloc
 .text          0x00803dcc      0x740 c:/logicielge1/altera/13.0sp1/nios2eds/bin/gnu/h-i686-mingw32/bin/../lib/gcc/nios2-elf/4.1.2/../../../../nios2-elf/lib\libc.a(lib_a-mallocr.o)
                0x00803dcc                _malloc_r
 .text          0x0080450c       0x98 c:/logicielge1/altera/13.0sp1/nios2eds/bin/gnu/h-i686-mingw32/bin/../lib/gcc/nios2-elf/4.1.2/../../../../nios2-elf/lib\libc.a(lib_a-memset.o)
                0x0080450c                memset
 .text          0x008045a4       0x70 c:/logicielge1/altera/13.0sp1/nios2eds/bin/gnu/h-i686-mingw32/bin/../lib/gcc/nios2-elf/4.1.2/../../../../nios2-elf/lib\libc.a(lib_a-sbrkr.o)
                0x008045a4                _sbrk_r
 .text          0x00804614      0x2d8 c:/logicielge1/altera/13.0sp1/nios2eds/bin/gnu/h-i686-mingw32/bin/../lib/gcc/nios2-elf/4.1.2/../../../../nios2-elf/lib\libc.a(lib_a-signal.o)
                0x00804614                _raise_r
                0x008046e0                raise
                0x008046f4                _init_signal_r
                0x00804758                _init_signal
                0x00804768                __sigtramp_r
                0x0080481c                __sigtramp
                0x00804830                _signal_r
                0x008048d0                signal
 .text          0x008048ec       0x78 c:/logicielge1/altera/13.0sp1/nios2eds/bin/gnu/h-i686-mingw32/bin/../lib/gcc/nios2-elf/4.1.2/../../../../nios2-elf/lib\libc.a(lib_a-signalr.o)
                0x008048ec                _getpid_r
                0x008048f0                _kill_r
 .text          0x00804964       0x74 c:/logicielge1/altera/13.0sp1/nios2eds/bin/gnu/h-i686-mingw32/bin/../lib/gcc/nios2-elf/4.1.2/../../../../nios2-elf/lib\libc.a(lib_a-strlen.o)
                0x00804964                strlen
 .text          0x008049d8       0xf4 c:/logicielge1/altera/13.0sp1/nios2eds/bin/gnu/h-i686-mingw32/bin/../lib/gcc/nios2-elf/4.1.2/../../../../nios2-elf/lib\libc.a(lib_a-vsnprintf.o)
                0x008049d8                _vsnprintf_r
                0x00804a8c                vsnprintf
 .text          0x00804acc      0x440 c:/logicielge1/altera/13.0sp1/nios2eds/bin/gnu/h-i686-mingw32/bin/../lib/gcc/nios2-elf/4.1.2/../../../../nios2-elf/lib\libc.a(lib_a-freer.o)
                0x00804acc                _malloc_trim_r
                0x00804bf8                _free_r
 .text          0x00804f0c        0x0 c:/logicielge1/altera/13.0sp1/nios2eds/bin/gnu/h-i686-mingw32/bin/../lib/gcc/nios2-elf/4.1.2/../../../../nios2-elf/lib\libc.a(lib_a-impure.o)
 .text          0x00804f0c        0x0 c:/logicielge1/altera/13.0sp1/nios2eds/bin/gnu/h-i686-mingw32/bin/../lib/gcc/nios2-elf/4.1.2/../../../../nios2-elf/lib\libc.a(lib_a-int_errno.o)
 .text          0x00804f0c     0x1f28 c:/logicielge1/altera/13.0sp1/nios2eds/bin/gnu/h-i686-mingw32/bin/../lib/gcc/nios2-elf/4.1.2/../../../../nios2-elf/lib\libc.a(lib_a-vfprintf.o)
                0x00804f64                ___vfprintf_internal_r
                0x00806e10                __vfprintf_internal
 .text          0x00806e34      0x13c c:/logicielge1/altera/13.0sp1/nios2eds/bin/gnu/h-i686-mingw32/bin/../lib/gcc/nios2-elf/4.1.2/../../../../nios2-elf/lib\libc.a(lib_a-wsetup.o)
                0x00806e34                __swsetup_r
 .text          0x00806f70     0x17cc c:/logicielge1/altera/13.0sp1/nios2eds/bin/gnu/h-i686-mingw32/bin/../lib/gcc/nios2-elf/4.1.2/../../../../nios2-elf/lib\libc.a(lib_a-dtoa.o)
                0x00807188                _dtoa_r
 .text          0x0080873c      0x230 c:/logicielge1/altera/13.0sp1/nios2eds/bin/gnu/h-i686-mingw32/bin/../lib/gcc/nios2-elf/4.1.2/../../../../nios2-elf/lib\libc.a(lib_a-fflush.o)
                0x0080873c                _fflush_r
                0x00808938                fflush
 .text          0x0080896c      0x2c0 c:/logicielge1/altera/13.0sp1/nios2eds/bin/gnu/h-i686-mingw32/bin/../lib/gcc/nios2-elf/4.1.2/../../../../nios2-elf/lib\libc.a(lib_a-findfp.o)
                0x008089c4                __sfp_lock_acquire
                0x008089c8                __sfp_lock_release
                0x008089cc                __sinit_lock_acquire
                0x008089d0                __sinit_lock_release
                0x008089d4                __sinit
                0x00808a88                __fp_unlock_all
                0x00808aa0                __fp_lock_all
                0x00808ab8                _cleanup_r
                0x00808ac4                _cleanup
                0x00808ad4                __sfmoreglue
                0x00808b3c                __sfp
 .text          0x00808c2c      0x49c c:/logicielge1/altera/13.0sp1/nios2eds/bin/gnu/h-i686-mingw32/bin/../lib/gcc/nios2-elf/4.1.2/../../../../nios2-elf/lib\libc.a(lib_a-fvwrite.o)
                0x00808c2c                __sfvwrite_r
 .text          0x008090c8      0x180 c:/logicielge1/altera/13.0sp1/nios2eds/bin/gnu/h-i686-mingw32/bin/../lib/gcc/nios2-elf/4.1.2/../../../../nios2-elf/lib\libc.a(lib_a-fwalk.o)
                0x008090c8                _fwalk_reent
                0x00809190                _fwalk
 .text          0x00809248       0xc4 c:/logicielge1/altera/13.0sp1/nios2eds/bin/gnu/h-i686-mingw32/bin/../lib/gcc/nios2-elf/4.1.2/../../../../nios2-elf/lib\libc.a(lib_a-locale.o)
                0x00809248                __locale_charset
                0x00809250                _localeconv_r
                0x0080925c                localeconv
                0x0080926c                _setlocale_r
                0x008092f0                setlocale
 .text          0x0080930c      0x194 c:/logicielge1/altera/13.0sp1/nios2eds/bin/gnu/h-i686-mingw32/bin/../lib/gcc/nios2-elf/4.1.2/../../../../nios2-elf/lib\libc.a(lib_a-makebuf.o)
                0x0080930c                __smakebuf_r
 .text          0x008094a0       0xe4 c:/logicielge1/altera/13.0sp1/nios2eds/bin/gnu/h-i686-mingw32/bin/../lib/gcc/nios2-elf/4.1.2/../../../../nios2-elf/lib\libc.a(lib_a-memchr.o)
                0x008094a0                memchr
 .text          0x00809584       0xa0 c:/logicielge1/altera/13.0sp1/nios2eds/bin/gnu/h-i686-mingw32/bin/../lib/gcc/nios2-elf/4.1.2/../../../../nios2-elf/lib\libc.a(lib_a-memcpy.o)
                0x00809584                memcpy
 .text          0x00809624       0xe0 c:/logicielge1/altera/13.0sp1/nios2eds/bin/gnu/h-i686-mingw32/bin/../lib/gcc/nios2-elf/4.1.2/../../../../nios2-elf/lib\libc.a(lib_a-memmove.o)
                0x00809624                memmove
 .text          0x00809704      0xff4 c:/logicielge1/altera/13.0sp1/nios2eds/bin/gnu/h-i686-mingw32/bin/../lib/gcc/nios2-elf/4.1.2/../../../../nios2-elf/lib\libc.a(lib_a-mprec.o)
                0x00809704                _Bfree
                0x0080972c                __hi0bits
                0x0080979c                __lo0bits
                0x00809860                __mcmp
                0x008098c0                __ulp
                0x00809940                __b2d
                0x00809a60                __ratio
                0x00809b10                _mprec_log10
                0x00809ba4                __copybits
                0x00809bfc                __any_on
                0x00809c84                _Balloc
                0x00809d40                __d2b
                0x00809ebc                __mdiff
                0x0080a048                __lshift
                0x0080a194                __multiply
                0x0080a37c                __i2b
                0x0080a3b8                __multadd
                0x0080a4b8                __pow5mult
                0x0080a5d8                __s2b
 .text          0x0080a6f8      0x5f4 c:/logicielge1/altera/13.0sp1/nios2eds/bin/gnu/h-i686-mingw32/bin/../lib/gcc/nios2-elf/4.1.2/../../../../nios2-elf/lib\libc.a(lib_a-reallocr.o)
                0x0080a6f8                _realloc_r
 .text          0x0080acec       0x40 c:/logicielge1/altera/13.0sp1/nios2eds/bin/gnu/h-i686-mingw32/bin/../lib/gcc/nios2-elf/4.1.2/../../../../nios2-elf/lib\libc.a(lib_a-s_isinfd.o)
                0x0080acec                __isinfd
 .text          0x0080ad2c       0x30 c:/logicielge1/altera/13.0sp1/nios2eds/bin/gnu/h-i686-mingw32/bin/../lib/gcc/nios2-elf/4.1.2/../../../../nios2-elf/lib\libc.a(lib_a-s_isnand.o)
                0x0080ad2c                __isnand
 .text          0x0080ad5c      0x14c c:/logicielge1/altera/13.0sp1/nios2eds/bin/gnu/h-i686-mingw32/bin/../lib/gcc/nios2-elf/4.1.2/../../../../nios2-elf/lib\libc.a(lib_a-stdio.o)
                0x0080ad5c                __sclose
                0x0080ad64                __sseek
                0x0080adcc                __swrite
                0x0080ae48                __sread
 .text          0x0080aea8       0xbc c:/logicielge1/altera/13.0sp1/nios2eds/bin/gnu/h-i686-mingw32/bin/../lib/gcc/nios2-elf/4.1.2/../../../../nios2-elf/lib\libc.a(lib_a-strcmp.o)
                0x0080aea8                strcmp
 .text          0x0080af64       0x78 c:/logicielge1/altera/13.0sp1/nios2eds/bin/gnu/h-i686-mingw32/bin/../lib/gcc/nios2-elf/4.1.2/../../../../nios2-elf/lib\libc.a(lib_a-writer.o)
                0x0080af64                _write_r
 .text          0x0080afdc       0xb4 c:/logicielge1/altera/13.0sp1/nios2eds/bin/gnu/h-i686-mingw32/bin/../lib/gcc/nios2-elf/4.1.2/../../../../nios2-elf/lib\libc.a(lib_a-callocr.o)
                0x0080afdc                _calloc_r
 .text          0x0080b090       0x70 c:/logicielge1/altera/13.0sp1/nios2eds/bin/gnu/h-i686-mingw32/bin/../lib/gcc/nios2-elf/4.1.2/../../../../nios2-elf/lib\libc.a(lib_a-closer.o)
                0x0080b090                _close_r
 .text          0x0080b100      0x124 c:/logicielge1/altera/13.0sp1/nios2eds/bin/gnu/h-i686-mingw32/bin/../lib/gcc/nios2-elf/4.1.2/../../../../nios2-elf/lib\libc.a(lib_a-fclose.o)
                0x0080b100                _fclose_r
                0x0080b210                fclose
 .text          0x0080b224       0x74 c:/logicielge1/altera/13.0sp1/nios2eds/bin/gnu/h-i686-mingw32/bin/../lib/gcc/nios2-elf/4.1.2/../../../../nios2-elf/lib\libc.a(lib_a-fstatr.o)
                0x0080b224                _fstat_r
 .text          0x0080b298       0x70 c:/logicielge1/altera/13.0sp1/nios2eds/bin/gnu/h-i686-mingw32/bin/../lib/gcc/nios2-elf/4.1.2/../../../../nios2-elf/lib\libc.a(lib_a-isattyr.o)
                0x0080b298                _isatty_r
 .text          0x0080b308       0x78 c:/logicielge1/altera/13.0sp1/nios2eds/bin/gnu/h-i686-mingw32/bin/../lib/gcc/nios2-elf/4.1.2/../../../../nios2-elf/lib\libc.a(lib_a-lseekr.o)
                0x0080b308                _lseek_r
 .text          0x0080b380       0x78 c:/logicielge1/altera/13.0sp1/nios2eds/bin/gnu/h-i686-mingw32/bin/../lib/gcc/nios2-elf/4.1.2/../../../../nios2-elf/lib\libc.a(lib_a-readr.o)
                0x0080b380                _read_r
 .text          0x0080b3f8      0x5dc c:/logicielge1/altera/13.0sp1/nios2eds/bin/gnu/h-i686-mingw32/bin/../lib/gcc/nios2-elf/4.1.2\libgcc.a(_udivdi3.o)
                0x0080b3f8                __udivdi3
 .text          0x0080b9d4      0x5b0 c:/logicielge1/altera/13.0sp1/nios2eds/bin/gnu/h-i686-mingw32/bin/../lib/gcc/nios2-elf/4.1.2\libgcc.a(_umoddi3.o)
                0x0080b9d4                __umoddi3
 .text          0x0080bf84      0x504 c:/logicielge1/altera/13.0sp1/nios2eds/bin/gnu/h-i686-mingw32/bin/../lib/gcc/nios2-elf/4.1.2\libgcc.a(_addsub_df.o)
                0x0080c394                __subdf3
                0x0080c414                __adddf3
 .text          0x0080c488      0x3c4 c:/logicielge1/altera/13.0sp1/nios2eds/bin/gnu/h-i686-mingw32/bin/../lib/gcc/nios2-elf/4.1.2\libgcc.a(_mul_df.o)
                0x0080c488                __muldf3
 .text          0x0080c84c      0x258 c:/logicielge1/altera/13.0sp1/nios2eds/bin/gnu/h-i686-mingw32/bin/../lib/gcc/nios2-elf/4.1.2\libgcc.a(_div_df.o)
                0x0080c84c                __divdf3
 .text          0x0080caa4       0x88 c:/logicielge1/altera/13.0sp1/nios2eds/bin/gnu/h-i686-mingw32/bin/../lib/gcc/nios2-elf/4.1.2\libgcc.a(_eq_df.o)
                0x0080caa4                __eqdf2
 .text          0x0080cb2c       0x88 c:/logicielge1/altera/13.0sp1/nios2eds/bin/gnu/h-i686-mingw32/bin/../lib/gcc/nios2-elf/4.1.2\libgcc.a(_ne_df.o)
                0x0080cb2c                __nedf2
 .text          0x0080cbb4       0x88 c:/logicielge1/altera/13.0sp1/nios2eds/bin/gnu/h-i686-mingw32/bin/../lib/gcc/nios2-elf/4.1.2\libgcc.a(_gt_df.o)
                0x0080cbb4                __gtdf2
 .text          0x0080cc3c       0x88 c:/logicielge1/altera/13.0sp1/nios2eds/bin/gnu/h-i686-mingw32/bin/../lib/gcc/nios2-elf/4.1.2\libgcc.a(_ge_df.o)
                0x0080cc3c                __gedf2
 .text          0x0080ccc4       0x88 c:/logicielge1/altera/13.0sp1/nios2eds/bin/gnu/h-i686-mingw32/bin/../lib/gcc/nios2-elf/4.1.2\libgcc.a(_lt_df.o)
                0x0080ccc4                __ltdf2
 .text          0x0080cd4c       0xf8 c:/logicielge1/altera/13.0sp1/nios2eds/bin/gnu/h-i686-mingw32/bin/../lib/gcc/nios2-elf/4.1.2\libgcc.a(_si_to_df.o)
                0x0080cd4c                __floatsidf
 .text          0x0080ce44       0xd8 c:/logicielge1/altera/13.0sp1/nios2eds/bin/gnu/h-i686-mingw32/bin/../lib/gcc/nios2-elf/4.1.2\libgcc.a(_df_to_si.o)
                0x0080ce44                __fixdfsi
 .text          0x0080cf1c        0x0 c:/logicielge1/altera/13.0sp1/nios2eds/bin/gnu/h-i686-mingw32/bin/../lib/gcc/nios2-elf/4.1.2\libgcc.a(_thenan_df.o)
 .text          0x0080cf1c      0x194 c:/logicielge1/altera/13.0sp1/nios2eds/bin/gnu/h-i686-mingw32/bin/../lib/gcc/nios2-elf/4.1.2\libgcc.a(_usi_to_df.o)
                0x0080cf1c                __floatunsidf
 .text          0x0080d0b0      0x14c c:/logicielge1/altera/13.0sp1/nios2eds/bin/gnu/h-i686-mingw32/bin/../lib/gcc/nios2-elf/4.1.2\libgcc.a(lib2-divmod.o)
                0x0080d12c                __divsi3
                0x0080d18c                __modsi3
                0x0080d1ec                __udivsi3
                0x0080d1f4                __umodsi3
 .text          0x0080d1fc       0x98 c:/logicielge1/altera/13.0sp1/nios2eds/bin/gnu/h-i686-mingw32/bin/../lib/gcc/nios2-elf/4.1.2\libgcc.a(_muldi3.o)
                0x0080d1fc                __muldi3
 .text          0x0080d294        0x0 c:/logicielge1/altera/13.0sp1/nios2eds/bin/gnu/h-i686-mingw32/bin/../lib/gcc/nios2-elf/4.1.2\libgcc.a(_clz.o)
 .text          0x0080d294       0x80 c:/logicielge1/altera/13.0sp1/nios2eds/bin/gnu/h-i686-mingw32/bin/../lib/gcc/nios2-elf/4.1.2\libgcc.a(_clzsi2.o)
                0x0080d294                __clzsi2
 .text          0x0080d314      0x314 c:/logicielge1/altera/13.0sp1/nios2eds/bin/gnu/h-i686-mingw32/bin/../lib/gcc/nios2-elf/4.1.2\libgcc.a(_pack_df.o)
                0x0080d314                __pack_d
 .text          0x0080d628      0x138 c:/logicielge1/altera/13.0sp1/nios2eds/bin/gnu/h-i686-mingw32/bin/../lib/gcc/nios2-elf/4.1.2\libgcc.a(_unpack_df.o)
                0x0080d628                __unpack_d
 .text          0x0080d760       0xc8 c:/logicielge1/altera/13.0sp1/nios2eds/bin/gnu/h-i686-mingw32/bin/../lib/gcc/nios2-elf/4.1.2\libgcc.a(_fpcmp_parts_df.o)
                0x0080d760                __fpcmp_parts_d
 .text          0x0080d828      0x15c ../cmv_controller_bsp/\libhal_bsp.a(alt_close.o)
                0x0080d828                close
 .text          0x0080d984       0x2c ../cmv_controller_bsp/\libhal_bsp.a(alt_dev.o)
 .text          0x0080d9b0        0x0 ../cmv_controller_bsp/\libhal_bsp.a(alt_errno.o)
 .text          0x0080d9b0       0x60 ../cmv_controller_bsp/\libhal_bsp.a(alt_exit.o)
                0x0080d9f0                _exit
 .text          0x0080da10      0x134 ../cmv_controller_bsp/\libhal_bsp.a(alt_fstat.o)
                0x0080da10                fstat
 .text          0x0080db44       0x20 ../cmv_controller_bsp/\libhal_bsp.a(alt_getpid.o)
                0x0080db44                getpid
 .text          0x0080db64      0x1c0 ../cmv_controller_bsp/\libhal_bsp.a(alt_irq_register.o)
                0x0080db64                alt_irq_register
 .text          0x0080dd24        0x0 ../cmv_controller_bsp/\libhal_bsp.a(alt_irq_vars.o)
 .text          0x0080dd24      0x120 ../cmv_controller_bsp/\libhal_bsp.a(alt_isatty.o)
                0x0080dd24                isatty
 .text          0x0080de44      0x1a0 ../cmv_controller_bsp/\libhal_bsp.a(alt_kill.o)
                0x0080de44                kill
 .text          0x0080dfe4       0xec ../cmv_controller_bsp/\libhal_bsp.a(alt_load.o)
                0x0080dfe4                alt_load
 .text          0x0080e0d0      0x150 ../cmv_controller_bsp/\libhal_bsp.a(alt_lseek.o)
                0x0080e0d0                lseek
 .text          0x0080e220       0x6c ../cmv_controller_bsp/\libhal_bsp.a(alt_main.o)
                0x0080e220                alt_main
 .text          0x0080e28c       0x40 ../cmv_controller_bsp/\libhal_bsp.a(alt_malloc_lock.o)
                0x0080e28c                __malloc_lock
                0x0080e2ac                __malloc_unlock
 .text          0x0080e2cc      0x180 ../cmv_controller_bsp/\libhal_bsp.a(alt_read.o)
                0x0080e2cc                read
 .text          0x0080e44c       0x60 ../cmv_controller_bsp/\libhal_bsp.a(alt_release_fd.o)
                0x0080e44c                alt_release_fd
 .text          0x0080e4ac       0xbc ../cmv_controller_bsp/\libhal_bsp.a(alt_sbrk.o)
                0x0080e4ac                sbrk
 .text          0x0080e568      0x180 ../cmv_controller_bsp/\libhal_bsp.a(alt_write.o)
                0x0080e568                write
 .text          0x0080e6e8       0xd0 ../cmv_controller_bsp/\libhal_bsp.a(alt_sys_init.o)
                0x0080e6e8                alt_irq_init
                0x0080e71c                alt_sys_init
 .text          0x0080e7b8      0x148 ../cmv_controller_bsp/\libhal_bsp.a(altera_avalon_jtag_uart_fd.o)
                0x0080e7b8                altera_avalon_jtag_uart_read_fd
                0x0080e810                altera_avalon_jtag_uart_write_fd
                0x0080e868                altera_avalon_jtag_uart_close_fd
                0x0080e8b0                altera_avalon_jtag_uart_ioctl_fd
 .text          0x0080e900      0x40c ../cmv_controller_bsp/\libhal_bsp.a(altera_avalon_jtag_uart_init.o)
                0x0080e900                altera_avalon_jtag_uart_init
                0x0080ec98                altera_avalon_jtag_uart_close
 .text          0x0080ed0c       0xf4 ../cmv_controller_bsp/\libhal_bsp.a(altera_avalon_jtag_uart_ioctl.o)
                0x0080ed0c                altera_avalon_jtag_uart_ioctl
 .text          0x0080ee00      0x224 ../cmv_controller_bsp/\libhal_bsp.a(altera_avalon_jtag_uart_read.o)
                0x0080ee00                altera_avalon_jtag_uart_read
 .text          0x0080f024      0x240 ../cmv_controller_bsp/\libhal_bsp.a(altera_avalon_jtag_uart_write.o)
                0x0080f024                altera_avalon_jtag_uart_write
 .text          0x0080f264      0x238 ../cmv_controller_bsp/\libhal_bsp.a(altera_avalon_spi.o)
                0x0080f264                alt_avalon_spi_command
 .text          0x0080f49c       0xf8 ../cmv_controller_bsp/\libhal_bsp.a(altera_avalon_uart_fd.o)
                0x0080f49c                altera_avalon_uart_read_fd
                0x0080f4f4                altera_avalon_uart_write_fd
                0x0080f54c                altera_avalon_uart_close_fd
 .text          0x0080f594      0x400 ../cmv_controller_bsp/\libhal_bsp.a(altera_avalon_uart_init.o)
                0x0080f594                altera_avalon_uart_init
                0x0080f934                altera_avalon_uart_close
 .text          0x0080f994      0x290 ../cmv_controller_bsp/\libhal_bsp.a(altera_avalon_uart_read.o)
                0x0080f994                altera_avalon_uart_read
 .text          0x0080fc24      0x228 ../cmv_controller_bsp/\libhal_bsp.a(altera_avalon_uart_write.o)
                0x0080fc24                altera_avalon_uart_write
 .text          0x0080fe4c      0x154 ../cmv_controller_bsp/\libhal_bsp.a(alt_alarm_start.o)
                0x0080fe4c                alt_alarm_start
 .text          0x0080ffa0       0x44 ../cmv_controller_bsp/\libhal_bsp.a(alt_dcache_flush_all.o)
                0x0080ffa0                alt_dcache_flush_all
 .text          0x0080ffe4      0x114 ../cmv_controller_bsp/\libhal_bsp.a(alt_dev_llist_insert.o)
                0x0080ffe4                alt_dev_llist_insert
 .text          0x008100f8       0x64 ../cmv_controller_bsp/\libhal_bsp.a(alt_do_ctors.o)
                0x008100f8                _do_ctors
 .text          0x0081015c       0x64 ../cmv_controller_bsp/\libhal_bsp.a(alt_do_dtors.o)
                0x0081015c                _do_dtors
 .text          0x008101c0       0x30 ../cmv_controller_bsp/\libhal_bsp.a(alt_icache_flush_all.o)
                0x008101c0                alt_icache_flush_all
 .text          0x008101f0      0x1d4 ../cmv_controller_bsp/\libhal_bsp.a(alt_iic.o)
                0x008101f0                alt_ic_isr_register
                0x00810240                alt_ic_irq_enable
                0x008102dc                alt_ic_irq_disable
                0x0081037c                alt_ic_irq_enabled
 .text          0x008103c4       0xf8 ../cmv_controller_bsp/\libhal_bsp.a(alt_iic_isr_register.o)
                0x008103c4                alt_iic_isr_register
 .text          0x008104bc      0x13c ../cmv_controller_bsp/\libhal_bsp.a(alt_io_redirect.o)
                0x00810580                alt_io_redirect
 .text          0x008105f8        0x0 ../cmv_controller_bsp/\libhal_bsp.a(alt_irq_entry.o)
 .text          0x008105f8        0x0 ../cmv_controller_bsp/\libhal_bsp.a(alt_irq_handler.o)
 .text          0x008105f8      0x2c4 ../cmv_controller_bsp/\libhal_bsp.a(alt_open.o)
                0x008106d4                open
 .text          0x008108bc      0x1a4 ../cmv_controller_bsp/\libhal_bsp.a(alt_tick.o)
                0x008108bc                alt_alarm_stop
                0x00810954                alt_tick
 .text          0x00810a60       0x20 ../cmv_controller_bsp/\libhal_bsp.a(altera_nios2_qsys_irq.o)
                0x00810a60                altera_nios2_qsys_irq_init
 .text          0x00810a80        0x0 ../cmv_controller_bsp/\libhal_bsp.a(alt_exception_entry.o)
 .text          0x00810a80       0x94 ../cmv_controller_bsp/\libhal_bsp.a(alt_find_dev.o)
                0x00810a80                alt_find_dev
 .text          0x00810b14      0x120 ../cmv_controller_bsp/\libhal_bsp.a(alt_find_file.o)
                0x00810b14                alt_find_file
 .text          0x00810c34       0xb8 ../cmv_controller_bsp/\libhal_bsp.a(alt_get_fd.o)
                0x00810c34                alt_get_fd
 .text          0x00810cec       0x90 ../cmv_controller_bsp/\libhal_bsp.a(alt_icache_flush.o)
                0x00810cec                alt_icache_flush
 .text          0x00810d7c       0x14 c:/logicielge1/altera/13.0sp1/nios2eds/bin/gnu/h-i686-mingw32/bin/../lib/gcc/nios2-elf/4.1.2/../../../../nios2-elf/lib\libc.a(lib_a-atexit.o)
                0x00810d7c                atexit
 .text          0x00810d90       0x38 c:/logicielge1/altera/13.0sp1/nios2eds/bin/gnu/h-i686-mingw32/bin/../lib/gcc/nios2-elf/4.1.2/../../../../nios2-elf/lib\libc.a(lib_a-exit.o)
                0x00810d90                exit
 .text          0x00810dc8       0x74 c:/logicielge1/altera/13.0sp1/nios2eds/bin/gnu/h-i686-mingw32/bin/../lib/gcc/nios2-elf/4.1.2/../../../../nios2-elf/lib\libc.a(lib_a-memcmp.o)
                0x00810dc8                memcmp
 .text          0x00810e3c      0x134 c:/logicielge1/altera/13.0sp1/nios2eds/bin/gnu/h-i686-mingw32/bin/../lib/gcc/nios2-elf/4.1.2/../../../../nios2-elf/lib\libc.a(lib_a-__atexit.o)
                0x00810e3c                __register_exitproc
 .text          0x00810f70      0x1b4 c:/logicielge1/altera/13.0sp1/nios2eds/bin/gnu/h-i686-mingw32/bin/../lib/gcc/nios2-elf/4.1.2/../../../../nios2-elf/lib\libc.a(lib_a-__call_atexit.o)
                0x00810f74                __call_exitprocs
 *(.gnu.warning.*)
 *(.fini)
                0x00811124                PROVIDE (__etext, ABSOLUTE (.))
                0x00811124                PROVIDE (_etext, ABSOLUTE (.))
                0x00811124                PROVIDE (etext, ABSOLUTE (.))
 *(.eh_frame_hdr)
                0x00811124                . = ALIGN (0x4)
                0x00811124                PROVIDE (__preinit_array_start, ABSOLUTE (.))
 *(.preinit_array)
                0x00811124                PROVIDE (__preinit_array_end, ABSOLUTE (.))
                0x00811124                PROVIDE (__init_array_start, ABSOLUTE (.))
 *(.init_array)
                0x00811124                PROVIDE (__init_array_end, ABSOLUTE (.))
                0x00811124                PROVIDE (__fini_array_start, ABSOLUTE (.))
 *(.fini_array)
                0x00811124                PROVIDE (__fini_array_end, ABSOLUTE (.))
 *(.eh_frame)
 *(.gcc_except_table)
 .gcc_except_table
                0x00811124        0xa obj/default/FSM.o
 .gcc_except_table
                0x0081112e       0x16 obj/default/controller/UART.o
 .gcc_except_table
                0x00811144        0x6 obj/default/main.o
 *fill*         0x0081114a        0x2 3a880100
 .gcc_except_table
                0x0081114c       0x14 c:/logicielge1/altera/13.0sp1/nios2eds/bin/gnu/h-i686-mingw32/bin/../lib/gcc/nios2-elf/4.1.2/../../../../nios2-elf/lib\libstdc++.a(new_opv.o)
 .gcc_except_table
                0x00811160       0x10 c:/logicielge1/altera/13.0sp1/nios2eds/bin/gnu/h-i686-mingw32/bin/../lib/gcc/nios2-elf/4.1.2/../../../../nios2-elf/lib\libstdc++.a(eh_catch.o)
 .gcc_except_table
                0x00811170       0x20 c:/logicielge1/altera/13.0sp1/nios2eds/bin/gnu/h-i686-mingw32/bin/../lib/gcc/nios2-elf/4.1.2/../../../../nios2-elf/lib\libstdc++.a(eh_personality.o)
 .gcc_except_table
                0x00811190       0x10 c:/logicielge1/altera/13.0sp1/nios2eds/bin/gnu/h-i686-mingw32/bin/../lib/gcc/nios2-elf/4.1.2/../../../../nios2-elf/lib\libstdc++.a(eh_terminate.o)
 .gcc_except_table
                0x008111a0       0x14 c:/logicielge1/altera/13.0sp1/nios2eds/bin/gnu/h-i686-mingw32/bin/../lib/gcc/nios2-elf/4.1.2/../../../../nios2-elf/lib\libstdc++.a(new_op.o)
 .gcc_except_table
                0x008111b4       0x10 c:/logicielge1/altera/13.0sp1/nios2eds/bin/gnu/h-i686-mingw32/bin/../lib/gcc/nios2-elf/4.1.2/../../../../nios2-elf/lib\libstdc++.a(eh_alloc.o)
 *(.dynamic)
                0x008111c4                PROVIDE (__CTOR_LIST__, ABSOLUTE (.))
 *(.ctors)
 *(SORT(.ctors.*))
 .ctors.65535   0x008111c4        0x4 c:/logicielge1/altera/13.0sp1/nios2eds/bin/gnu/h-i686-mingw32/bin/../lib/gcc/nios2-elf/4.1.2/../../../../nios2-elf/lib\libc.a(lib_a-__call_atexit.o)
                0x008111c8                PROVIDE (__CTOR_END__, ABSOLUTE (.))
                0x008111c8                PROVIDE (__DTOR_LIST__, ABSOLUTE (.))
 *(.dtors)
 *(SORT(.dtors.*))
                0x008111c8                PROVIDE (__DTOR_END__, ABSOLUTE (.))
 *(.jcr)
                0x008111c8                . = ALIGN (0x4)

.rodata         0x008111c8      0x8c4
                0x008111c8                PROVIDE (__ram_rodata_start, ABSOLUTE (.))
                0x008111c8                . = ALIGN (0x4)
 *(.rodata .rodata.* .gnu.linkonce.r.*)
 .rodata        0x008111c8       0x3c obj/default/FSM.o
 .rodata._ZTV3FSM
                0x00811204       0x10 obj/default/FSM.o
                0x00811204                vtable for FSM
 .rodata        0x00811214       0x10 obj/default/controller/PIO.o
 .rodata._ZTV3PIO
                0x00811224       0x14 obj/default/controller/PIO.o
                0x00811224                vtable for PIO
 .rodata._ZTV3SPI
                0x00811238       0x10 obj/default/controller/SPI.o
                0x00811238                vtable for SPI
 .rodata        0x00811248       0x3c obj/default/controller/UART.o
 .rodata._ZTV4UART
                0x00811284       0x10 obj/default/controller/UART.o
                0x00811284                vtable for UART
 .rodata._ZTV4FIFOIcE
                0x00811294       0x18 obj/default/controller/UART.o
                0x00811294                vtable for FIFO<char>
 .rodata._ZTS4FIFOIcE
                0x008112ac        0xc obj/default/controller/UART.o
                0x008112ac                typeinfo name for FIFO<char>
 .rodata._ZTVN10__cxxabiv117__class_type_infoE
                0x008112b8       0x2c c:/logicielge1/altera/13.0sp1/nios2eds/bin/gnu/h-i686-mingw32/bin/../lib/gcc/nios2-elf/4.1.2/../../../../nios2-elf/lib\libstdc++.a(class_type_info.o)
                0x008112b8                vtable for __cxxabiv1::__class_type_info
 .rodata._ZTSN10__cxxabiv117__class_type_infoE
                0x008112e4       0x24 c:/logicielge1/altera/13.0sp1/nios2eds/bin/gnu/h-i686-mingw32/bin/../lib/gcc/nios2-elf/4.1.2/../../../../nios2-elf/lib\libstdc++.a(class_type_info.o)
                0x008112e4                typeinfo name for __cxxabiv1::__class_type_info
 .rodata._ZTIN10__cxxabiv117__class_type_infoE
                0x00811308        0xc c:/logicielge1/altera/13.0sp1/nios2eds/bin/gnu/h-i686-mingw32/bin/../lib/gcc/nios2-elf/4.1.2/../../../../nios2-elf/lib\libstdc++.a(class_type_info.o)
                0x00811308                typeinfo for __cxxabiv1::__class_type_info
 .rodata._ZTVN10__cxxabiv120__si_class_type_infoE
                0x00811314       0x2c c:/logicielge1/altera/13.0sp1/nios2eds/bin/gnu/h-i686-mingw32/bin/../lib/gcc/nios2-elf/4.1.2/../../../../nios2-elf/lib\libstdc++.a(si_class_type_info.o)
                0x00811314                vtable for __cxxabiv1::__si_class_type_info
 .rodata._ZTSN10__cxxabiv120__si_class_type_infoE
                0x00811340       0x28 c:/logicielge1/altera/13.0sp1/nios2eds/bin/gnu/h-i686-mingw32/bin/../lib/gcc/nios2-elf/4.1.2/../../../../nios2-elf/lib\libstdc++.a(si_class_type_info.o)
                0x00811340                typeinfo name for __cxxabiv1::__si_class_type_info
 .rodata._ZTIN10__cxxabiv120__si_class_type_infoE
                0x00811368        0xc c:/logicielge1/altera/13.0sp1/nios2eds/bin/gnu/h-i686-mingw32/bin/../lib/gcc/nios2-elf/4.1.2/../../../../nios2-elf/lib\libstdc++.a(si_class_type_info.o)
                0x00811368                typeinfo for __cxxabiv1::__si_class_type_info
 .rodata._ZTVSt13bad_exception
                0x00811374       0x14 c:/logicielge1/altera/13.0sp1/nios2eds/bin/gnu/h-i686-mingw32/bin/../lib/gcc/nios2-elf/4.1.2/../../../../nios2-elf/lib\libstdc++.a(eh_exception.o)
                0x00811374                vtable for std::bad_exception
 .rodata._ZTVSt9exception
                0x00811388       0x14 c:/logicielge1/altera/13.0sp1/nios2eds/bin/gnu/h-i686-mingw32/bin/../lib/gcc/nios2-elf/4.1.2/../../../../nios2-elf/lib\libstdc++.a(eh_exception.o)
                0x00811388                vtable for std::exception
 .rodata._ZTSSt13bad_exception
                0x0081139c       0x14 c:/logicielge1/altera/13.0sp1/nios2eds/bin/gnu/h-i686-mingw32/bin/../lib/gcc/nios2-elf/4.1.2/../../../../nios2-elf/lib\libstdc++.a(eh_exception.o)
                0x0081139c                typeinfo name for std::bad_exception
 .rodata._ZTISt13bad_exception
                0x008113b0        0xc c:/logicielge1/altera/13.0sp1/nios2eds/bin/gnu/h-i686-mingw32/bin/../lib/gcc/nios2-elf/4.1.2/../../../../nios2-elf/lib\libstdc++.a(eh_exception.o)
                0x008113b0                typeinfo for std::bad_exception
 .rodata._ZTSSt9exception
                0x008113bc       0x10 c:/logicielge1/altera/13.0sp1/nios2eds/bin/gnu/h-i686-mingw32/bin/../lib/gcc/nios2-elf/4.1.2/../../../../nios2-elf/lib\libstdc++.a(eh_exception.o)
                0x008113bc                typeinfo name for std::exception
 .rodata._ZTVN10__cxxabiv123__fundamental_type_infoE
                0x008113cc       0x20 c:/logicielge1/altera/13.0sp1/nios2eds/bin/gnu/h-i686-mingw32/bin/../lib/gcc/nios2-elf/4.1.2/../../../../nios2-elf/lib\libstdc++.a(fundamental_type_info.o)
                0x008113cc                vtable for __cxxabiv1::__fundamental_type_info
 .rodata._ZTIPKe
                0x008113ec       0x10 c:/logicielge1/altera/13.0sp1/nios2eds/bin/gnu/h-i686-mingw32/bin/../lib/gcc/nios2-elf/4.1.2/../../../../nios2-elf/lib\libstdc++.a(fundamental_type_info.o)
                0x008113ec                typeinfo for long double const*
 .rodata._ZTIPe
                0x008113fc       0x10 c:/logicielge1/altera/13.0sp1/nios2eds/bin/gnu/h-i686-mingw32/bin/../lib/gcc/nios2-elf/4.1.2/../../../../nios2-elf/lib\libstdc++.a(fundamental_type_info.o)
                0x008113fc                typeinfo for long double*
 .rodata._ZTIPKd
                0x0081140c       0x10 c:/logicielge1/altera/13.0sp1/nios2eds/bin/gnu/h-i686-mingw32/bin/../lib/gcc/nios2-elf/4.1.2/../../../../nios2-elf/lib\libstdc++.a(fundamental_type_info.o)
                0x0081140c                typeinfo for double const*
 .rodata._ZTIPd
                0x0081141c       0x10 c:/logicielge1/altera/13.0sp1/nios2eds/bin/gnu/h-i686-mingw32/bin/../lib/gcc/nios2-elf/4.1.2/../../../../nios2-elf/lib\libstdc++.a(fundamental_type_info.o)
                0x0081141c                typeinfo for double*
 .rodata._ZTIPKf
                0x0081142c       0x10 c:/logicielge1/altera/13.0sp1/nios2eds/bin/gnu/h-i686-mingw32/bin/../lib/gcc/nios2-elf/4.1.2/../../../../nios2-elf/lib\libstdc++.a(fundamental_type_info.o)
                0x0081142c                typeinfo for float const*
 .rodata._ZTIPf
                0x0081143c       0x10 c:/logicielge1/altera/13.0sp1/nios2eds/bin/gnu/h-i686-mingw32/bin/../lib/gcc/nios2-elf/4.1.2/../../../../nios2-elf/lib\libstdc++.a(fundamental_type_info.o)
                0x0081143c                typeinfo for float*
 .rodata._ZTIPKy
                0x0081144c       0x10 c:/logicielge1/altera/13.0sp1/nios2eds/bin/gnu/h-i686-mingw32/bin/../lib/gcc/nios2-elf/4.1.2/../../../../nios2-elf/lib\libstdc++.a(fundamental_type_info.o)
                0x0081144c                typeinfo for unsigned long long const*
 .rodata._ZTIPy
                0x0081145c       0x10 c:/logicielge1/altera/13.0sp1/nios2eds/bin/gnu/h-i686-mingw32/bin/../lib/gcc/nios2-elf/4.1.2/../../../../nios2-elf/lib\libstdc++.a(fundamental_type_info.o)
                0x0081145c                typeinfo for unsigned long long*
 .rodata._ZTIPKx
                0x0081146c       0x10 c:/logicielge1/altera/13.0sp1/nios2eds/bin/gnu/h-i686-mingw32/bin/../lib/gcc/nios2-elf/4.1.2/../../../../nios2-elf/lib\libstdc++.a(fundamental_type_info.o)
                0x0081146c                typeinfo for long long const*
 .rodata._ZTIPx
                0x0081147c       0x10 c:/logicielge1/altera/13.0sp1/nios2eds/bin/gnu/h-i686-mingw32/bin/../lib/gcc/nios2-elf/4.1.2/../../../../nios2-elf/lib\libstdc++.a(fundamental_type_info.o)
                0x0081147c                typeinfo for long long*
 .rodata._ZTIPKm
                0x0081148c       0x10 c:/logicielge1/altera/13.0sp1/nios2eds/bin/gnu/h-i686-mingw32/bin/../lib/gcc/nios2-elf/4.1.2/../../../../nios2-elf/lib\libstdc++.a(fundamental_type_info.o)
                0x0081148c                typeinfo for unsigned long const*
 .rodata._ZTIPm
                0x0081149c       0x10 c:/logicielge1/altera/13.0sp1/nios2eds/bin/gnu/h-i686-mingw32/bin/../lib/gcc/nios2-elf/4.1.2/../../../../nios2-elf/lib\libstdc++.a(fundamental_type_info.o)
                0x0081149c                typeinfo for unsigned long*
 .rodata._ZTIPKl
                0x008114ac       0x10 c:/logicielge1/altera/13.0sp1/nios2eds/bin/gnu/h-i686-mingw32/bin/../lib/gcc/nios2-elf/4.1.2/../../../../nios2-elf/lib\libstdc++.a(fundamental_type_info.o)
                0x008114ac                typeinfo for long const*
 .rodata._ZTIPl
                0x008114bc       0x10 c:/logicielge1/altera/13.0sp1/nios2eds/bin/gnu/h-i686-mingw32/bin/../lib/gcc/nios2-elf/4.1.2/../../../../nios2-elf/lib\libstdc++.a(fundamental_type_info.o)
                0x008114bc                typeinfo for long*
 .rodata._ZTIPKj
                0x008114cc       0x10 c:/logicielge1/altera/13.0sp1/nios2eds/bin/gnu/h-i686-mingw32/bin/../lib/gcc/nios2-elf/4.1.2/../../../../nios2-elf/lib\libstdc++.a(fundamental_type_info.o)
                0x008114cc                typeinfo for unsigned int const*
 .rodata._ZTIPj
                0x008114dc       0x10 c:/logicielge1/altera/13.0sp1/nios2eds/bin/gnu/h-i686-mingw32/bin/../lib/gcc/nios2-elf/4.1.2/../../../../nios2-elf/lib\libstdc++.a(fundamental_type_info.o)
                0x008114dc                typeinfo for unsigned int*
 .rodata._ZTIPKi
                0x008114ec       0x10 c:/logicielge1/altera/13.0sp1/nios2eds/bin/gnu/h-i686-mingw32/bin/../lib/gcc/nios2-elf/4.1.2/../../../../nios2-elf/lib\libstdc++.a(fundamental_type_info.o)
                0x008114ec                typeinfo for int const*
 .rodata._ZTIPi
                0x008114fc       0x10 c:/logicielge1/altera/13.0sp1/nios2eds/bin/gnu/h-i686-mingw32/bin/../lib/gcc/nios2-elf/4.1.2/../../../../nios2-elf/lib\libstdc++.a(fundamental_type_info.o)
                0x008114fc                typeinfo for int*
 .rodata._ZTIPKt
                0x0081150c       0x10 c:/logicielge1/altera/13.0sp1/nios2eds/bin/gnu/h-i686-mingw32/bin/../lib/gcc/nios2-elf/4.1.2/../../../../nios2-elf/lib\libstdc++.a(fundamental_type_info.o)
                0x0081150c                typeinfo for unsigned short const*
 .rodata._ZTIPt
                0x0081151c       0x10 c:/logicielge1/altera/13.0sp1/nios2eds/bin/gnu/h-i686-mingw32/bin/../lib/gcc/nios2-elf/4.1.2/../../../../nios2-elf/lib\libstdc++.a(fundamental_type_info.o)
                0x0081151c                typeinfo for unsigned short*
 .rodata._ZTIPKs
                0x0081152c       0x10 c:/logicielge1/altera/13.0sp1/nios2eds/bin/gnu/h-i686-mingw32/bin/../lib/gcc/nios2-elf/4.1.2/../../../../nios2-elf/lib\libstdc++.a(fundamental_type_info.o)
                0x0081152c                typeinfo for short const*
 .rodata._ZTIPs
                0x0081153c       0x10 c:/logicielge1/altera/13.0sp1/nios2eds/bin/gnu/h-i686-mingw32/bin/../lib/gcc/nios2-elf/4.1.2/../../../../nios2-elf/lib\libstdc++.a(fundamental_type_info.o)
                0x0081153c                typeinfo for short*
 .rodata._ZTIPKh
                0x0081154c       0x10 c:/logicielge1/altera/13.0sp1/nios2eds/bin/gnu/h-i686-mingw32/bin/../lib/gcc/nios2-elf/4.1.2/../../../../nios2-elf/lib\libstdc++.a(fundamental_type_info.o)
                0x0081154c                typeinfo for unsigned char const*
 .rodata._ZTIPh
                0x0081155c       0x10 c:/logicielge1/altera/13.0sp1/nios2eds/bin/gnu/h-i686-mingw32/bin/../lib/gcc/nios2-elf/4.1.2/../../../../nios2-elf/lib\libstdc++.a(fundamental_type_info.o)
                0x0081155c                typeinfo for unsigned char*
 .rodata._ZTIPKa
                0x0081156c       0x10 c:/logicielge1/altera/13.0sp1/nios2eds/bin/gnu/h-i686-mingw32/bin/../lib/gcc/nios2-elf/4.1.2/../../../../nios2-elf/lib\libstdc++.a(fundamental_type_info.o)
                0x0081156c                typeinfo for signed char const*
 .rodata._ZTIPa
                0x0081157c       0x10 c:/logicielge1/altera/13.0sp1/nios2eds/bin/gnu/h-i686-mingw32/bin/../lib/gcc/nios2-elf/4.1.2/../../../../nios2-elf/lib\libstdc++.a(fundamental_type_info.o)
                0x0081157c                typeinfo for signed char*
 .rodata._ZTIPKc
                0x0081158c       0x10 c:/logicielge1/altera/13.0sp1/nios2eds/bin/gnu/h-i686-mingw32/bin/../lib/gcc/nios2-elf/4.1.2/../../../../nios2-elf/lib\libstdc++.a(fundamental_type_info.o)
                0x0081158c                typeinfo for char const*
 .rodata._ZTIPc
                0x0081159c       0x10 c:/logicielge1/altera/13.0sp1/nios2eds/bin/gnu/h-i686-mingw32/bin/../lib/gcc/nios2-elf/4.1.2/../../../../nios2-elf/lib\libstdc++.a(fundamental_type_info.o)
                0x0081159c                typeinfo for char*
 .rodata._ZTIPKw
                0x008115ac       0x10 c:/logicielge1/altera/13.0sp1/nios2eds/bin/gnu/h-i686-mingw32/bin/../lib/gcc/nios2-elf/4.1.2/../../../../nios2-elf/lib\libstdc++.a(fundamental_type_info.o)
                0x008115ac                typeinfo for wchar_t const*
 .rodata._ZTIPw
                0x008115bc       0x10 c:/logicielge1/altera/13.0sp1/nios2eds/bin/gnu/h-i686-mingw32/bin/../lib/gcc/nios2-elf/4.1.2/../../../../nios2-elf/lib\libstdc++.a(fundamental_type_info.o)
                0x008115bc                typeinfo for wchar_t*
 .rodata._ZTIPKb
                0x008115cc       0x10 c:/logicielge1/altera/13.0sp1/nios2eds/bin/gnu/h-i686-mingw32/bin/../lib/gcc/nios2-elf/4.1.2/../../../../nios2-elf/lib\libstdc++.a(fundamental_type_info.o)
                0x008115cc                typeinfo for bool const*
 .rodata._ZTIPb
                0x008115dc       0x10 c:/logicielge1/altera/13.0sp1/nios2eds/bin/gnu/h-i686-mingw32/bin/../lib/gcc/nios2-elf/4.1.2/../../../../nios2-elf/lib\libstdc++.a(fundamental_type_info.o)
                0x008115dc                typeinfo for bool*
 .rodata._ZTIPKv
                0x008115ec       0x10 c:/logicielge1/altera/13.0sp1/nios2eds/bin/gnu/h-i686-mingw32/bin/../lib/gcc/nios2-elf/4.1.2/../../../../nios2-elf/lib\libstdc++.a(fundamental_type_info.o)
                0x008115ec                typeinfo for void const*
 .rodata._ZTIPv
                0x008115fc       0x10 c:/logicielge1/altera/13.0sp1/nios2eds/bin/gnu/h-i686-mingw32/bin/../lib/gcc/nios2-elf/4.1.2/../../../../nios2-elf/lib\libstdc++.a(fundamental_type_info.o)
                0x008115fc                typeinfo for void*
 .rodata._ZTSN10__cxxabiv123__fundamental_type_infoE
                0x0081160c       0x28 c:/logicielge1/altera/13.0sp1/nios2eds/bin/gnu/h-i686-mingw32/bin/../lib/gcc/nios2-elf/4.1.2/../../../../nios2-elf/lib\libstdc++.a(fundamental_type_info.o)
                0x0081160c                typeinfo name for __cxxabiv1::__fundamental_type_info
 .rodata._ZTIN10__cxxabiv123__fundamental_type_infoE
                0x00811634        0xc c:/logicielge1/altera/13.0sp1/nios2eds/bin/gnu/h-i686-mingw32/bin/../lib/gcc/nios2-elf/4.1.2/../../../../nios2-elf/lib\libstdc++.a(fundamental_type_info.o)
                0x00811634                typeinfo for __cxxabiv1::__fundamental_type_info
 .rodata._ZTVSt9bad_alloc
                0x00811640       0x14 c:/logicielge1/altera/13.0sp1/nios2eds/bin/gnu/h-i686-mingw32/bin/../lib/gcc/nios2-elf/4.1.2/../../../../nios2-elf/lib\libstdc++.a(new_handler.o)
                0x00811640                vtable for std::bad_alloc
 .rodata._ZTSSt9bad_alloc
                0x00811654       0x10 c:/logicielge1/altera/13.0sp1/nios2eds/bin/gnu/h-i686-mingw32/bin/../lib/gcc/nios2-elf/4.1.2/../../../../nios2-elf/lib\libstdc++.a(new_handler.o)
                0x00811654                typeinfo name for std::bad_alloc
 .rodata._ZTISt9bad_alloc
                0x00811664        0xc c:/logicielge1/altera/13.0sp1/nios2eds/bin/gnu/h-i686-mingw32/bin/../lib/gcc/nios2-elf/4.1.2/../../../../nios2-elf/lib\libstdc++.a(new_handler.o)
                0x00811664                typeinfo for std::bad_alloc
 .rodata._ZTVSt9type_info
                0x00811670       0x20 c:/logicielge1/altera/13.0sp1/nios2eds/bin/gnu/h-i686-mingw32/bin/../lib/gcc/nios2-elf/4.1.2/../../../../nios2-elf/lib\libstdc++.a(tinfo.o)
                0x00811670                vtable for std::type_info
 .rodata._ZTSSt9type_info
                0x00811690       0x10 c:/logicielge1/altera/13.0sp1/nios2eds/bin/gnu/h-i686-mingw32/bin/../lib/gcc/nios2-elf/4.1.2/../../../../nios2-elf/lib\libstdc++.a(tinfo.o)
                0x00811690                typeinfo name for std::type_info
 .rodata._ZTVN10__cxxabiv119__pointer_type_infoE
                0x008116a0       0x24 c:/logicielge1/altera/13.0sp1/nios2eds/bin/gnu/h-i686-mingw32/bin/../lib/gcc/nios2-elf/4.1.2/../../../../nios2-elf/lib\libstdc++.a(pointer_type_info.o)
                0x008116a0                vtable for __cxxabiv1::__pointer_type_info
 .rodata._ZTSN10__cxxabiv119__pointer_type_infoE
                0x008116c4       0x24 c:/logicielge1/altera/13.0sp1/nios2eds/bin/gnu/h-i686-mingw32/bin/../lib/gcc/nios2-elf/4.1.2/../../../../nios2-elf/lib\libstdc++.a(pointer_type_info.o)
                0x008116c4                typeinfo name for __cxxabiv1::__pointer_type_info
 .rodata._ZTIN10__cxxabiv119__pointer_type_infoE
                0x008116e8        0xc c:/logicielge1/altera/13.0sp1/nios2eds/bin/gnu/h-i686-mingw32/bin/../lib/gcc/nios2-elf/4.1.2/../../../../nios2-elf/lib\libstdc++.a(pointer_type_info.o)
                0x008116e8                typeinfo for __cxxabiv1::__pointer_type_info
 .rodata._ZTVN10__cxxabiv117__pbase_type_infoE
                0x008116f4       0x24 c:/logicielge1/altera/13.0sp1/nios2eds/bin/gnu/h-i686-mingw32/bin/../lib/gcc/nios2-elf/4.1.2/../../../../nios2-elf/lib\libstdc++.a(pbase_type_info.o)
                0x008116f4                vtable for __cxxabiv1::__pbase_type_info
 .rodata._ZTSN10__cxxabiv117__pbase_type_infoE
                0x00811718       0x24 c:/logicielge1/altera/13.0sp1/nios2eds/bin/gnu/h-i686-mingw32/bin/../lib/gcc/nios2-elf/4.1.2/../../../../nios2-elf/lib\libstdc++.a(pbase_type_info.o)
                0x00811718                typeinfo name for __cxxabiv1::__pbase_type_info
 .rodata._ZTIN10__cxxabiv117__pbase_type_infoE
                0x0081173c        0xc c:/logicielge1/altera/13.0sp1/nios2eds/bin/gnu/h-i686-mingw32/bin/../lib/gcc/nios2-elf/4.1.2/../../../../nios2-elf/lib\libstdc++.a(pbase_type_info.o)
                0x0081173c                typeinfo for __cxxabiv1::__pbase_type_info
 .rodata.str1.4
                0x00811748        0x2 c:/logicielge1/altera/13.0sp1/nios2eds/bin/gnu/h-i686-mingw32/bin/../lib/gcc/nios2-elf/4.1.2/../../../../nios2-elf/lib\libc.a(lib_a-impure.o)
                                  0x4 (size before relaxing)
 *fill*         0x0081174a        0x2 00
 .rodata.str1.4
                0x0081174c       0x5e c:/logicielge1/altera/13.0sp1/nios2eds/bin/gnu/h-i686-mingw32/bin/../lib/gcc/nios2-elf/4.1.2/../../../../nios2-elf/lib\libc.a(lib_a-vfprintf.o)
                                 0x60 (size before relaxing)
 .rodata        0x008117aa       0x20 c:/logicielge1/altera/13.0sp1/nios2eds/bin/gnu/h-i686-mingw32/bin/../lib/gcc/nios2-elf/4.1.2/../../../../nios2-elf/lib\libc.a(lib_a-vfprintf.o)
 *fill*         0x008117ca        0x2 00
 .rodata.str1.4
                0x008117cc       0x10 c:/logicielge1/altera/13.0sp1/nios2eds/bin/gnu/h-i686-mingw32/bin/../lib/gcc/nios2-elf/4.1.2/../../../../nios2-elf/lib\libc.a(lib_a-dtoa.o)
                                 0x14 (size before relaxing)
 .rodata.str1.4
                0x008117dc       0x10 c:/logicielge1/altera/13.0sp1/nios2eds/bin/gnu/h-i686-mingw32/bin/../lib/gcc/nios2-elf/4.1.2/../../../../nios2-elf/lib\libc.a(lib_a-locale.o)
                                 0x18 (size before relaxing)
 .rodata        0x008117ec       0x30 c:/logicielge1/altera/13.0sp1/nios2eds/bin/gnu/h-i686-mingw32/bin/../lib/gcc/nios2-elf/4.1.2/../../../../nios2-elf/lib\libc.a(lib_a-locale.o)
 .rodata        0x0081181c      0x124 c:/logicielge1/altera/13.0sp1/nios2eds/bin/gnu/h-i686-mingw32/bin/../lib/gcc/nios2-elf/4.1.2/../../../../nios2-elf/lib\libc.a(lib_a-mprec.o)
                0x0081181c                __mprec_tens
                0x008118e4                __mprec_bigtens
                0x0081190c                __mprec_tinytens
 .rodata        0x00811940       0x14 c:/logicielge1/altera/13.0sp1/nios2eds/bin/gnu/h-i686-mingw32/bin/../lib/gcc/nios2-elf/4.1.2\libgcc.a(_thenan_df.o)
                0x00811940                __thenan_df
 .rodata        0x00811954      0x100 c:/logicielge1/altera/13.0sp1/nios2eds/bin/gnu/h-i686-mingw32/bin/../lib/gcc/nios2-elf/4.1.2\libgcc.a(_clz.o)
                0x00811954                __clz_tab
 .rodata        0x00811a54        0xc ../cmv_controller_bsp/\libhal_bsp.a(alt_dev.o)
 .rodata        0x00811a60       0x10 ../cmv_controller_bsp/\libhal_bsp.a(alt_main.o)
 .rodata        0x00811a70       0x1c ../cmv_controller_bsp/\libhal_bsp.a(alt_sys_init.o)
 *(.rodata1)
                0x00811a8c                . = ALIGN (0x4)
                0x00811a8c                PROVIDE (__ram_rodata_end, ABSOLUTE (.))
                0x008111c8                PROVIDE (__flash_rodata_start, LOADADDR (.rodata))

.rwdata         0x00811a8c     0x1cd8 load address 0x00813764
                0x00811a8c                PROVIDE (__ram_rwdata_start, ABSOLUTE (.))
                0x00811a8c                . = ALIGN (0x4)
 *(.got.plt)
 *(.got)
 *(.data1)
 *(.data .data.* .gnu.linkonce.d.*)
 .data          0x00811a8c        0x0 ../cmv_controller_bsp//obj/HAL/src/crt0.o
 .data          0x00811a8c        0x0 obj/default/FSM.o
 .data          0x00811a8c        0x0 obj/default/controller/PIO.o
 .data          0x00811a8c        0x0 obj/default/controller/SPI.o
 .data          0x00811a8c        0x0 obj/default/controller/UART.o
 .data          0x00811a8c        0x0 obj/default/main.o
 .data          0x00811a8c        0x0 c:/logicielge1/altera/13.0sp1/nios2eds/bin/gnu/h-i686-mingw32/bin/../lib/gcc/nios2-elf/4.1.2/../../../../nios2-elf/lib\libstdc++.a(eh_throw.o)
 .data          0x00811a8c        0x0 c:/logicielge1/altera/13.0sp1/nios2eds/bin/gnu/h-i686-mingw32/bin/../lib/gcc/nios2-elf/4.1.2/../../../../nios2-elf/lib\libstdc++.a(eh_term_handler.o)
 .data          0x00811a8c        0x0 c:/logicielge1/altera/13.0sp1/nios2eds/bin/gnu/h-i686-mingw32/bin/../lib/gcc/nios2-elf/4.1.2/../../../../nios2-elf/lib\libstdc++.a(new_opv.o)
 .data          0x00811a8c        0x0 c:/logicielge1/altera/13.0sp1/nios2eds/bin/gnu/h-i686-mingw32/bin/../lib/gcc/nios2-elf/4.1.2/../../../../nios2-elf/lib\libstdc++.a(eh_catch.o)
 .data          0x00811a8c        0x0 c:/logicielge1/altera/13.0sp1/nios2eds/bin/gnu/h-i686-mingw32/bin/../lib/gcc/nios2-elf/4.1.2/../../../../nios2-elf/lib\libstdc++.a(del_op.o)
 .data          0x00811a8c        0x0 c:/logicielge1/altera/13.0sp1/nios2eds/bin/gnu/h-i686-mingw32/bin/../lib/gcc/nios2-elf/4.1.2/../../../../nios2-elf/lib\libstdc++.a(del_opv.o)
 .data          0x00811a8c        0x0 c:/logicielge1/altera/13.0sp1/nios2eds/bin/gnu/h-i686-mingw32/bin/../lib/gcc/nios2-elf/4.1.2/../../../../nios2-elf/lib\libstdc++.a(eh_unex_handler.o)
 .data          0x00811a8c        0x0 c:/logicielge1/altera/13.0sp1/nios2eds/bin/gnu/h-i686-mingw32/bin/../lib/gcc/nios2-elf/4.1.2/../../../../nios2-elf/lib\libstdc++.a(eh_personality.o)
 .data          0x00811a8c        0x0 c:/logicielge1/altera/13.0sp1/nios2eds/bin/gnu/h-i686-mingw32/bin/../lib/gcc/nios2-elf/4.1.2/../../../../nios2-elf/lib\libstdc++.a(class_type_info.o)
 .data          0x00811a8c        0x0 c:/logicielge1/altera/13.0sp1/nios2eds/bin/gnu/h-i686-mingw32/bin/../lib/gcc/nios2-elf/4.1.2/../../../../nios2-elf/lib\libstdc++.a(si_class_type_info.o)
 .data          0x00811a8c        0x0 c:/logicielge1/altera/13.0sp1/nios2eds/bin/gnu/h-i686-mingw32/bin/../lib/gcc/nios2-elf/4.1.2/../../../../nios2-elf/lib\libstdc++.a(eh_globals.o)
 .data          0x00811a8c        0x0 c:/logicielge1/altera/13.0sp1/nios2eds/bin/gnu/h-i686-mingw32/bin/../lib/gcc/nios2-elf/4.1.2/../../../../nios2-elf/lib\libstdc++.a(eh_terminate.o)
 .data          0x00811a8c        0x0 c:/logicielge1/altera/13.0sp1/nios2eds/bin/gnu/h-i686-mingw32/bin/../lib/gcc/nios2-elf/4.1.2/../../../../nios2-elf/lib\libstdc++.a(new_op.o)
 .data          0x00811a8c        0x0 c:/logicielge1/altera/13.0sp1/nios2eds/bin/gnu/h-i686-mingw32/bin/../lib/gcc/nios2-elf/4.1.2/../../../../nios2-elf/lib\libstdc++.a(eh_call.o)
 .data          0x00811a8c        0x0 c:/logicielge1/altera/13.0sp1/nios2eds/bin/gnu/h-i686-mingw32/bin/../lib/gcc/nios2-elf/4.1.2/../../../../nios2-elf/lib\libstdc++.a(eh_exception.o)
 .data          0x00811a8c        0x0 c:/logicielge1/altera/13.0sp1/nios2eds/bin/gnu/h-i686-mingw32/bin/../lib/gcc/nios2-elf/4.1.2/../../../../nios2-elf/lib\libstdc++.a(fundamental_type_info.o)
 .data          0x00811a8c        0x0 c:/logicielge1/altera/13.0sp1/nios2eds/bin/gnu/h-i686-mingw32/bin/../lib/gcc/nios2-elf/4.1.2/../../../../nios2-elf/lib\libstdc++.a(new_handler.o)
 .data          0x00811a8c        0x0 c:/logicielge1/altera/13.0sp1/nios2eds/bin/gnu/h-i686-mingw32/bin/../lib/gcc/nios2-elf/4.1.2/../../../../nios2-elf/lib\libstdc++.a(eh_alloc.o)
 .data          0x00811a8c        0x0 c:/logicielge1/altera/13.0sp1/nios2eds/bin/gnu/h-i686-mingw32/bin/../lib/gcc/nios2-elf/4.1.2/../../../../nios2-elf/lib\libstdc++.a(tinfo.o)
 .data          0x00811a8c        0x0 c:/logicielge1/altera/13.0sp1/nios2eds/bin/gnu/h-i686-mingw32/bin/../lib/gcc/nios2-elf/4.1.2/../../../../nios2-elf/lib\libstdc++.a(pointer_type_info.o)
 .data          0x00811a8c        0x0 c:/logicielge1/altera/13.0sp1/nios2eds/bin/gnu/h-i686-mingw32/bin/../lib/gcc/nios2-elf/4.1.2/../../../../nios2-elf/lib\libstdc++.a(pbase_type_info.o)
 .data          0x00811a8c        0x0 c:/logicielge1/altera/13.0sp1/nios2eds/bin/gnu/h-i686-mingw32/bin/../lib/gcc/nios2-elf/4.1.2\libgcc.a(unwind-sjlj.o)
 .data          0x00811a8c        0x0 c:/logicielge1/altera/13.0sp1/nios2eds/bin/gnu/h-i686-mingw32/bin/../lib/gcc/nios2-elf/4.1.2/../../../../nios2-elf/lib\libc.a(lib_a-abort.o)
 .data          0x00811a8c        0x0 c:/logicielge1/altera/13.0sp1/nios2eds/bin/gnu/h-i686-mingw32/bin/../lib/gcc/nios2-elf/4.1.2/../../../../nios2-elf/lib\libc.a(lib_a-malloc.o)
 .data          0x00811a8c      0x408 c:/logicielge1/altera/13.0sp1/nios2eds/bin/gnu/h-i686-mingw32/bin/../lib/gcc/nios2-elf/4.1.2/../../../../nios2-elf/lib\libc.a(lib_a-mallocr.o)
                0x00811a8c                __malloc_av_
 .data          0x00811e94        0x0 c:/logicielge1/altera/13.0sp1/nios2eds/bin/gnu/h-i686-mingw32/bin/../lib/gcc/nios2-elf/4.1.2/../../../../nios2-elf/lib\libc.a(lib_a-memset.o)
 .data          0x00811e94        0x0 c:/logicielge1/altera/13.0sp1/nios2eds/bin/gnu/h-i686-mingw32/bin/../lib/gcc/nios2-elf/4.1.2/../../../../nios2-elf/lib\libc.a(lib_a-sbrkr.o)
 .data          0x00811e94        0x0 c:/logicielge1/altera/13.0sp1/nios2eds/bin/gnu/h-i686-mingw32/bin/../lib/gcc/nios2-elf/4.1.2/../../../../nios2-elf/lib\libc.a(lib_a-signal.o)
 .data          0x00811e94        0x0 c:/logicielge1/altera/13.0sp1/nios2eds/bin/gnu/h-i686-mingw32/bin/../lib/gcc/nios2-elf/4.1.2/../../../../nios2-elf/lib\libc.a(lib_a-signalr.o)
 .data          0x00811e94        0x0 c:/logicielge1/altera/13.0sp1/nios2eds/bin/gnu/h-i686-mingw32/bin/../lib/gcc/nios2-elf/4.1.2/../../../../nios2-elf/lib\libc.a(lib_a-strlen.o)
 .data          0x00811e94        0x0 c:/logicielge1/altera/13.0sp1/nios2eds/bin/gnu/h-i686-mingw32/bin/../lib/gcc/nios2-elf/4.1.2/../../../../nios2-elf/lib\libc.a(lib_a-vsnprintf.o)
 .data          0x00811e94        0x0 c:/logicielge1/altera/13.0sp1/nios2eds/bin/gnu/h-i686-mingw32/bin/../lib/gcc/nios2-elf/4.1.2/../../../../nios2-elf/lib\libc.a(lib_a-freer.o)
 .data          0x00811e94      0x400 c:/logicielge1/altera/13.0sp1/nios2eds/bin/gnu/h-i686-mingw32/bin/../lib/gcc/nios2-elf/4.1.2/../../../../nios2-elf/lib\libc.a(lib_a-impure.o)
 .data          0x00812294        0x0 c:/logicielge1/altera/13.0sp1/nios2eds/bin/gnu/h-i686-mingw32/bin/../lib/gcc/nios2-elf/4.1.2/../../../../nios2-elf/lib\libc.a(lib_a-int_errno.o)
 .data          0x00812294        0x0 c:/logicielge1/altera/13.0sp1/nios2eds/bin/gnu/h-i686-mingw32/bin/../lib/gcc/nios2-elf/4.1.2/../../../../nios2-elf/lib\libc.a(lib_a-vfprintf.o)
 .data          0x00812294        0x0 c:/logicielge1/altera/13.0sp1/nios2eds/bin/gnu/h-i686-mingw32/bin/../lib/gcc/nios2-elf/4.1.2/../../../../nios2-elf/lib\libc.a(lib_a-wsetup.o)
 .data          0x00812294        0x0 c:/logicielge1/altera/13.0sp1/nios2eds/bin/gnu/h-i686-mingw32/bin/../lib/gcc/nios2-elf/4.1.2/../../../../nios2-elf/lib\libc.a(lib_a-dtoa.o)
 .data          0x00812294        0x0 c:/logicielge1/altera/13.0sp1/nios2eds/bin/gnu/h-i686-mingw32/bin/../lib/gcc/nios2-elf/4.1.2/../../../../nios2-elf/lib\libc.a(lib_a-fflush.o)
 .data          0x00812294        0x0 c:/logicielge1/altera/13.0sp1/nios2eds/bin/gnu/h-i686-mingw32/bin/../lib/gcc/nios2-elf/4.1.2/../../../../nios2-elf/lib\libc.a(lib_a-findfp.o)
 .data          0x00812294        0x0 c:/logicielge1/altera/13.0sp1/nios2eds/bin/gnu/h-i686-mingw32/bin/../lib/gcc/nios2-elf/4.1.2/../../../../nios2-elf/lib\libc.a(lib_a-fvwrite.o)
 .data          0x00812294        0x0 c:/logicielge1/altera/13.0sp1/nios2eds/bin/gnu/h-i686-mingw32/bin/../lib/gcc/nios2-elf/4.1.2/../../../../nios2-elf/lib\libc.a(lib_a-fwalk.o)
 .data          0x00812294        0xc c:/logicielge1/altera/13.0sp1/nios2eds/bin/gnu/h-i686-mingw32/bin/../lib/gcc/nios2-elf/4.1.2/../../../../nios2-elf/lib\libc.a(lib_a-locale.o)
                0x00812294                __lc_ctype
 .data          0x008122a0        0x0 c:/logicielge1/altera/13.0sp1/nios2eds/bin/gnu/h-i686-mingw32/bin/../lib/gcc/nios2-elf/4.1.2/../../../../nios2-elf/lib\libc.a(lib_a-makebuf.o)
 .data          0x008122a0        0x0 c:/logicielge1/altera/13.0sp1/nios2eds/bin/gnu/h-i686-mingw32/bin/../lib/gcc/nios2-elf/4.1.2/../../../../nios2-elf/lib\libc.a(lib_a-memchr.o)
 .data          0x008122a0        0x0 c:/logicielge1/altera/13.0sp1/nios2eds/bin/gnu/h-i686-mingw32/bin/../lib/gcc/nios2-elf/4.1.2/../../../../nios2-elf/lib\libc.a(lib_a-memcpy.o)
 .data          0x008122a0        0x0 c:/logicielge1/altera/13.0sp1/nios2eds/bin/gnu/h-i686-mingw32/bin/../lib/gcc/nios2-elf/4.1.2/../../../../nios2-elf/lib\libc.a(lib_a-memmove.o)
 .data          0x008122a0        0x0 c:/logicielge1/altera/13.0sp1/nios2eds/bin/gnu/h-i686-mingw32/bin/../lib/gcc/nios2-elf/4.1.2/../../../../nios2-elf/lib\libc.a(lib_a-mprec.o)
 .data          0x008122a0        0x0 c:/logicielge1/altera/13.0sp1/nios2eds/bin/gnu/h-i686-mingw32/bin/../lib/gcc/nios2-elf/4.1.2/../../../../nios2-elf/lib\libc.a(lib_a-reallocr.o)
 .data          0x008122a0        0x0 c:/logicielge1/altera/13.0sp1/nios2eds/bin/gnu/h-i686-mingw32/bin/../lib/gcc/nios2-elf/4.1.2/../../../../nios2-elf/lib\libc.a(lib_a-s_isinfd.o)
 .data          0x008122a0        0x0 c:/logicielge1/altera/13.0sp1/nios2eds/bin/gnu/h-i686-mingw32/bin/../lib/gcc/nios2-elf/4.1.2/../../../../nios2-elf/lib\libc.a(lib_a-s_isnand.o)
 .data          0x008122a0        0x0 c:/logicielge1/altera/13.0sp1/nios2eds/bin/gnu/h-i686-mingw32/bin/../lib/gcc/nios2-elf/4.1.2/../../../../nios2-elf/lib\libc.a(lib_a-stdio.o)
 .data          0x008122a0        0x0 c:/logicielge1/altera/13.0sp1/nios2eds/bin/gnu/h-i686-mingw32/bin/../lib/gcc/nios2-elf/4.1.2/../../../../nios2-elf/lib\libc.a(lib_a-strcmp.o)
 .data          0x008122a0        0x0 c:/logicielge1/altera/13.0sp1/nios2eds/bin/gnu/h-i686-mingw32/bin/../lib/gcc/nios2-elf/4.1.2/../../../../nios2-elf/lib\libc.a(lib_a-writer.o)
 .data          0x008122a0        0x0 c:/logicielge1/altera/13.0sp1/nios2eds/bin/gnu/h-i686-mingw32/bin/../lib/gcc/nios2-elf/4.1.2/../../../../nios2-elf/lib\libc.a(lib_a-callocr.o)
 .data          0x008122a0        0x0 c:/logicielge1/altera/13.0sp1/nios2eds/bin/gnu/h-i686-mingw32/bin/../lib/gcc/nios2-elf/4.1.2/../../../../nios2-elf/lib\libc.a(lib_a-closer.o)
 .data          0x008122a0        0x0 c:/logicielge1/altera/13.0sp1/nios2eds/bin/gnu/h-i686-mingw32/bin/../lib/gcc/nios2-elf/4.1.2/../../../../nios2-elf/lib\libc.a(lib_a-fclose.o)
 .data          0x008122a0        0x0 c:/logicielge1/altera/13.0sp1/nios2eds/bin/gnu/h-i686-mingw32/bin/../lib/gcc/nios2-elf/4.1.2/../../../../nios2-elf/lib\libc.a(lib_a-fstatr.o)
 .data          0x008122a0        0x0 c:/logicielge1/altera/13.0sp1/nios2eds/bin/gnu/h-i686-mingw32/bin/../lib/gcc/nios2-elf/4.1.2/../../../../nios2-elf/lib\libc.a(lib_a-isattyr.o)
 .data          0x008122a0        0x0 c:/logicielge1/altera/13.0sp1/nios2eds/bin/gnu/h-i686-mingw32/bin/../lib/gcc/nios2-elf/4.1.2/../../../../nios2-elf/lib\libc.a(lib_a-lseekr.o)
 .data          0x008122a0        0x0 c:/logicielge1/altera/13.0sp1/nios2eds/bin/gnu/h-i686-mingw32/bin/../lib/gcc/nios2-elf/4.1.2/../../../../nios2-elf/lib\libc.a(lib_a-readr.o)
 .data          0x008122a0        0x0 c:/logicielge1/altera/13.0sp1/nios2eds/bin/gnu/h-i686-mingw32/bin/../lib/gcc/nios2-elf/4.1.2\libgcc.a(_udivdi3.o)
 .data          0x008122a0        0x0 c:/logicielge1/altera/13.0sp1/nios2eds/bin/gnu/h-i686-mingw32/bin/../lib/gcc/nios2-elf/4.1.2\libgcc.a(_umoddi3.o)
 .data          0x008122a0        0x0 c:/logicielge1/altera/13.0sp1/nios2eds/bin/gnu/h-i686-mingw32/bin/../lib/gcc/nios2-elf/4.1.2\libgcc.a(_addsub_df.o)
 .data          0x008122a0        0x0 c:/logicielge1/altera/13.0sp1/nios2eds/bin/gnu/h-i686-mingw32/bin/../lib/gcc/nios2-elf/4.1.2\libgcc.a(_mul_df.o)
 .data          0x008122a0        0x0 c:/logicielge1/altera/13.0sp1/nios2eds/bin/gnu/h-i686-mingw32/bin/../lib/gcc/nios2-elf/4.1.2\libgcc.a(_div_df.o)
 .data          0x008122a0        0x0 c:/logicielge1/altera/13.0sp1/nios2eds/bin/gnu/h-i686-mingw32/bin/../lib/gcc/nios2-elf/4.1.2\libgcc.a(_eq_df.o)
 .data          0x008122a0        0x0 c:/logicielge1/altera/13.0sp1/nios2eds/bin/gnu/h-i686-mingw32/bin/../lib/gcc/nios2-elf/4.1.2\libgcc.a(_ne_df.o)
 .data          0x008122a0        0x0 c:/logicielge1/altera/13.0sp1/nios2eds/bin/gnu/h-i686-mingw32/bin/../lib/gcc/nios2-elf/4.1.2\libgcc.a(_gt_df.o)
 .data          0x008122a0        0x0 c:/logicielge1/altera/13.0sp1/nios2eds/bin/gnu/h-i686-mingw32/bin/../lib/gcc/nios2-elf/4.1.2\libgcc.a(_ge_df.o)
 .data          0x008122a0        0x0 c:/logicielge1/altera/13.0sp1/nios2eds/bin/gnu/h-i686-mingw32/bin/../lib/gcc/nios2-elf/4.1.2\libgcc.a(_lt_df.o)
 .data          0x008122a0        0x0 c:/logicielge1/altera/13.0sp1/nios2eds/bin/gnu/h-i686-mingw32/bin/../lib/gcc/nios2-elf/4.1.2\libgcc.a(_si_to_df.o)
 .data          0x008122a0        0x0 c:/logicielge1/altera/13.0sp1/nios2eds/bin/gnu/h-i686-mingw32/bin/../lib/gcc/nios2-elf/4.1.2\libgcc.a(_df_to_si.o)
 .data          0x008122a0        0x0 c:/logicielge1/altera/13.0sp1/nios2eds/bin/gnu/h-i686-mingw32/bin/../lib/gcc/nios2-elf/4.1.2\libgcc.a(_thenan_df.o)
 .data          0x008122a0        0x0 c:/logicielge1/altera/13.0sp1/nios2eds/bin/gnu/h-i686-mingw32/bin/../lib/gcc/nios2-elf/4.1.2\libgcc.a(_usi_to_df.o)
 .data          0x008122a0        0x0 c:/logicielge1/altera/13.0sp1/nios2eds/bin/gnu/h-i686-mingw32/bin/../lib/gcc/nios2-elf/4.1.2\libgcc.a(lib2-divmod.o)
 .data          0x008122a0        0x0 c:/logicielge1/altera/13.0sp1/nios2eds/bin/gnu/h-i686-mingw32/bin/../lib/gcc/nios2-elf/4.1.2\libgcc.a(_muldi3.o)
 .data          0x008122a0        0x0 c:/logicielge1/altera/13.0sp1/nios2eds/bin/gnu/h-i686-mingw32/bin/../lib/gcc/nios2-elf/4.1.2\libgcc.a(_clz.o)
 .data          0x008122a0        0x0 c:/logicielge1/altera/13.0sp1/nios2eds/bin/gnu/h-i686-mingw32/bin/../lib/gcc/nios2-elf/4.1.2\libgcc.a(_clzsi2.o)
 .data          0x008122a0        0x0 c:/logicielge1/altera/13.0sp1/nios2eds/bin/gnu/h-i686-mingw32/bin/../lib/gcc/nios2-elf/4.1.2\libgcc.a(_pack_df.o)
 .data          0x008122a0        0x0 c:/logicielge1/altera/13.0sp1/nios2eds/bin/gnu/h-i686-mingw32/bin/../lib/gcc/nios2-elf/4.1.2\libgcc.a(_unpack_df.o)
 .data          0x008122a0        0x0 c:/logicielge1/altera/13.0sp1/nios2eds/bin/gnu/h-i686-mingw32/bin/../lib/gcc/nios2-elf/4.1.2\libgcc.a(_fpcmp_parts_df.o)
 .data          0x008122a0        0x0 ../cmv_controller_bsp/\libhal_bsp.a(alt_close.o)
 .data          0x008122a0      0x1a8 ../cmv_controller_bsp/\libhal_bsp.a(alt_dev.o)
                0x008122a0                alt_dev_null
                0x008122c8                alt_fd_list
 .data          0x00812448        0x0 ../cmv_controller_bsp/\libhal_bsp.a(alt_errno.o)
 .data          0x00812448        0x0 ../cmv_controller_bsp/\libhal_bsp.a(alt_exit.o)
 .data          0x00812448        0x0 ../cmv_controller_bsp/\libhal_bsp.a(alt_fstat.o)
 .data          0x00812448        0x0 ../cmv_controller_bsp/\libhal_bsp.a(alt_getpid.o)
 .data          0x00812448        0x0 ../cmv_controller_bsp/\libhal_bsp.a(alt_irq_register.o)
 .data          0x00812448        0x0 ../cmv_controller_bsp/\libhal_bsp.a(alt_irq_vars.o)
 .data          0x00812448        0x0 ../cmv_controller_bsp/\libhal_bsp.a(alt_isatty.o)
 .data          0x00812448        0x0 ../cmv_controller_bsp/\libhal_bsp.a(alt_kill.o)
 .data          0x00812448        0x0 ../cmv_controller_bsp/\libhal_bsp.a(alt_load.o)
 .data          0x00812448        0x0 ../cmv_controller_bsp/\libhal_bsp.a(alt_lseek.o)
 .data          0x00812448        0x0 ../cmv_controller_bsp/\libhal_bsp.a(alt_main.o)
 .data          0x00812448        0x0 ../cmv_controller_bsp/\libhal_bsp.a(alt_malloc_lock.o)
 .data          0x00812448        0x0 ../cmv_controller_bsp/\libhal_bsp.a(alt_read.o)
 .data          0x00812448        0x0 ../cmv_controller_bsp/\libhal_bsp.a(alt_release_fd.o)
 .data          0x00812448        0x0 ../cmv_controller_bsp/\libhal_bsp.a(alt_sbrk.o)
 .data          0x00812448        0x0 ../cmv_controller_bsp/\libhal_bsp.a(alt_write.o)
 .data          0x00812448     0x1124 ../cmv_controller_bsp/\libhal_bsp.a(alt_sys_init.o)
 .data          0x0081356c        0x0 ../cmv_controller_bsp/\libhal_bsp.a(altera_avalon_jtag_uart_fd.o)
 .data          0x0081356c        0x0 ../cmv_controller_bsp/\libhal_bsp.a(altera_avalon_jtag_uart_init.o)
 .data          0x0081356c        0x0 ../cmv_controller_bsp/\libhal_bsp.a(altera_avalon_jtag_uart_ioctl.o)
 .data          0x0081356c        0x0 ../cmv_controller_bsp/\libhal_bsp.a(altera_avalon_jtag_uart_read.o)
 .data          0x0081356c        0x0 ../cmv_controller_bsp/\libhal_bsp.a(altera_avalon_jtag_uart_write.o)
 .data          0x0081356c        0x0 ../cmv_controller_bsp/\libhal_bsp.a(altera_avalon_spi.o)
 .data          0x0081356c        0x0 ../cmv_controller_bsp/\libhal_bsp.a(altera_avalon_uart_fd.o)
 .data          0x0081356c        0x0 ../cmv_controller_bsp/\libhal_bsp.a(altera_avalon_uart_init.o)
 .data          0x0081356c        0x0 ../cmv_controller_bsp/\libhal_bsp.a(altera_avalon_uart_read.o)
 .data          0x0081356c        0x0 ../cmv_controller_bsp/\libhal_bsp.a(altera_avalon_uart_write.o)
 .data          0x0081356c        0x0 ../cmv_controller_bsp/\libhal_bsp.a(alt_alarm_start.o)
 .data          0x0081356c        0x0 ../cmv_controller_bsp/\libhal_bsp.a(alt_dcache_flush_all.o)
 .data          0x0081356c        0x0 ../cmv_controller_bsp/\libhal_bsp.a(alt_dev_llist_insert.o)
 .data          0x0081356c        0x0 ../cmv_controller_bsp/\libhal_bsp.a(alt_do_ctors.o)
 .data          0x0081356c        0x0 ../cmv_controller_bsp/\libhal_bsp.a(alt_do_dtors.o)
 .data          0x0081356c        0x0 ../cmv_controller_bsp/\libhal_bsp.a(alt_icache_flush_all.o)
 .data          0x0081356c        0x0 ../cmv_controller_bsp/\libhal_bsp.a(alt_iic.o)
 .data          0x0081356c        0x0 ../cmv_controller_bsp/\libhal_bsp.a(alt_iic_isr_register.o)
 .data          0x0081356c        0x0 ../cmv_controller_bsp/\libhal_bsp.a(alt_io_redirect.o)
 .data          0x0081356c        0x0 ../cmv_controller_bsp/\libhal_bsp.a(alt_irq_entry.o)
 .data          0x0081356c        0x0 ../cmv_controller_bsp/\libhal_bsp.a(alt_irq_handler.o)
 .data          0x0081356c        0x0 ../cmv_controller_bsp/\libhal_bsp.a(alt_open.o)
 .data          0x0081356c        0x0 ../cmv_controller_bsp/\libhal_bsp.a(alt_tick.o)
 .data          0x0081356c        0x0 ../cmv_controller_bsp/\libhal_bsp.a(altera_nios2_qsys_irq.o)
 .data          0x0081356c        0x0 ../cmv_controller_bsp/\libhal_bsp.a(alt_exception_entry.o)
 .data          0x0081356c        0x0 ../cmv_controller_bsp/\libhal_bsp.a(alt_find_dev.o)
 .data          0x0081356c        0x0 ../cmv_controller_bsp/\libhal_bsp.a(alt_find_file.o)
 .data          0x0081356c        0x0 ../cmv_controller_bsp/\libhal_bsp.a(alt_get_fd.o)
 .data          0x0081356c        0x0 ../cmv_controller_bsp/\libhal_bsp.a(alt_icache_flush.o)
 .data          0x0081356c        0x0 c:/logicielge1/altera/13.0sp1/nios2eds/bin/gnu/h-i686-mingw32/bin/../lib/gcc/nios2-elf/4.1.2/../../../../nios2-elf/lib\libc.a(lib_a-atexit.o)
 .data          0x0081356c        0x0 c:/logicielge1/altera/13.0sp1/nios2eds/bin/gnu/h-i686-mingw32/bin/../lib/gcc/nios2-elf/4.1.2/../../../../nios2-elf/lib\libc.a(lib_a-exit.o)
 .data          0x0081356c        0x0 c:/logicielge1/altera/13.0sp1/nios2eds/bin/gnu/h-i686-mingw32/bin/../lib/gcc/nios2-elf/4.1.2/../../../../nios2-elf/lib\libc.a(lib_a-memcmp.o)
 .data          0x0081356c        0x0 c:/logicielge1/altera/13.0sp1/nios2eds/bin/gnu/h-i686-mingw32/bin/../lib/gcc/nios2-elf/4.1.2/../../../../nios2-elf/lib\libc.a(lib_a-__atexit.o)
 .data          0x0081356c        0x0 c:/logicielge1/altera/13.0sp1/nios2eds/bin/gnu/h-i686-mingw32/bin/../lib/gcc/nios2-elf/4.1.2/../../../../nios2-elf/lib\libc.a(lib_a-__call_atexit.o)
                0x0081b56c                _gp = ABSOLUTE ((. + 0x8000))
                0x0081b56c                PROVIDE (gp, _gp)
 *(.rwdata .rwdata.*)
 *(.sdata .sdata.* .gnu.linkonce.s.*)
 .sdata._ZTS3FSM
                0x0081356c        0x8 obj/default/FSM.o
                0x0081356c                typeinfo name for FSM
 .sdata._ZTI3FSM
                0x00813574        0x8 obj/default/FSM.o
                0x00813574                typeinfo for FSM
 .sdata._ZTS3PIO
                0x0081357c        0x8 obj/default/controller/PIO.o
                0x0081357c                typeinfo name for PIO
 .sdata._ZTI3PIO
                0x00813584        0x8 obj/default/controller/PIO.o
                0x00813584                typeinfo for PIO
 .sdata._ZTS3SPI
                0x0081358c        0x8 obj/default/controller/SPI.o
                0x0081358c                typeinfo name for SPI
 .sdata._ZTI3SPI
                0x00813594        0x8 obj/default/controller/SPI.o
                0x00813594                typeinfo for SPI
 .sdata._ZTS4UART
                0x0081359c        0x8 obj/default/controller/UART.o
                0x0081359c                typeinfo name for UART
 .sdata._ZTI4UART
                0x008135a4        0x8 obj/default/controller/UART.o
                0x008135a4                typeinfo for UART
 .sdata._ZTI4FIFOIcE
                0x008135ac        0x8 obj/default/controller/UART.o
                0x008135ac                typeinfo for FIFO<char>
 .sdata         0x008135b4        0x4 c:/logicielge1/altera/13.0sp1/nios2eds/bin/gnu/h-i686-mingw32/bin/../lib/gcc/nios2-elf/4.1.2/../../../../nios2-elf/lib\libstdc++.a(eh_term_handler.o)
                0x008135b4                __cxxabiv1::__terminate_handler
 .sdata         0x008135b8        0x4 c:/logicielge1/altera/13.0sp1/nios2eds/bin/gnu/h-i686-mingw32/bin/../lib/gcc/nios2-elf/4.1.2/../../../../nios2-elf/lib\libstdc++.a(eh_unex_handler.o)
                0x008135b8                __cxxabiv1::__unexpected_handler
 .sdata._ZTISt9exception
                0x008135bc        0x8 c:/logicielge1/altera/13.0sp1/nios2eds/bin/gnu/h-i686-mingw32/bin/../lib/gcc/nios2-elf/4.1.2/../../../../nios2-elf/lib\libstdc++.a(eh_exception.o)
                0x008135bc                typeinfo for std::exception
 .sdata._ZTIe   0x008135c4        0x8 c:/logicielge1/altera/13.0sp1/nios2eds/bin/gnu/h-i686-mingw32/bin/../lib/gcc/nios2-elf/4.1.2/../../../../nios2-elf/lib\libstdc++.a(fundamental_type_info.o)
                0x008135c4                typeinfo for long double
 .sdata._ZTId   0x008135cc        0x8 c:/logicielge1/altera/13.0sp1/nios2eds/bin/gnu/h-i686-mingw32/bin/../lib/gcc/nios2-elf/4.1.2/../../../../nios2-elf/lib\libstdc++.a(fundamental_type_info.o)
                0x008135cc                typeinfo for double