Archive member included because of file (symbol)

c:/logicielge1/altera/13.0sp1/nios2eds/bin/gnu/h-i686-mingw32/bin/../lib/gcc/nios2-elf/4.1.2/../../../../nios2-elf/lib\libstdc++.a(eh_throw.o)
                              obj/default/controller/UART.o (__cxa_throw)
c:/logicielge1/altera/13.0sp1/nios2eds/bin/gnu/h-i686-mingw32/bin/../lib/gcc/nios2-elf/4.1.2/../../../../nios2-elf/lib\libstdc++.a(eh_term_handler.o)
                              c:/logicielge1/altera/13.0sp1/nios2eds/bin/gnu/h-i686-mingw32/bin/../lib/gcc/nios2-elf/4.1.2/../../../../nios2-elf/lib\libstdc++.a(eh_throw.o) (__cxxabiv1::__terminate_handler)
c:/logicielge1/altera/13.0sp1/nios2eds/bin/gnu/h-i686-mingw32/bin/../lib/gcc/nios2-elf/4.1.2/../../../../nios2-elf/lib\libstdc++.a(new_opv.o)
                              obj/default/controller/UART.o (operator new[](unsigned long))
c:/logicielge1/altera/13.0sp1/nios2eds/bin/gnu/h-i686-mingw32/bin/../lib/gcc/nios2-elf/4.1.2/../../../../nios2-elf/lib\libstdc++.a(eh_catch.o)
                              c:/logicielge1/altera/13.0sp1/nios2eds/bin/gnu/h-i686-mingw32/bin/../lib/gcc/nios2-elf/4.1.2/../../../../nios2-elf/lib\libstdc++.a(eh_throw.o) (__cxa_begin_catch)
c:/logicielge1/altera/13.0sp1/nios2eds/bin/gnu/h-i686-mingw32/bin/../lib/gcc/nios2-elf/4.1.2/../../../../nios2-elf/lib\libstdc++.a(del_op.o)
                              obj/default/controller/SPI.o (operator delete(void*))
c:/logicielge1/altera/13.0sp1/nios2eds/bin/gnu/h-i686-mingw32/bin/../lib/gcc/nios2-elf/4.1.2/../../../../nios2-elf/lib\libstdc++.a(del_opv.o)
                              obj/default/controller/UART.o (operator delete[](void*))
c:/logicielge1/altera/13.0sp1/nios2eds/bin/gnu/h-i686-mingw32/bin/../lib/gcc/nios2-elf/4.1.2/../../../../nios2-elf/lib\libstdc++.a(eh_unex_handler.o)
                              c:/logicielge1/altera/13.0sp1/nios2eds/bin/gnu/h-i686-mingw32/bin/../lib/gcc/nios2-elf/4.1.2/../../../../nios2-elf/lib\libstdc++.a(eh_throw.o) (__cxxabiv1::__unexpected_handler)
c:/logicielge1/altera/13.0sp1/nios2eds/bin/gnu/h-i686-mingw32/bin/../lib/gcc/nios2-elf/4.1.2/../../../../nios2-elf/lib\libstdc++.a(eh_personality.o)
                              obj/default/controller/UART.o (__gxx_personality_sj0)
c:/logicielge1/altera/13.0sp1/nios2eds/bin/gnu/h-i686-mingw32/bin/../lib/gcc/nios2-elf/4.1.2/../../../../nios2-elf/lib\libstdc++.a(class_type_info.o)
                              obj/default/controller/SPI.o (vtable for __cxxabiv1::__class_type_info)
c:/logicielge1/altera/13.0sp1/nios2eds/bin/gnu/h-i686-mingw32/bin/../lib/gcc/nios2-elf/4.1.2/../../../../nios2-elf/lib\libstdc++.a(si_class_type_info.o)
                              c:/logicielge1/altera/13.0sp1/nios2eds/bin/gnu/h-i686-mingw32/bin/../lib/gcc/nios2-elf/4.1.2/../../../../nios2-elf/lib\libstdc++.a(class_type_info.o) (vtable for __cxxabiv1::__si_class_type_info)
c:/logicielge1/altera/13.0sp1/nios2eds/bin/gnu/h-i686-mingw32/bin/../lib/gcc/nios2-elf/4.1.2/../../../../nios2-elf/lib\libstdc++.a(eh_globals.o)
                              c:/logicielge1/altera/13.0sp1/nios2eds/bin/gnu/h-i686-mingw32/bin/../lib/gcc/nios2-elf/4.1.2/../../../../nios2-elf/lib\libstdc++.a(eh_catch.o) (__cxa_get_globals_fast)
c:/logicielge1/altera/13.0sp1/nios2eds/bin/gnu/h-i686-mingw32/bin/../lib/gcc/nios2-elf/4.1.2/../../../../nios2-elf/lib\libstdc++.a(eh_terminate.o)
                              c:/logicielge1/altera/13.0sp1/nios2eds/bin/gnu/h-i686-mingw32/bin/../lib/gcc/nios2-elf/4.1.2/../../../../nios2-elf/lib\libstdc++.a(eh_throw.o) (__cxxabiv1::__terminate(void (*)()))
c:/logicielge1/altera/13.0sp1/nios2eds/bin/gnu/h-i686-mingw32/bin/../lib/gcc/nios2-elf/4.1.2/../../../../nios2-elf/lib\libstdc++.a(new_op.o)
                              obj/default/controller/UART.o (operator new(unsigned long))
c:/logicielge1/altera/13.0sp1/nios2eds/bin/gnu/h-i686-mingw32/bin/../lib/gcc/nios2-elf/4.1.2/../../../../nios2-elf/lib\libstdc++.a(eh_call.o)
                              c:/logicielge1/altera/13.0sp1/nios2eds/bin/gnu/h-i686-mingw32/bin/../lib/gcc/nios2-elf/4.1.2/../../../../nios2-elf/lib\libstdc++.a(eh_personality.o) (__cxa_call_terminate)
c:/logicielge1/altera/13.0sp1/nios2eds/bin/gnu/h-i686-mingw32/bin/../lib/gcc/nios2-elf/4.1.2/../../../../nios2-elf/lib\libstdc++.a(eh_exception.o)
                              c:/logicielge1/altera/13.0sp1/nios2eds/bin/gnu/h-i686-mingw32/bin/../lib/gcc/nios2-elf/4.1.2/../../../../nios2-elf/lib\libstdc++.a(eh_personality.o) (vtable for std::bad_exception)
c:/logicielge1/altera/13.0sp1/nios2eds/bin/gnu/h-i686-mingw32/bin/../lib/gcc/nios2-elf/4.1.2/../../../../nios2-elf/lib\libstdc++.a(fundamental_type_info.o)
                              obj/default/controller/UART.o (typeinfo for char const*)
c:/logicielge1/altera/13.0sp1/nios2eds/bin/gnu/h-i686-mingw32/bin/../lib/gcc/nios2-elf/4.1.2/../../../../nios2-elf/lib\libstdc++.a(new_handler.o)
[...]
Memory Configuration

Name             Origin             Length             Attributes
sdram_controller 0x00800000         0x00800000
reset            0x01004000         0x00000020
onchip_memory    0x01004020         0x000027e0
*default*        0x00000000         0xffffffff

Linker script and memory map

LOAD ../cmv_controller_bsp//obj/HAL/src/crt0.o
LOAD obj/default/controller/SPI.o
LOAD obj/default/controller/UART.o
LOAD obj/default/main.o
LOAD c:/logicielge1/altera/13.0sp1/nios2eds/bin/gnu/h-i686-mingw32/bin/../lib/gcc/nios2-elf/4.1.2/../../../../nios2-elf/lib\libstdc++.a
LOAD c:/logicielge1/altera/13.0sp1/nios2eds/bin/gnu/h-i686-mingw32/bin/../lib/gcc/nios2-elf/4.1.2/../../../../nios2-elf/lib\libm.a
LOAD c:/logicielge1/altera/13.0sp1/nios2eds/bin/gnu/h-i686-mingw32/bin/../lib/gcc/nios2-elf/4.1.2\libgcc.a
START GROUP
LOAD c:/logicielge1/altera/13.0sp1/nios2eds/bin/gnu/h-i686-mingw32/bin/../lib/gcc/nios2-elf/4.1.2/../../../../nios2-elf/lib\libc.a
LOAD c:/logicielge1/altera/13.0sp1/nios2eds/bin/gnu/h-i686-mingw32/bin/../lib/gcc/nios2-elf/4.1.2\libgcc.a
LOAD ../cmv_controller_bsp/\libhal_bsp.a
END GROUP
LOAD c:/logicielge1/altera/13.0sp1/nios2eds/bin/gnu/h-i686-mingw32/bin/../lib/gcc/nios2-elf/4.1.2\libgcc.a
                0x00800000                __alt_mem_sdram_controller = 0x800000
                0x01004000                __alt_mem_onchip_memory = 0x1004000

.entry          0x01004000       0x20
 *(.entry)
 .entry         0x01004000       0x20 ../cmv_controller_bsp//obj/HAL/src/crt0.o
                0x01004000                __reset

.exceptions     0x01004020      0x194 load address 0x00800000
                0x01004020                PROVIDE (__ram_exceptions_start, ABSOLUTE (.))
                0x01004020                . = ALIGN (0x20)
 *(.irq)
 *(.exceptions.entry.label)
 .exceptions.entry.label
                0x01004020        0x0 ../cmv_controller_bsp/\libhal_bsp.a(alt_irq_entry.o)
                0x01004020                alt_irq_entry
 .exceptions.entry.label
                0x01004020        0x0 ../cmv_controller_bsp/\libhal_bsp.a(alt_exception_entry.o)
                0x01004020                alt_exception
 *(.exceptions.entry.user)
 *(.exceptions.entry)
 .exceptions.entry
                0x01004020       0x54 ../cmv_controller_bsp/\libhal_bsp.a(alt_exception_entry.o)
 *(.exceptions.irqtest.user)
 *(.exceptions.irqtest)
 .exceptions.irqtest
                0x01004074       0x10 ../cmv_controller_bsp/\libhal_bsp.a(alt_irq_entry.o)
 *(.exceptions.irqhandler.user)
 *(.exceptions.irqhandler)
 .exceptions.irqhandler
                0x01004084        0x4 ../cmv_controller_bsp/\libhal_bsp.a(alt_irq_entry.o)
 *(.exceptions.irqreturn.user)
 *(.exceptions.irqreturn)
 .exceptions.irqreturn
                0x01004088        0x4 ../cmv_controller_bsp/\libhal_bsp.a(alt_irq_entry.o)
 *(.exceptions.notirq.label)
 .exceptions.notirq.label
                0x0100408c        0x0 ../cmv_controller_bsp/\libhal_bsp.a(alt_irq_entry.o)
 *(.exceptions.notirq.user)
 *(.exceptions.notirq)
 .exceptions.notirq
                0x0100408c        0x8 ../cmv_controller_bsp/\libhal_bsp.a(alt_exception_entry.o)
 *(.exceptions.soft.user)
 *(.exceptions.soft)
 *(.exceptions.unknown.user)
 *(.exceptions.unknown)
 .exceptions.unknown
                0x01004094        0x4 ../cmv_controller_bsp/\libhal_bsp.a(alt_exception_entry.o)
 *(.exceptions.exit.label)
 .exceptions.exit.label
                0x01004098        0x0 ../cmv_controller_bsp/\libhal_bsp.a(alt_irq_entry.o)
 .exceptions.exit.label
                0x01004098        0x0 ../cmv_controller_bsp/\libhal_bsp.a(alt_exception_entry.o)
 *(.exceptions.exit.user)
 *(.exceptions.exit)
 .exceptions.exit
                0x01004098       0x54 ../cmv_controller_bsp/\libhal_bsp.a(alt_exception_entry.o)
 *(.exceptions)
 .exceptions    0x010040ec       0xc8 ../cmv_controller_bsp/\libhal_bsp.a(alt_irq_handler.o)
                0x010040ec                alt_irq_handler
                0x010041b4                PROVIDE (__ram_exceptions_end, ABSOLUTE (.))
                0x00800000                PROVIDE (__flash_exceptions_start, LOADADDR (.exceptions))

.text           0x00800194    0x1083c
                0x00800194                PROVIDE (stext, ABSOLUTE (.))
 *(.interp)
 *(.hash)
 *(.dynsym)
 *(.dynstr)
 *(.gnu.version)
 *(.gnu.version_d)
 *(.gnu.version_r)
 *(.rel.init)
 *(.rela.init)
 *(.rel.text .rel.text.* .rel.gnu.linkonce.t.*)
 *(.rela.text .rela.text.* .rela.gnu.linkonce.t.*)
 *(.rel.fini)
 *(.rela.fini)
 *(.rel.rodata .rel.rodata.* .rel.gnu.linkonce.r.*)
 *(.rela.rodata .rela.rodata.* .rela.gnu.linkonce.r.*)
 *(.rel.data .rel.data.* .rel.gnu.linkonce.d.*)
 *(.rela.data .rela.data.* .rela.gnu.linkonce.d.*)
 *(.rel.tdata .rel.tdata.* .rel.gnu.linkonce.td.*)
 *(.rela.tdata .rela.tdata.* .rela.gnu.linkonce.td.*)
 *(.rel.tbss .rel.tbss.* .rel.gnu.linkonce.tb.*)
 *(.rela.tbss .rela.tbss.* .rela.gnu.linkonce.tb.*)
 *(.rel.ctors)
 *(.rela.ctors)
 *(.rel.dtors)
 *(.rela.dtors)
 *(.rel.got)
 *(.rela.got)
 *(.rel.sdata .rel.sdata.* .rel.gnu.linkonce.s.*)
 *(.rela.sdata .rela.sdata.* .rela.gnu.linkonce.s.*)
 *(.rel.sbss .rel.sbss.* .rel.gnu.linkonce.sb.*)
 *(.rela.sbss .rela.sbss.* .rela.gnu.linkonce.sb.*)
 *(.rel.sdata2 .rel.sdata2.* .rel.gnu.linkonce.s2.*)
 *(.rela.sdata2 .rela.sdata2.* .rela.gnu.linkonce.s2.*)
 *(.rel.sbss2 .rel.sbss2.* .rel.gnu.linkonce.sb2.*)
 *(.rela.sbss2 .rela.sbss2.* .rela.gnu.linkonce.sb2.*)
 *(.rel.bss .rel.bss.* .rel.gnu.linkonce.b.*)
 *(.rela.bss .rela.bss.* .rela.gnu.linkonce.b.*)
 *(.rel.plt)
 *(.rela.plt)
 *(.rel.dyn)
 *(.init)
 *(.plt)
 *(.text .stub .text.* .gnu.linkonce.t.*)
 .text          0x00800194       0x4c ../cmv_controller_bsp//obj/HAL/src/crt0.o
                0x00800194                _start
 .text          0x008001e0      0x260 obj/default/controller/SPI.o
                0x008001e0                SPI::SPI(unsigned long)
                0x00800220                SPI::SPI(unsigned long)
                0x00800260                SPI::readCMVRegister(unsigned char)
                0x008002cc                SPI::writeCMVRegister(unsigned char, unsigned char)
                0x00800350                SPI::~SPI()
                0x008003a0                SPI::~SPI()
                0x008003f0                SPI::~SPI()
 .text          0x00800440      0xb04 obj/default/controller/UART.o
                0x00800440                UART::outBuffer_isEmpty()
                0x00800478                UART::inBuffer_isEmpty()
                0x008004b0                UART::buffer_putstr(char const*)
                0x00800534                UART::buffer_putchar(char)
                0x00800570                UART::buffer_getchar()
                0x008005b0                UART::buffer_printf(char const*, ...)
                0x00800770                UART::send()
                0x00800824                UART::sendAll()
                0x008008d0                UART::~UART()
                0x0080098c                UART::~UART()
                0x00800a48                UART::~UART()
                0x00800b04                UART::UART(unsigned long, unsigned long, unsigned int, unsigned int)
                0x00800d24                UART::UART(unsigned long, unsigned long, unsigned int, unsigned int)
 .text._ZN4FIFOIcE7isEmptyEv
                0x00800f44       0x34 obj/default/controller/UART.o
                0x00800f44                FIFO<char>::isEmpty()
 .text._ZN4FIFOIcE6isFullEv
                0x00800f78       0x74 obj/default/controller/UART.o
                0x00800f78                FIFO<char>::isFull()
 .text._ZN4FIFOIcE4lockEv
                0x00800fec       0x20 obj/default/controller/UART.o
                0x00800fec                FIFO<char>::lock()
 .text._ZN4FIFOIcE6unlockEv
                0x0080100c       0x20 obj/default/controller/UART.o
                0x0080100c                FIFO<char>::unlock()
 .text._ZN4FIFOIcE21_triggerFullConditionEv
                0x0080102c       0x40 obj/default/controller/UART.o
                0x0080102c                FIFO<char>::_triggerFullCondition()
 .text._ZN4FIFOIcE4pushEc
                0x0080106c       0x88 obj/default/controller/UART.o
                0x0080106c                FIFO<char>::push(char)
 .text._ZN4FIFOIcE22_triggerEmptyConditionEv
                0x008010f4       0x40 obj/default/controller/UART.o
                0x008010f4                FIFO<char>::_triggerEmptyCondition()
 .text._ZN4FIFOIcE4pullEv
                0x00801134       0x84 obj/default/controller/UART.o
                0x00801134                FIFO<char>::pull()
 .text._ZN4FIFOIcEC1Ej
                0x008011b8       0xc0 obj/default/controller/UART.o
                0x008011b8                FIFO<char>::FIFO(unsigned int)
 .text._ZN4FIFOIcED0Ev
                0x00801278       0x6c obj/default/controller/UART.o
                0x00801278                FIFO<char>::~FIFO()
 .text._ZN4FIFOIcED1Ev
                0x008012e4       0x6c obj/default/controller/UART.o
                0x008012e4                FIFO<char>::~FIFO()
 .text          0x00801350      0x234 obj/default/main.o
                0x00801350                main
 .text          0x00801584      0x148 c:/logicielge1/altera/13.0sp1/nios2eds/bin/gnu/h-i686-mingw32/bin/../lib/gcc/nios2-elf/4.1.2/../../../../nios2-elf/lib\libstdc++.a(eh_throw.o)
                0x00801584                __cxa_rethrow
                0x008015f8                __cxa_throw
 .text          0x008016cc        0x0 c:/logicielge1/altera/13.0sp1/nios2eds/bin/gnu/h-i686-mingw32/bin/../lib/gcc/nios2-elf/4.1.2/../../../../nios2-elf/lib\libstdc++.a(eh_term_handler.o)
 .text          0x008016cc       0xa0 c:/logicielge1/altera/13.0sp1/nios2eds/bin/gnu/h-i686-mingw32/bin/../lib/gcc/nios2-elf/4.1.2/../../../../nios2-elf/lib\libstdc++.a(new_opv.o)
                0x008016cc                operator new[](unsigned long)
 .text          0x0080176c      0x1e4 c:/logicielge1/altera/13.0sp1/nios2eds/bin/gnu/h-i686-mingw32/bin/../lib/gcc/nios2-elf/4.1.2/../../../../nios2-elf/lib\libstdc++.a(eh_catch.o)
                0x0080176c                __cxa_get_exception_ptr
                0x00801774                std::uncaught_exception()
                0x00801794                __cxa_end_catch
                0x00801838                __cxa_begin_catch
 .text          0x00801950        0xc c:/logicielge1/altera/13.0sp1/nios2eds/bin/gnu/h-i686-mingw32/bin/../lib/gcc/nios2-elf/4.1.2/../../../../nios2-elf/lib\libstdc++.a(del_op.o)
                0x00801950                operator delete(void*)
 .text          0x0080195c        0x4 c:/logicielge1/altera/13.0sp1/nios2eds/bin/gnu/h-i686-mingw32/bin/../lib/gcc/nios2-elf/4.1.2/../../../../nios2-elf/lib\libstdc++.a(del_opv.o)
                0x0080195c                operator delete[](void*)
 .text          0x00801960        0x0 c:/logicielge1/altera/13.0sp1/nios2eds/bin/gnu/h-i686-mingw32/bin/../lib/gcc/nios2-elf/4.1.2/../../../../nios2-elf/lib\libstdc++.a(eh_unex_handler.o)
 .text          0x00801960      0xbec c:/logicielge1/altera/13.0sp1/nios2eds/bin/gnu/h-i686-mingw32/bin/../lib/gcc/nios2-elf/4.1.2/../../../../nios2-elf/lib\libstdc++.a(eh_personality.o)
                0x00801eec                __cxa_call_unexpected
                0x0080206c                __gxx_personality_sj0
 .text          0x0080254c      0x1bc c:/logicielge1/altera/13.0sp1/nios2eds/bin/gnu/h-i686-mingw32/bin/../lib/gcc/nios2-elf/4.1.2/../../../../nios2-elf/lib\libstdc++.a(class_type_info.o)
                0x0080254c                __cxxabiv1::__class_type_info::__do_upcast(__cxxabiv1::__class_type_info const*, void**) const
                0x008025b8                __cxxabiv1::__class_type_info::__do_find_public_src(long, void const*, __cxxabiv1::__class_type_info const*, void const*) const
                0x008025d8                __cxxabiv1::__class_type_info::~__class_type_info()
                0x0080260c                __cxxabiv1::__class_type_info::~__class_type_info()
                0x0080261c                __cxxabiv1::__class_type_info::~__class_type_info()
                0x0080262c                __cxxabiv1::__class_type_info::__do_catch(std::type_info const*, void**, unsigned int) const
                0x0080268c                __cxxabiv1::__class_type_info::__do_upcast(__cxxabiv1::__class_type_info const*, void const*, __cxxabiv1::__class_type_info::__upcast_result&) const
                0x008026bc                __cxxabiv1::__class_type_info::__do_dyncast(long, __cxxabiv1::__class_type_info::__sub_kind, __cxxabiv1::__class_type_info const*, void const*, __cxxabiv1::__class_type_info const*, void const*, __cxxabiv1::__class_type_info::__dyncast_result&) const
 .text          0x00802708      0x1c8 c:/logicielge1/altera/13.0sp1/nios2eds/bin/gnu/h-i686-mingw32/bin/../lib/gcc/nios2-elf/4.1.2/../../../../nios2-elf/lib\libstdc++.a(si_class_type_info.o)
                0x00802708                __cxxabiv1::__si_class_type_info::__do_upcast(__cxxabiv1::__class_type_info const*, void const*, __cxxabiv1::__class_type_info::__upcast_result&) const
                0x00802780                __cxxabiv1::__si_class_type_info::~__si_class_type_info()
                0x008027b4                __cxxabiv1::__si_class_type_info::~__si_class_type_info()
                0x008027c4                __cxxabiv1::__si_class_type_info::~__si_class_type_info()
                0x008027d4                __cxxabiv1::__si_class_type_info::__do_find_public_src(long, void const*, __cxxabiv1::__class_type_info const*, void const*) const
                0x00802808                __cxxabiv1::__si_class_type_info::__do_dyncast(long, __cxxabiv1::__class_type_info::__sub_kind, __cxxabiv1::__class_type_info const*, void const*, __cxxabiv1::__class_type_info const*, void const*, __cxxabiv1::__class_type_info::__dyncast_result&) const
 .text          0x008028d0       0x10 c:/logicielge1/altera/13.0sp1/nios2eds/bin/gnu/h-i686-mingw32/bin/../lib/gcc/nios2-elf/4.1.2/../../../../nios2-elf/lib\libstdc++.a(eh_globals.o)
                0x008028d0                __cxa_get_globals_fast
                0x008028d8                __cxa_get_globals
 .text          0x008028e0      0x10c c:/logicielge1/altera/13.0sp1/nios2eds/bin/gnu/h-i686-mingw32/bin/../lib/gcc/nios2-elf/4.1.2/../../../../nios2-elf/lib\libstdc++.a(eh_terminate.o)
                0x008028e0                std::set_terminate(void (*)())
                0x008028f4                std::set_unexpected(void (*)())
                0x00802908                __cxxabiv1::__terminate(void (*)())
                0x008029ac                std::terminate()
                0x008029c4                __cxxabiv1::__unexpected(void (*)())
                0x008029d4                std::unexpected()
 .text          0x008029ec      0x100 c:/logicielge1/altera/13.0sp1/nios2eds/bin/gnu/h-i686-mingw32/bin/../lib/gcc/nios2-elf/4.1.2/../../../../nios2-elf/lib\libstdc++.a(new_op.o)
                0x008029ec                operator new(unsigned long)
 .text          0x00802aec       0x44 c:/logicielge1/altera/13.0sp1/nios2eds/bin/gnu/h-i686-mingw32/bin/../lib/gcc/nios2-elf/4.1.2/../../../../nios2-elf/lib\libstdc++.a(eh_call.o)
                0x00802aec                __cxa_call_terminate
 .text          0x00802b30       0x94 c:/logicielge1/altera/13.0sp1/nios2eds/bin/gnu/h-i686-mingw32/bin/../lib/gcc/nios2-elf/4.1.2/../../../../nios2-elf/lib\libstdc++.a(eh_exception.o)
                0x00802b30                std::exception::what() const
                0x00802b40                std::exception::~exception()
                0x00802b50                std::exception::~exception()
                0x00802b60                std::exception::~exception()
                0x00802b70                std::bad_exception::~bad_exception()
                0x00802ba4                std::bad_exception::~bad_exception()
                0x00802bb4                std::bad_exception::~bad_exception()
 .text          0x00802bc4       0x54 c:/logicielge1/altera/13.0sp1/nios2eds/bin/gnu/h-i686-mingw32/bin/../lib/gcc/nios2-elf/4.1.2/../../../../nios2-elf/lib\libstdc++.a(fundamental_type_info.o)
                0x00802bc4                __cxxabiv1::__fundamental_type_info::~__fundamental_type_info()
                0x00802bf8                __cxxabiv1::__fundamental_type_info::~__fundamental_type_info()
                0x00802c08                __cxxabiv1::__fundamental_type_info::~__fundamental_type_info()
 .text          0x00802c18       0x60 c:/logicielge1/altera/13.0sp1/nios2eds/bin/gnu/h-i686-mingw32/bin/../lib/gcc/nios2-elf/4.1.2/../../../../nios2-elf/lib\libstdc++.a(new_handler.o)
                0x00802c18                std::set_new_handler(void (*)())
                0x00802c24                std::bad_alloc::~bad_alloc()
                0x00802c58                std::bad_alloc::~bad_alloc()
                0x00802c68                std::bad_alloc::~bad_alloc()
 .text          0x00802c78      0x174 c:/logicielge1/altera/13.0sp1/nios2eds/bin/gnu/h-i686-mingw32/bin/../lib/gcc/nios2-elf/4.1.2/../../../../nios2-elf/lib\libstdc++.a(eh_alloc.o)
                0x00802c78                __cxa_free_exception
                0x00802cb8                __cxa_allocate_exception
 .text          0x00802dec       0x58 c:/logicielge1/altera/13.0sp1/nios2eds/bin/gnu/h-i686-mingw32/bin/../lib/gcc/nios2-elf/4.1.2/../../../../nios2-elf/lib\libstdc++.a(tinfo.o)
                0x00802dec                std::type_info::__is_pointer_p() const
                0x00802df4                std::type_info::__is_function_p() const
                0x00802dfc                std::type_info::__do_catch(std::type_info const*, void**, unsigned int) const
                0x00802e0c                std::type_info::__do_upcast(__cxxabiv1::__class_type_info const*, void**) const
                0x00802e14                std::type_info::~type_info()
                0x00802e24                std::type_info::~type_info()
                0x00802e34                std::type_info::~type_info()
 .text          0x00802e44       0xdc c:/logicielge1/altera/13.0sp1/nios2eds/bin/gnu/h-i686-mingw32/bin/../lib/gcc/nios2-elf/4.1.2/../../../../nios2-elf/lib\libstdc++.a(pointer_type_info.o)
                0x00802e44                __cxxabiv1::__pointer_type_info::__is_pointer_p() const
                0x00802e4c                __cxxabiv1::__pointer_type_info::__pointer_catch(__cxxabiv1::__pbase_type_info const*, void**, unsigned int) const
                0x00802ecc                __cxxabiv1::__pointer_type_info::~__pointer_type_info()
                0x00802f00                __cxxabiv1::__pointer_type_info::~__pointer_type_info()
                0x00802f10                __cxxabiv1::__pointer_type_info::~__pointer_type_info()
 .text          0x00802f20      0x104 c:/logicielge1/altera/13.0sp1/nios2eds/bin/gnu/h-i686-mingw32/bin/../lib/gcc/nios2-elf/4.1.2/../../../../nios2-elf/lib\libstdc++.a(pbase_type_info.o)
                0x00802f20                __cxxabiv1::__pbase_type_info::__do_catch(std::type_info const*, void**, unsigned int) const
                0x00802fd0                __cxxabiv1::__pbase_type_info::~__pbase_type_info()
                0x00803004                __cxxabiv1::__pbase_type_info::~__pbase_type_info()
                0x00803014                __cxxabiv1::__pbase_type_info::~__pbase_type_info()
 .text._ZNK10__cxxabiv117__pbase_type_info15__pointer_catchEPKS0_PPvj
                0x00803024       0x30 c:/logicielge1/altera/13.0sp1/nios2eds/bin/gnu/h-i686-mingw32/bin/../lib/gcc/nios2-elf/4.1.2/../../../../nios2-elf/lib\libstdc++.a(pbase_type_info.o)
                0x00803024                __cxxabiv1::__pbase_type_info::__pointer_catch(__cxxabiv1::__pbase_type_info const*, void**, unsigned int) const
 .text          0x00803054      0x548 c:/logicielge1/altera/13.0sp1/nios2eds/bin/gnu/h-i686-mingw32/bin/../lib/gcc/nios2-elf/4.1.2\libgcc.a(unwind-sjlj.o)
                0x00803054                _Unwind_SjLj_Register
                0x00803064                _Unwind_SjLj_Unregister
                0x00803070                _Unwind_GetGR
                0x00803088                _Unwind_GetCFA
                0x0080309c                _Unwind_SetGR
                0x008030b4                _Unwind_GetIP
                0x008030c4                _Unwind_GetIPInfo
                0x008030d8                _Unwind_SetIP
                0x008030e8                _Unwind_GetLanguageSpecificData
                0x008030f4                _Unwind_GetRegionStart
                0x008030fc                _Unwind_FindEnclosingFunction
                0x00803104                _Unwind_GetDataRelBase
                0x0080310c                _Unwind_GetTextRelBase
                0x00803214                _Unwind_DeleteException
                0x00803320                _Unwind_SjLj_Resume
                0x0080337c                _Unwind_SjLj_RaiseException
                0x00803474                _Unwind_SjLj_ForcedUnwind
                0x008034c4                _Unwind_Backtrace
                0x00803544                _Unwind_SjLj_Resume_or_Rethrow
 .text          0x0080359c       0x18 c:/logicielge1/altera/13.0sp1/nios2eds/bin/gnu/h-i686-mingw32/bin/../lib/gcc/nios2-elf/4.1.2/../../../../nios2-elf/lib\libc.a(lib_a-abort.o)
                0x0080359c                abort
 .text          0x008035b4       0x28 c:/logicielge1/altera/13.0sp1/nios2eds/bin/gnu/h-i686-mingw32/bin/../lib/gcc/nios2-elf/4.1.2/../../../../nios2-elf/lib\libc.a(lib_a-malloc.o)
                0x008035b4                free
                0x008035c8                malloc
 .text          0x008035dc      0x740 c:/logicielge1/altera/13.0sp1/nios2eds/bin/gnu/h-i686-mingw32/bin/../lib/gcc/nios2-elf/4.1.2/../../../../nios2-elf/lib\libc.a(lib_a-mallocr.o)
                0x008035dc                _malloc_r
 .text          0x00803d1c       0x98 c:/logicielge1/altera/13.0sp1/nios2eds/bin/gnu/h-i686-mingw32/bin/../lib/gcc/nios2-elf/4.1.2/../../../../nios2-elf/lib\libc.a(lib_a-memset.o)
                0x00803d1c                memset
 .text          0x00803db4       0x70 c:/logicielge1/altera/13.0sp1/nios2eds/bin/gnu/h-i686-mingw32/bin/../lib/gcc/nios2-elf/4.1.2/../../../../nios2-elf/lib\libc.a(lib_a-sbrkr.o)
                0x00803db4                _sbrk_r
 .text          0x00803e24      0x2d8 c:/logicielge1/altera/13.0sp1/nios2eds/bin/gnu/h-i686-mingw32/bin/../lib/gcc/nios2-elf/4.1.2/../../../../nios2-elf/lib\libc.a(lib_a-signal.o)
                0x00803e24                _raise_r
                0x00803ef0                raise
                0x00803f04                _init_signal_r
                0x00803f68                _init_signal
                0x00803f78                __sigtramp_r
                0x0080402c                __sigtramp
                0x00804040                _signal_r
                0x008040e0                signal
 .text          0x008040fc       0x78 c:/logicielge1/altera/13.0sp1/nios2eds/bin/gnu/h-i686-mingw32/bin/../lib/gcc/nios2-elf/4.1.2/../../../../nios2-elf/lib\libc.a(lib_a-signalr.o)
                0x008040fc                _getpid_r
                0x00804100                _kill_r
 .text          0x00804174       0x74 c:/logicielge1/altera/13.0sp1/nios2eds/bin/gnu/h-i686-mingw32/bin/../lib/gcc/nios2-elf/4.1.2/../../../../nios2-elf/lib\libc.a(lib_a-strlen.o)
                0x00804174                strlen
 .text          0x008041e8       0xf4 c:/logicielge1/altera/13.0sp1/nios2eds/bin/gnu/h-i686-mingw32/bin/../lib/gcc/nios2-elf/4.1.2/../../../../nios2-elf/lib\libc.a(lib_a-vsnprintf.o)
                0x008041e8                _vsnprintf_r
                0x0080429c                vsnprintf
 .text          0x008042dc      0x440 c:/logicielge1/altera/13.0sp1/nios2eds/bin/gnu/h-i686-mingw32/bin/../lib/gcc/nios2-elf/4.1.2/../../../../nios2-elf/lib\libc.a(lib_a-freer.o)
                0x008042dc                _malloc_trim_r
                0x00804408                _free_r
 .text          0x0080471c        0x0 c:/logicielge1/altera/13.0sp1/nios2eds/bin/gnu/h-i686-mingw32/bin/../lib/gcc/nios2-elf/4.1.2/../../../../nios2-elf/lib\libc.a(lib_a-impure.o)
 .text          0x0080471c        0x0 c:/logicielge1/altera/13.0sp1/nios2eds/bin/gnu/h-i686-mingw32/bin/../lib/gcc/nios2-elf/4.1.2/../../../../nios2-elf/lib\libc.a(lib_a-int_errno.o)
 .text          0x0080471c     0x1f28 c:/logicielge1/altera/13.0sp1/nios2eds/bin/gnu/h-i686-mingw32/bin/../lib/gcc/nios2-elf/4.1.2/../../../../nios2-elf/lib\libc.a(lib_a-vfprintf.o)
                0x00804774                ___vfprintf_internal_r
                0x00806620                __vfprintf_internal
 .text          0x00806644      0x13c c:/logicielge1/altera/13.0sp1/nios2eds/bin/gnu/h-i686-mingw32/bin/../lib/gcc/nios2-elf/4.1.2/../../../../nios2-elf/lib\libc.a(lib_a-wsetup.o)
                0x00806644                __swsetup_r
 .text          0x00806780     0x17cc c:/logicielge1/altera/13.0sp1/nios2eds/bin/gnu/h-i686-mingw32/bin/../lib/gcc/nios2-elf/4.1.2/../../../../nios2-elf/lib\libc.a(lib_a-dtoa.o)
                0x00806998                _dtoa_r
 .text          0x00807f4c      0x230 c:/logicielge1/altera/13.0sp1/nios2eds/bin/gnu/h-i686-mingw32/bin/../lib/gcc/nios2-elf/4.1.2/../../../../nios2-elf/lib\libc.a(lib_a-fflush.o)
                0x00807f4c                _fflush_r
                0x00808148                fflush
 .text          0x0080817c      0x2c0 c:/logicielge1/altera/13.0sp1/nios2eds/bin/gnu/h-i686-mingw32/bin/../lib/gcc/nios2-elf/4.1.2/../../../../nios2-elf/lib\libc.a(lib_a-findfp.o)
                0x008081d4                __sfp_lock_acquire
                0x008081d8                __sfp_lock_release
                0x008081dc                __sinit_lock_acquire
                0x008081e0                __sinit_lock_release
                0x008081e4                __sinit
                0x00808298                __fp_unlock_all
                0x008082b0                __fp_lock_all
                0x008082c8                _cleanup_r
                0x008082d4                _cleanup
                0x008082e4                __sfmoreglue
                0x0080834c                __sfp
 .text          0x0080843c      0x49c c:/logicielge1/altera/13.0sp1/nios2eds/bin/gnu/h-i686-mingw32/bin/../lib/gcc/nios2-elf/4.1.2/../../../../nios2-elf/lib\libc.a(lib_a-fvwrite.o)
                0x0080843c                __sfvwrite_r
 .text          0x008088d8      0x180 c:/logicielge1/altera/13.0sp1/nios2eds/bin/gnu/h-i686-mingw32/bin/../lib/gcc/nios2-elf/4.1.2/../../../../nios2-elf/lib\libc.a(lib_a-fwalk.o)
                0x008088d8                _fwalk_reent
                0x008089a0                _fwalk
 .text          0x00808a58       0xc4 c:/logicielge1/altera/13.0sp1/nios2eds/bin/gnu/h-i686-mingw32/bin/../lib/gcc/nios2-elf/4.1.2/../../../../nios2-elf/lib\libc.a(lib_a-locale.o)
                0x00808a58                __locale_charset
                0x00808a60                _localeconv_r
                0x00808a6c                localeconv
                0x00808a7c                _setlocale_r
                0x00808b00                setlocale
 .text          0x00808b1c      0x194 c:/logicielge1/altera/13.0sp1/nios2eds/bin/gnu/h-i686-mingw32/bin/../lib/gcc/nios2-elf/4.1.2/../../../../nios2-elf/lib\libc.a(lib_a-makebuf.o)
                0x00808b1c                __smakebuf_r
 .text          0x00808cb0       0xe4 c:/logicielge1/altera/13.0sp1/nios2eds/bin/gnu/h-i686-mingw32/bin/../lib/gcc/nios2-elf/4.1.2/../../../../nios2-elf/lib\libc.a(lib_a-memchr.o)
                0x00808cb0                memchr
 .text          0x00808d94       0xa0 c:/logicielge1/altera/13.0sp1/nios2eds/bin/gnu/h-i686-mingw32/bin/../lib/gcc/nios2-elf/4.1.2/../../../../nios2-elf/lib\libc.a(lib_a-memcpy.o)
                0x00808d94                memcpy
 .text          0x00808e34       0xe0 c:/logicielge1/altera/13.0sp1/nios2eds/bin/gnu/h-i686-mingw32/bin/../lib/gcc/nios2-elf/4.1.2/../../../../nios2-elf/lib\libc.a(lib_a-memmove.o)
                0x00808e34                memmove
 .text          0x00808f14      0xff4 c:/logicielge1/altera/13.0sp1/nios2eds/bin/gnu/h-i686-mingw32/bin/../lib/gcc/nios2-elf/4.1.2/../../../../nios2-elf/lib\libc.a(lib_a-mprec.o)
                0x00808f14                _Bfree
                0x00808f3c                __hi0bits
                0x00808fac                __lo0bits
                0x00809070                __mcmp
                0x008090d0                __ulp
                0x00809150                __b2d
                0x00809270                __ratio
                0x00809320                _mprec_log10
                0x008093b4                __copybits
                0x0080940c                __any_on
                0x00809494                _Balloc
                0x00809550                __d2b
                0x008096cc                __mdiff
                0x00809858                __lshift
                0x008099a4                __multiply
                0x00809b8c                __i2b
                0x00809bc8                __multadd
                0x00809cc8                __pow5mult
                0x00809de8                __s2b
 .text          0x00809f08      0x5f4 c:/logicielge1/altera/13.0sp1/nios2eds/bin/gnu/h-i686-mingw32/bin/../lib/gcc/nios2-elf/4.1.2/../../../../nios2-elf/lib\libc.a(lib_a-reallocr.o)
                0x00809f08                _realloc_r
 .text          0x0080a4fc       0x40 c:/logicielge1/altera/13.0sp1/nios2eds/bin/gnu/h-i686-mingw32/bin/../lib/gcc/nios2-elf/4.1.2/../../../../nios2-elf/lib\libc.a(lib_a-s_isinfd.o)
                0x0080a4fc                __isinfd
 .text          0x0080a53c       0x30 c:/logicielge1/altera/13.0sp1/nios2eds/bin/gnu/h-i686-mingw32/bin/../lib/gcc/nios2-elf/4.1.2/../../../../nios2-elf/lib\libc.a(lib_a-s_isnand.o)
                0x0080a53c                __isnand
 .text          0x0080a56c      0x14c c:/logicielge1/altera/13.0sp1/nios2eds/bin/gnu/h-i686-mingw32/bin/../lib/gcc/nios2-elf/4.1.2/../../../../nios2-elf/lib\libc.a(lib_a-stdio.o)
                0x0080a56c                __sclose
                0x0080a574                __sseek
                0x0080a5dc                __swrite
                0x0080a658                __sread
 .text          0x0080a6b8       0xbc c:/logicielge1/altera/13.0sp1/nios2eds/bin/gnu/h-i686-mingw32/bin/../lib/gcc/nios2-elf/4.1.2/../../../../nios2-elf/lib\libc.a(lib_a-strcmp.o)
                0x0080a6b8                strcmp
 .text          0x0080a774       0x78 c:/logicielge1/altera/13.0sp1/nios2eds/bin/gnu/h-i686-mingw32/bin/../lib/gcc/nios2-elf/4.1.2/../../../../nios2-elf/lib\libc.a(lib_a-writer.o)
                0x0080a774                _write_r
 .text          0x0080a7ec       0xb4 c:/logicielge1/altera/13.0sp1/nios2eds/bin/gnu/h-i686-mingw32/bin/../lib/gcc/nios2-elf/4.1.2/../../../../nios2-elf/lib\libc.a(lib_a-callocr.o)
                0x0080a7ec                _calloc_r
 .text          0x0080a8a0       0x70 c:/logicielge1/altera/13.0sp1/nios2eds/bin/gnu/h-i686-mingw32/bin/../lib/gcc/nios2-elf/4.1.2/../../../../nios2-elf/lib\libc.a(lib_a-closer.o)
                0x0080a8a0                _close_r
 .text          0x0080a910      0x124 c:/logicielge1/altera/13.0sp1/nios2eds/bin/gnu/h-i686-mingw32/bin/../lib/gcc/nios2-elf/4.1.2/../../../../nios2-elf/lib\libc.a(lib_a-fclose.o)
                0x0080a910                _fclose_r
                0x0080aa20                fclose
 .text          0x0080aa34       0x74 c:/logicielge1/altera/13.0sp1/nios2eds/bin/gnu/h-i686-mingw32/bin/../lib/gcc/nios2-elf/4.1.2/../../../../nios2-elf/lib\libc.a(lib_a-fstatr.o)
                0x0080aa34                _fstat_r
 .text          0x0080aaa8       0x70 c:/logicielge1/altera/13.0sp1/nios2eds/bin/gnu/h-i686-mingw32/bin/../lib/gcc/nios2-elf/4.1.2/../../../../nios2-elf/lib\libc.a(lib_a-isattyr.o)
                0x0080aaa8                _isatty_r
 .text          0x0080ab18       0x78 c:/logicielge1/altera/13.0sp1/nios2eds/bin/gnu/h-i686-mingw32/bin/../lib/gcc/nios2-elf/4.1.2/../../../../nios2-elf/lib\libc.a(lib_a-lseekr.o)
                0x0080ab18                _lseek_r
 .text          0x0080ab90       0x78 c:/logicielge1/altera/13.0sp1/nios2eds/bin/gnu/h-i686-mingw32/bin/../lib/gcc/nios2-elf/4.1.2/../../../../nios2-elf/lib\libc.a(lib_a-readr.o)
                0x0080ab90                _read_r
 .text          0x0080ac08      0x5dc c:/logicielge1/altera/13.0sp1/nios2eds/bin/gnu/h-i686-mingw32/bin/../lib/gcc/nios2-elf/4.1.2\libgcc.a(_udivdi3.o)
                0x0080ac08                __udivdi3
 .text          0x0080b1e4      0x5b0 c:/logicielge1/altera/13.0sp1/nios2eds/bin/gnu/h-i686-mingw32/bin/../lib/gcc/nios2-elf/4.1.2\libgcc.a(_umoddi3.o)
                0x0080b1e4                __umoddi3
 .text          0x0080b794      0x504 c:/logicielge1/altera/13.0sp1/nios2eds/bin/gnu/h-i686-mingw32/bin/../lib/gcc/nios2-elf/4.1.2\libgcc.a(_addsub_df.o)
                0x0080bba4                __subdf3
                0x0080bc24                __adddf3
 .text          0x0080bc98      0x3c4 c:/logicielge1/altera/13.0sp1/nios2eds/bin/gnu/h-i686-mingw32/bin/../lib/gcc/nios2-elf/4.1.2\libgcc.a(_mul_df.o)
                0x0080bc98                __muldf3
 .text          0x0080c05c      0x258 c:/logicielge1/altera/13.0sp1/nios2eds/bin/gnu/h-i686-mingw32/bin/../lib/gcc/nios2-elf/4.1.2\libgcc.a(_div_df.o)
                0x0080c05c                __divdf3
 .text          0x0080c2b4       0x88 c:/logicielge1/altera/13.0sp1/nios2eds/bin/gnu/h-i686-mingw32/bin/../lib/gcc/nios2-elf/4.1.2\libgcc.a(_eq_df.o)
                0x0080c2b4                __eqdf2
 .text          0x0080c33c       0x88 c:/logicielge1/altera/13.0sp1/nios2eds/bin/gnu/h-i686-mingw32/bin/../lib/gcc/nios2-elf/4.1.2\libgcc.a(_ne_df.o)
                0x0080c33c                __nedf2
 .text          0x0080c3c4       0x88 c:/logicielge1/altera/13.0sp1/nios2eds/bin/gnu/h-i686-mingw32/bin/../lib/gcc/nios2-elf/4.1.2\libgcc.a(_gt_df.o)
                0x0080c3c4                __gtdf2
 .text          0x0080c44c       0x88 c:/logicielge1/altera/13.0sp1/nios2eds/bin/gnu/h-i686-mingw32/bin/../lib/gcc/nios2-elf/4.1.2\libgcc.a(_ge_df.o)
                0x0080c44c                __gedf2
 .text          0x0080c4d4       0x88 c:/logicielge1/altera/13.0sp1/nios2eds/bin/gnu/h-i686-mingw32/bin/../lib/gcc/nios2-elf/4.1.2\libgcc.a(_lt_df.o)
                0x0080c4d4                __ltdf2
 .text          0x0080c55c       0xf8 c:/logicielge1/altera/13.0sp1/nios2eds/bin/gnu/h-i686-mingw32/bin/../lib/gcc/nios2-elf/4.1.2\libgcc.a(_si_to_df.o)
                0x0080c55c                __floatsidf
 .text          0x0080c654       0xd8 c:/logicielge1/altera/13.0sp1/nios2eds/bin/gnu/h-i686-mingw32/bin/../lib/gcc/nios2-elf/4.1.2\libgcc.a(_df_to_si.o)
                0x0080c654                __fixdfsi
 .text          0x0080c72c        0x0 c:/logicielge1/altera/13.0sp1/nios2eds/bin/gnu/h-i686-mingw32/bin/../lib/gcc/nios2-elf/4.1.2\libgcc.a(_thenan_df.o)
 .text          0x0080c72c      0x194 c:/logicielge1/altera/13.0sp1/nios2eds/bin/gnu/h-i686-mingw32/bin/../lib/gcc/nios2-elf/4.1.2\libgcc.a(_usi_to_df.o)
                0x0080c72c                __floatunsidf
 .text          0x0080c8c0      0x14c c:/logicielge1/altera/13.0sp1/nios2eds/bin/gnu/h-i686-mingw32/bin/../lib/gcc/nios2-elf/4.1.2\libgcc.a(lib2-divmod.o)
                0x0080c93c                __divsi3
                0x0080c99c                __modsi3
                0x0080c9fc                __udivsi3
                0x0080ca04                __umodsi3
 .text          0x0080ca0c       0x98 c:/logicielge1/altera/13.0sp1/nios2eds/bin/gnu/h-i686-mingw32/bin/../lib/gcc/nios2-elf/4.1.2\libgcc.a(_muldi3.o)
                0x0080ca0c                __muldi3
 .text          0x0080caa4        0x0 c:/logicielge1/altera/13.0sp1/nios2eds/bin/gnu/h-i686-mingw32/bin/../lib/gcc/nios2-elf/4.1.2\libgcc.a(_clz.o)
 .text          0x0080caa4       0x80 c:/logicielge1/altera/13.0sp1/nios2eds/bin/gnu/h-i686-mingw32/bin/../lib/gcc/nios2-elf/4.1.2\libgcc.a(_clzsi2.o)
                0x0080caa4                __clzsi2
 .text          0x0080cb24      0x314 c:/logicielge1/altera/13.0sp1/nios2eds/bin/gnu/h-i686-mingw32/bin/../lib/gcc/nios2-elf/4.1.2\libgcc.a(_pack_df.o)
                0x0080cb24                __pack_d
 .text          0x0080ce38      0x138 c:/logicielge1/altera/13.0sp1/nios2eds/bin/gnu/h-i686-mingw32/bin/../lib/gcc/nios2-elf/4.1.2\libgcc.a(_unpack_df.o)
                0x0080ce38                __unpack_d
 .text          0x0080cf70       0xc8 c:/logicielge1/altera/13.0sp1/nios2eds/bin/gnu/h-i686-mingw32/bin/../lib/gcc/nios2-elf/4.1.2\libgcc.a(_fpcmp_parts_df.o)
                0x0080cf70                __fpcmp_parts_d
 .text          0x0080d038      0x15c ../cmv_controller_bsp/\libhal_bsp.a(alt_close.o)
                0x0080d038                close
 .text          0x0080d194       0x2c ../cmv_controller_bsp/\libhal_bsp.a(alt_dev.o)
 .text          0x0080d1c0        0x0 ../cmv_controller_bsp/\libhal_bsp.a(alt_errno.o)
 .text          0x0080d1c0       0x60 ../cmv_controller_bsp/\libhal_bsp.a(alt_exit.o)
                0x0080d200                _exit
 .text          0x0080d220      0x134 ../cmv_controller_bsp/\libhal_bsp.a(alt_fstat.o)
                0x0080d220                fstat
 .text          0x0080d354       0x20 ../cmv_controller_bsp/\libhal_bsp.a(alt_getpid.o)
                0x0080d354                getpid
 .text          0x0080d374      0x1c0 ../cmv_controller_bsp/\libhal_bsp.a(alt_irq_register.o)
                0x0080d374                alt_irq_register
 .text          0x0080d534        0x0 ../cmv_controller_bsp/\libhal_bsp.a(alt_irq_vars.o)
 .text          0x0080d534      0x120 ../cmv_controller_bsp/\libhal_bsp.a(alt_isatty.o)
                0x0080d534                isatty
 .text          0x0080d654      0x1a0 ../cmv_controller_bsp/\libhal_bsp.a(alt_kill.o)
                0x0080d654                kill
 .text          0x0080d7f4       0xec ../cmv_controller_bsp/\libhal_bsp.a(alt_load.o)
                0x0080d7f4                alt_load
 .text          0x0080d8e0      0x150 ../cmv_controller_bsp/\libhal_bsp.a(alt_lseek.o)
                0x0080d8e0                lseek
 .text          0x0080da30       0x6c ../cmv_controller_bsp/\libhal_bsp.a(alt_main.o)
                0x0080da30                alt_main
 .text          0x0080da9c       0x40 ../cmv_controller_bsp/\libhal_bsp.a(alt_malloc_lock.o)
                0x0080da9c                __malloc_lock
                0x0080dabc                __malloc_unlock
 .text          0x0080dadc      0x180 ../cmv_controller_bsp/\libhal_bsp.a(alt_read.o)
                0x0080dadc                read
 .text          0x0080dc5c       0x60 ../cmv_controller_bsp/\libhal_bsp.a(alt_release_fd.o)
                0x0080dc5c                alt_release_fd
 .text          0x0080dcbc       0xbc ../cmv_controller_bsp/\libhal_bsp.a(alt_sbrk.o)
                0x0080dcbc                sbrk
 .text          0x0080dd78      0x180 ../cmv_controller_bsp/\libhal_bsp.a(alt_write.o)
                0x0080dd78                write
 .text          0x0080def8       0xd0 ../cmv_controller_bsp/\libhal_bsp.a(alt_sys_init.o)
                0x0080def8                alt_irq_init
                0x0080df2c                alt_sys_init
 .text          0x0080dfc8      0x148 ../cmv_controller_bsp/\libhal_bsp.a(altera_avalon_jtag_uart_fd.o)
                0x0080dfc8                altera_avalon_jtag_uart_read_fd
                0x0080e020                altera_avalon_jtag_uart_write_fd
                0x0080e078                altera_avalon_jtag_uart_close_fd
                0x0080e0c0                altera_avalon_jtag_uart_ioctl_fd
 .text          0x0080e110      0x40c ../cmv_controller_bsp/\libhal_bsp.a(altera_avalon_jtag_uart_init.o)
                0x0080e110                altera_avalon_jtag_uart_init
                0x0080e4a8                altera_avalon_jtag_uart_close
 .text          0x0080e51c       0xf4 ../cmv_controller_bsp/\libhal_bsp.a(altera_avalon_jtag_uart_ioctl.o)
                0x0080e51c                altera_avalon_jtag_uart_ioctl
 .text          0x0080e610      0x224 ../cmv_controller_bsp/\libhal_bsp.a(altera_avalon_jtag_uart_read.o)
                0x0080e610                altera_avalon_jtag_uart_read
 .text          0x0080e834      0x240 ../cmv_controller_bsp/\libhal_bsp.a(altera_avalon_jtag_uart_write.o)
                0x0080e834                altera_avalon_jtag_uart_write
 .text          0x0080ea74      0x238 ../cmv_controller_bsp/\libhal_bsp.a(altera_avalon_spi.o)
                0x0080ea74                alt_avalon_spi_command
 .text          0x0080ecac       0xf8 ../cmv_controller_bsp/\libhal_bsp.a(altera_avalon_uart_fd.o)
                0x0080ecac                altera_avalon_uart_read_fd
                0x0080ed04                altera_avalon_uart_write_fd
                0x0080ed5c                altera_avalon_uart_close_fd
 .text          0x0080eda4      0x400 ../cmv_controller_bsp/\libhal_bsp.a(altera_avalon_uart_init.o)
                0x0080eda4                altera_avalon_uart_init
                0x0080f144                altera_avalon_uart_close
 .text          0x0080f1a4      0x290 ../cmv_controller_bsp/\libhal_bsp.a(altera_avalon_uart_read.o)
                0x0080f1a4                altera_avalon_uart_read
 .text          0x0080f434      0x228 ../cmv_controller_bsp/\libhal_bsp.a(altera_avalon_uart_write.o)
                0x0080f434                altera_avalon_uart_write
 .text          0x0080f65c      0x154 ../cmv_controller_bsp/\libhal_bsp.a(alt_alarm_start.o)
                0x0080f65c                alt_alarm_start
 .text          0x0080f7b0       0x44 ../cmv_controller_bsp/\libhal_bsp.a(alt_dcache_flush_all.o)
                0x0080f7b0                alt_dcache_flush_all
 .text          0x0080f7f4      0x114 ../cmv_controller_bsp/\libhal_bsp.a(alt_dev_llist_insert.o)
                0x0080f7f4                alt_dev_llist_insert
 .text          0x0080f908       0x64 ../cmv_controller_bsp/\libhal_bsp.a(alt_do_ctors.o)
                0x0080f908                _do_ctors
 .text          0x0080f96c       0x64 ../cmv_controller_bsp/\libhal_bsp.a(alt_do_dtors.o)
                0x0080f96c                _do_dtors
 .text          0x0080f9d0       0x30 ../cmv_controller_bsp/\libhal_bsp.a(alt_icache_flush_all.o)
                0x0080f9d0                alt_icache_flush_all
 .text          0x0080fa00      0x1d4 ../cmv_controller_bsp/\libhal_bsp.a(alt_iic.o)
                0x0080fa00                alt_ic_isr_register
                0x0080fa50                alt_ic_irq_enable
                0x0080faec                alt_ic_irq_disable
                0x0080fb8c                alt_ic_irq_enabled
 .text          0x0080fbd4       0xf8 ../cmv_controller_bsp/\libhal_bsp.a(alt_iic_isr_register.o)
                0x0080fbd4                alt_iic_isr_register
 .text          0x0080fccc      0x13c ../cmv_controller_bsp/\libhal_bsp.a(alt_io_redirect.o)
                0x0080fd90                alt_io_redirect
 .text          0x0080fe08        0x0 ../cmv_controller_bsp/\libhal_bsp.a(alt_irq_entry.o)
 .text          0x0080fe08        0x0 ../cmv_controller_bsp/\libhal_bsp.a(alt_irq_handler.o)
 .text          0x0080fe08      0x2c4 ../cmv_controller_bsp/\libhal_bsp.a(alt_open.o)
                0x0080fee4                open
 .text          0x008100cc      0x1a4 ../cmv_controller_bsp/\libhal_bsp.a(alt_tick.o)
                0x008100cc                alt_alarm_stop
                0x00810164                alt_tick
 .text          0x00810270       0x20 ../cmv_controller_bsp/\libhal_bsp.a(altera_nios2_qsys_irq.o)
                0x00810270                altera_nios2_qsys_irq_init
 .text          0x00810290        0x0 ../cmv_controller_bsp/\libhal_bsp.a(alt_exception_entry.o)
 .text          0x00810290       0x94 ../cmv_controller_bsp/\libhal_bsp.a(alt_find_dev.o)
                0x00810290                alt_find_dev
 .text          0x00810324      0x120 ../cmv_controller_bsp/\libhal_bsp.a(alt_find_file.o)
                0x00810324                alt_find_file
 .text          0x00810444       0xb8 ../cmv_controller_bsp/\libhal_bsp.a(alt_get_fd.o)
                0x00810444                alt_get_fd
 .text          0x008104fc       0x90 ../cmv_controller_bsp/\libhal_bsp.a(alt_icache_flush.o)
                0x008104fc                alt_icache_flush
 .text          0x0081058c       0x14 c:/logicielge1/altera/13.0sp1/nios2eds/bin/gnu/h-i686-mingw32/bin/../lib/gcc/nios2-elf/4.1.2/../../../../nios2-elf/lib\libc.a(lib_a-atexit.o)
                0x0081058c                atexit
 .text          0x008105a0       0x38 c:/logicielge1/altera/13.0sp1/nios2eds/bin/gnu/h-i686-mingw32/bin/../lib/gcc/nios2-elf/4.1.2/../../../../nios2-elf/lib\libc.a(lib_a-exit.o)
                0x008105a0                exit
 .text          0x008105d8       0x74 c:/logicielge1/altera/13.0sp1/nios2eds/bin/gnu/h-i686-mingw32/bin/../lib/gcc/nios2-elf/4.1.2/../../../../nios2-elf/lib\libc.a(lib_a-memcmp.o)
                0x008105d8                memcmp
 .text          0x0081064c      0x134 c:/logicielge1/altera/13.0sp1/nios2eds/bin/gnu/h-i686-mingw32/bin/../lib/gcc/nios2-elf/4.1.2/../../../../nios2-elf/lib\libc.a(lib_a-__atexit.o)
                0x0081064c                __register_exitproc
 .text          0x00810780      0x1b4 c:/logicielge1/altera/13.0sp1/nios2eds/bin/gnu/h-i686-mingw32/bin/../lib/gcc/nios2-elf/4.1.2/../../../../nios2-elf/lib\libc.a(lib_a-__call_atexit.o)
                0x00810784                __call_exitprocs
 *(.gnu.warning.*)
 *(.fini)
                0x00810934                PROVIDE (__etext, ABSOLUTE (.))
                0x00810934                PROVIDE (_etext, ABSOLUTE (.))
                0x00810934                PROVIDE (etext, ABSOLUTE (.))
 *(.eh_frame_hdr)
                0x00810934                . = ALIGN (0x4)
                0x00810934                PROVIDE (__preinit_array_start, ABSOLUTE (.))
 *(.preinit_array)
                0x00810934                PROVIDE (__preinit_array_end, ABSOLUTE (.))
                0x00810934                PROVIDE (__init_array_start, ABSOLUTE (.))
 *(.init_array)
                0x00810934                PROVIDE (__init_array_end, ABSOLUTE (.))
                0x00810934                PROVIDE (__fini_array_start, ABSOLUTE (.))
 *(.fini_array)
                0x00810934                PROVIDE (__fini_array_end, ABSOLUTE (.))
 *(.eh_frame)
 *(.gcc_except_table)
 .gcc_except_table
                0x00810934       0x16 obj/default/controller/UART.o
 .gcc_except_table
                0x0081094a        0x8 obj/default/main.o
 *fill*         0x00810952        0x2 3a880100
 .gcc_except_table
                0x00810954       0x14 c:/logicielge1/altera/13.0sp1/nios2eds/bin/gnu/h-i686-mingw32/bin/../lib/gcc/nios2-elf/4.1.2/../../../../nios2-elf/lib\libstdc++.a(new_opv.o)
 .gcc_except_table
                0x00810968       0x10 c:/logicielge1/altera/13.0sp1/nios2eds/bin/gnu/h-i686-mingw32/bin/../lib/gcc/nios2-elf/4.1.2/../../../../nios2-elf/lib\libstdc++.a(eh_catch.o)
 .gcc_except_table
                0x00810978       0x20 c:/logicielge1/altera/13.0sp1/nios2eds/bin/gnu/h-i686-mingw32/bin/../lib/gcc/nios2-elf/4.1.2/../../../../nios2-elf/lib\libstdc++.a(eh_personality.o)
 .gcc_except_table
                0x00810998       0x10 c:/logicielge1/altera/13.0sp1/nios2eds/bin/gnu/h-i686-mingw32/bin/../lib/gcc/nios2-elf/4.1.2/../../../../nios2-elf/lib\libstdc++.a(eh_terminate.o)
 .gcc_except_table
                0x008109a8       0x14 c:/logicielge1/altera/13.0sp1/nios2eds/bin/gnu/h-i686-mingw32/bin/../lib/gcc/nios2-elf/4.1.2/../../../../nios2-elf/lib\libstdc++.a(new_op.o)
 .gcc_except_table
                0x008109bc       0x10 c:/logicielge1/altera/13.0sp1/nios2eds/bin/gnu/h-i686-mingw32/bin/../lib/gcc/nios2-elf/4.1.2/../../../../nios2-elf/lib\libstdc++.a(eh_alloc.o)
 *(.dynamic)
                0x008109cc                PROVIDE (__CTOR_LIST__, ABSOLUTE (.))
 *(.ctors)
 *(SORT(.ctors.*))
 .ctors.65535   0x008109cc        0x4 c:/logicielge1/altera/13.0sp1/nios2eds/bin/gnu/h-i686-mingw32/bin/../lib/gcc/nios2-elf/4.1.2/../../../../nios2-elf/lib\libc.a(lib_a-__call_atexit.o)
                0x008109d0                PROVIDE (__CTOR_END__, ABSOLUTE (.))
                0x008109d0                PROVIDE (__DTOR_LIST__, ABSOLUTE (.))
 *(.dtors)
 *(SORT(.dtors.*))
                0x008109d0                PROVIDE (__DTOR_END__, ABSOLUTE (.))
 *(.jcr)
                0x008109d0                . = ALIGN (0x4)

.rodata         0x008109d0      0x88c
                0x008109d0                PROVIDE (__ram_rodata_start, ABSOLUTE (.))
                0x008109d0                . = ALIGN (0x4)
 *(.rodata .rodata.* .gnu.linkonce.r.*)
 .rodata._ZTV3SPI
                0x008109d0       0x10 obj/default/controller/SPI.o
                0x008109d0                vtable for SPI
 .rodata        0x008109e0       0x3c obj/default/controller/UART.o
 .rodata._ZTV4UART
                0x00810a1c       0x10 obj/default/controller/UART.o
                0x00810a1c                vtable for UART
 .rodata._ZTV4FIFOIcE
                0x00810a2c       0x18 obj/default/controller/UART.o
                0x00810a2c                vtable for FIFO<char>
 .rodata._ZTS4FIFOIcE
                0x00810a44        0xc obj/default/controller/UART.o
                0x00810a44                typeinfo name for FIFO<char>
 .rodata        0x00810a50       0x38 obj/default/main.o
 .rodata._ZTVN10__cxxabiv117__class_type_infoE
                0x00810a88       0x2c c:/logicielge1/altera/13.0sp1/nios2eds/bin/gnu/h-i686-mingw32/bin/../lib/gcc/nios2-elf/4.1.2/../../../../nios2-elf/lib\libstdc++.a(class_type_info.o)
                0x00810a88                vtable for __cxxabiv1::__class_type_info
 .rodata._ZTSN10__cxxabiv117__class_type_infoE
                0x00810ab4       0x24 c:/logicielge1/altera/13.0sp1/nios2eds/bin/gnu/h-i686-mingw32/bin/../lib/gcc/nios2-elf/4.1.2/../../../../nios2-elf/lib\libstdc++.a(class_type_info.o)
                0x00810ab4                typeinfo name for __cxxabiv1::__class_type_info
 .rodata._ZTIN10__cxxabiv117__class_type_infoE
                0x00810ad8        0xc c:/logicielge1/altera/13.0sp1/nios2eds/bin/gnu/h-i686-mingw32/bin/../lib/gcc/nios2-elf/4.1.2/../../../../nios2-elf/lib\libstdc++.a(class_type_info.o)
                0x00810ad8                typeinfo for __cxxabiv1::__class_type_info
 .rodata._ZTVN10__cxxabiv120__si_class_type_infoE
                0x00810ae4       0x2c c:/logicielge1/altera/13.0sp1/nios2eds/bin/gnu/h-i686-mingw32/bin/../lib/gcc/nios2-elf/4.1.2/../../../../nios2-elf/lib\libstdc++.a(si_class_type_info.o)
                0x00810ae4                vtable for __cxxabiv1::__si_class_type_info
 .rodata._ZTSN10__cxxabiv120__si_class_type_infoE
                0x00810b10       0x28 c:/logicielge1/altera/13.0sp1/nios2eds/bin/gnu/h-i686-mingw32/bin/../lib/gcc/nios2-elf/4.1.2/../../../../nios2-elf/lib\libstdc++.a(si_class_type_info.o)
                0x00810b10                typeinfo name for __cxxabiv1::__si_class_type_info
 .rodata._ZTIN10__cxxabiv120__si_class_type_infoE
                0x00810b38        0xc c:/logicielge1/altera/13.0sp1/nios2eds/bin/gnu/h-i686-mingw32/bin/../lib/gcc/nios2-elf/4.1.2/../../../../nios2-elf/lib\libstdc++.a(si_class_type_info.o)
                0x00810b38                typeinfo for __cxxabiv1::__si_class_type_info
 .rodata._ZTVSt13bad_exception
                0x00810b44       0x14 c:/logicielge1/altera/13.0sp1/nios2eds/bin/gnu/h-i686-mingw32/bin/../lib/gcc/nios2-elf/4.1.2/../../../../nios2-elf/lib\libstdc++.a(eh_exception.o)
                0x00810b44                vtable for std::bad_exception
 .rodata._ZTVSt9exception
                0x00810b58       0x14 c:/logicielge1/altera/13.0sp1/nios2eds/bin/gnu/h-i686-mingw32/bin/../lib/gcc/nios2-elf/4.1.2/../../../../nios2-elf/lib\libstdc++.a(eh_exception.o)
                0x00810b58                vtable for std::exception
 .rodata._ZTSSt13bad_exception
                0x00810b6c       0x14 c:/logicielge1/altera/13.0sp1/nios2eds/bin/gnu/h-i686-mingw32/bin/../lib/gcc/nios2-elf/4.1.2/../../../../nios2-elf/lib\libstdc++.a(eh_exception.o)
                0x00810b6c                typeinfo name for std::bad_exception
 .rodata._ZTISt13bad_exception
                0x00810b80        0xc c:/logicielge1/altera/13.0sp1/nios2eds/bin/gnu/h-i686-mingw32/bin/../lib/gcc/nios2-elf/4.1.2/../../../../nios2-elf/lib\libstdc++.a(eh_exception.o)
                0x00810b80                typeinfo for std::bad_exception
 .rodata._ZTSSt9exception
                0x00810b8c       0x10 c:/logicielge1/altera/13.0sp1/nios2eds/bin/gnu/h-i686-mingw32/bin/../lib/gcc/nios2-elf/4.1.2/../../../../nios2-elf/lib\libstdc++.a(eh_exception.o)
                0x00810b8c                typeinfo name for std::exception
 .rodata._ZTVN10__cxxabiv123__fundamental_type_infoE
                0x00810b9c       0x20 c:/logicielge1/altera/13.0sp1/nios2eds/bin/gnu/h-i686-mingw32/bin/../lib/gcc/nios2-elf/4.1.2/../../../../nios2-elf/lib\libstdc++.a(fundamental_type_info.o)
                0x00810b9c                vtable for __cxxabiv1::__fundamental_type_info
 .rodata._ZTIPKe
                0x00810bbc       0x10 c:/logicielge1/altera/13.0sp1/nios2eds/bin/gnu/h-i686-mingw32/bin/../lib/gcc/nios2-elf/4.1.2/../../../../nios2-elf/lib\libstdc++.a(fundamental_type_info.o)
                0x00810bbc                typeinfo for long double const*
 .rodata._ZTIPe
                0x00810bcc       0x10 c:/logicielge1/altera/13.0sp1/nios2eds/bin/gnu/h-i686-mingw32/bin/../lib/gcc/nios2-elf/4.1.2/../../../../nios2-elf/lib\libstdc++.a(fundamental_type_info.o)
                0x00810bcc                typeinfo for long double*
 .rodata._ZTIPKd
                0x00810bdc       0x10 c:/logicielge1/altera/13.0sp1/nios2eds/bin/gnu/h-i686-mingw32/bin/../lib/gcc/nios2-elf/4.1.2/../../../../nios2-elf/lib\libstdc++.a(fundamental_type_info.o)
                0x00810bdc                typeinfo for double const*
 .rodata._ZTIPd
                0x00810bec       0x10 c:/logicielge1/altera/13.0sp1/nios2eds/bin/gnu/h-i686-mingw32/bin/../lib/gcc/nios2-elf/4.1.2/../../../../nios2-elf/lib\libstdc++.a(fundamental_type_info.o)
                0x00810bec                typeinfo for double*
 .rodata._ZTIPKf
                0x00810bfc       0x10 c:/logicielge1/altera/13.0sp1/nios2eds/bin/gnu/h-i686-mingw32/bin/../lib/gcc/nios2-elf/4.1.2/../../../../nios2-elf/lib\libstdc++.a(fundamental_type_info.o)
                0x00810bfc                typeinfo for float const*
 .rodata._ZTIPf
                0x00810c0c       0x10 c:/logicielge1/altera/13.0sp1/nios2eds/bin/gnu/h-i686-mingw32/bin/../lib/gcc/nios2-elf/4.1.2/../../../../nios2-elf/lib\libstdc++.a(fundamental_type_info.o)
                0x00810c0c                typeinfo for float*
 .rodata._ZTIPKy
                0x00810c1c       0x10 c:/logicielge1/altera/13.0sp1/nios2eds/bin/gnu/h-i686-mingw32/bin/../lib/gcc/nios2-elf/4.1.2/../../../../nios2-elf/lib\libstdc++.a(fundamental_type_info.o)
                0x00810c1c                typeinfo for unsigned long long const*
 .rodata._ZTIPy
                0x00810c2c       0x10 c:/logicielge1/altera/13.0sp1/nios2eds/bin/gnu/h-i686-mingw32/bin/../lib/gcc/nios2-elf/4.1.2/../../../../nios2-elf/lib\libstdc++.a(fundamental_type_info.o)
                0x00810c2c                typeinfo for unsigned long long*
 .rodata._ZTIPKx
                0x00810c3c       0x10 c:/logicielge1/altera/13.0sp1/nios2eds/bin/gnu/h-i686-mingw32/bin/../lib/gcc/nios2-elf/4.1.2/../../../../nios2-elf/lib\libstdc++.a(fundamental_type_info.o)
                0x00810c3c                typeinfo for long long const*
 .rodata._ZTIPx
                0x00810c4c       0x10 c:/logicielge1/altera/13.0sp1/nios2eds/bin/gnu/h-i686-mingw32/bin/../lib/gcc/nios2-elf/4.1.2/../../../../nios2-elf/lib\libstdc++.a(fundamental_type_info.o)
                0x00810c4c                typeinfo for long long*
 .rodata._ZTIPKm
                0x00810c5c       0x10 c:/logicielge1/altera/13.0sp1/nios2eds/bin/gnu/h-i686-mingw32/bin/../lib/gcc/nios2-elf/4.1.2/../../../../nios2-elf/lib\libstdc++.a(fundamental_type_info.o)
                0x00810c5c                typeinfo for unsigned long const*
 .rodata._ZTIPm
                0x00810c6c       0x10 c:/logicielge1/altera/13.0sp1/nios2eds/bin/gnu/h-i686-mingw32/bin/../lib/gcc/nios2-elf/4.1.2/../../../../nios2-elf/lib\libstdc++.a(fundamental_type_info.o)
                0x00810c6c                typeinfo for unsigned long*
 .rodata._ZTIPKl
                0x00810c7c       0x10 c:/logicielge1/altera/13.0sp1/nios2eds/bin/gnu/h-i686-mingw32/bin/../lib/gcc/nios2-elf/4.1.2/../../../../nios2-elf/lib\libstdc++.a(fundamental_type_info.o)
                0x00810c7c                typeinfo for long const*
 .rodata._ZTIPl
                0x00810c8c       0x10 c:/logicielge1/altera/13.0sp1/nios2eds/bin/gnu/h-i686-mingw32/bin/../lib/gcc/nios2-elf/4.1.2/../../../../nios2-elf/lib\libstdc++.a(fundamental_type_info.o)
                0x00810c8c                typeinfo for long*
 .rodata._ZTIPKj
                0x00810c9c       0x10 c:/logicielge1/altera/13.0sp1/nios2eds/bin/gnu/h-i686-mingw32/bin/../lib/gcc/nios2-elf/4.1.2/../../../../nios2-elf/lib\libstdc++.a(fundamental_type_info.o)
                0x00810c9c                typeinfo for unsigned int const*
 .rodata._ZTIPj
                0x00810cac       0x10 c:/logicielge1/altera/13.0sp1/nios2eds/bin/gnu/h-i686-mingw32/bin/../lib/gcc/nios2-elf/4.1.2/../../../../nios2-elf/lib\libstdc++.a(fundamental_type_info.o)
                0x00810cac                typeinfo for unsigned int*
 .rodata._ZTIPKi
                0x00810cbc       0x10 c:/logicielge1/altera/13.0sp1/nios2eds/bin/gnu/h-i686-mingw32/bin/../lib/gcc/nios2-elf/4.1.2/../../../../nios2-elf/lib\libstdc++.a(fundamental_type_info.o)
                0x00810cbc                typeinfo for int const*
 .rodata._ZTIPi
                0x00810ccc       0x10 c:/logicielge1/altera/13.0sp1/nios2eds/bin/gnu/h-i686-mingw32/bin/../lib/gcc/nios2-elf/4.1.2/../../../../nios2-elf/lib\libstdc++.a(fundamental_type_info.o)
                0x00810ccc                typeinfo for int*
 .rodata._ZTIPKt
                0x00810cdc       0x10 c:/logicielge1/altera/13.0sp1/nios2eds/bin/gnu/h-i686-mingw32/bin/../lib/gcc/nios2-elf/4.1.2/../../../../nios2-elf/lib\libstdc++.a(fundamental_type_info.o)
                0x00810cdc                typeinfo for unsigned short const*
 .rodata._ZTIPt
                0x00810cec       0x10 c:/logicielge1/altera/13.0sp1/nios2eds/bin/gnu/h-i686-mingw32/bin/../lib/gcc/nios2-elf/4.1.2/../../../../nios2-elf/lib\libstdc++.a(fundamental_type_info.o)
                0x00810cec                typeinfo for unsigned short*
 .rodata._ZTIPKs
                0x00810cfc       0x10 c:/logicielge1/altera/13.0sp1/nios2eds/bin/gnu/h-i686-mingw32/bin/../lib/gcc/nios2-elf/4.1.2/../../../../nios2-elf/lib\libstdc++.a(fundamental_type_info.o)
                0x00810cfc                typeinfo for short const*
 .rodata._ZTIPs
                0x00810d0c       0x10 c:/logicielge1/altera/13.0sp1/nios2eds/bin/gnu/h-i686-mingw32/bin/../lib/gcc/nios2-elf/4.1.2/../../../../nios2-elf/lib\libstdc++.a(fundamental_type_info.o)
                0x00810d0c                typeinfo for short*
 .rodata._ZTIPKh
                0x00810d1c       0x10 c:/logicielge1/altera/13.0sp1/nios2eds/bin/gnu/h-i686-mingw32/bin/../lib/gcc/nios2-elf/4.1.2/../../../../nios2-elf/lib\libstdc++.a(fundamental_type_info.o)
                0x00810d1c                typeinfo for unsigned char const*
 .rodata._ZTIPh
                0x00810d2c       0x10 c:/logicielge1/altera/13.0sp1/nios2eds/bin/gnu/h-i686-mingw32/bin/../lib/gcc/nios2-elf/4.1.2/../../../../nios2-elf/lib\libstdc++.a(fundamental_type_info.o)
                0x00810d2c                typeinfo for unsigned char*
 .rodata._ZTIPKa
                0x00810d3c       0x10 c:/logicielge1/altera/13.0sp1/nios2eds/bin/gnu/h-i686-mingw32/bin/../lib/gcc/nios2-elf/4.1.2/../../../../nios2-elf/lib\libstdc++.a(fundamental_type_info.o)
                0x00810d3c                typeinfo for signed char const*
 .rodata._ZTIPa
                0x00810d4c       0x10 c:/logicielge1/altera/13.0sp1/nios2eds/bin/gnu/h-i686-mingw32/bin/../lib/gcc/nios2-elf/4.1.2/../../../../nios2-elf/lib\libstdc++.a(fundamental_type_info.o)
                0x00810d4c                typeinfo for signed char*
 .rodata._ZTIPKc
                0x00810d5c       0x10 c:/logicielge1/altera/13.0sp1/nios2eds/bin/gnu/h-i686-mingw32/bin/../lib/gcc/nios2-elf/4.1.2/../../../../nios2-elf/lib\libstdc++.a(fundamental_type_info.o)
                0x00810d5c                typeinfo for char const*
 .rodata._ZTIPc
                0x00810d6c       0x10 c:/logicielge1/altera/13.0sp1/nios2eds/bin/gnu/h-i686-mingw32/bin/../lib/gcc/nios2-elf/4.1.2/../../../../nios2-elf/lib\libstdc++.a(fundamental_type_info.o)
                0x00810d6c                typeinfo for char*
 .rodata._ZTIPKw
                0x00810d7c       0x10 c:/logicielge1/altera/13.0sp1/nios2eds/bin/gnu/h-i686-mingw32/bin/../lib/gcc/nios2-elf/4.1.2/../../../../nios2-elf/lib\libstdc++.a(fundamental_type_info.o)
                0x00810d7c                typeinfo for wchar_t const*
 .rodata._ZTIPw
                0x00810d8c       0x10 c:/logicielge1/altera/13.0sp1/nios2eds/bin/gnu/h-i686-mingw32/bin/../lib/gcc/nios2-elf/4.1.2/../../../../nios2-elf/lib\libstdc++.a(fundamental_type_info.o)
                0x00810d8c                typeinfo for wchar_t*
 .rodata._ZTIPKb
                0x00810d9c       0x10 c:/logicielge1/altera/13.0sp1/nios2eds/bin/gnu/h-i686-mingw32/bin/../lib/gcc/nios2-elf/4.1.2/../../../../nios2-elf/lib\libstdc++.a(fundamental_type_info.o)
                0x00810d9c                typeinfo for bool const*
 .rodata._ZTIPb
                0x00810dac       0x10 c:/logicielge1/altera/13.0sp1/nios2eds/bin/gnu/h-i686-mingw32/bin/../lib/gcc/nios2-elf/4.1.2/../../../../nios2-elf/lib\libstdc++.a(fundamental_type_info.o)
                0x00810dac                typeinfo for bool*
 .rodata._ZTIPKv
                0x00810dbc       0x10 c:/logicielge1/altera/13.0sp1/nios2eds/bin/gnu/h-i686-mingw32/bin/../lib/gcc/nios2-elf/4.1.2/../../../../nios2-elf/lib\libstdc++.a(fundamental_type_info.o)
                0x00810dbc                typeinfo for void const*
 .rodata._ZTIPv
                0x00810dcc       0x10 c:/logicielge1/altera/13.0sp1/nios2eds/bin/gnu/h-i686-mingw32/bin/../lib/gcc/nios2-elf/4.1.2/../../../../nios2-elf/lib\libstdc++.a(fundamental_type_info.o)
                0x00810dcc                typeinfo for void*
 .rodata._ZTSN10__cxxabiv123__fundamental_type_infoE
                0x00810ddc       0x28 c:/logicielge1/altera/13.0sp1/nios2eds/bin/gnu/h-i686-mingw32/bin/../lib/gcc/nios2-elf/4.1.2/../../../../nios2-elf/lib\libstdc++.a(fundamental_type_info.o)
                0x00810ddc                typeinfo name for __cxxabiv1::__fundamental_type_info
 .rodata._ZTIN10__cxxabiv123__fundamental_type_infoE
                0x00810e04        0xc c:/logicielge1/altera/13.0sp1/nios2eds/bin/gnu/h-i686-mingw32/bin/../lib/gcc/nios2-elf/4.1.2/../../../../nios2-elf/lib\libstdc++.a(fundamental_type_info.o)
                0x00810e04                typeinfo for __cxxabiv1::__fundamental_type_info
 .rodata._ZTVSt9bad_alloc
                0x00810e10       0x14 c:/logicielge1/altera/13.0sp1/nios2eds/bin/gnu/h-i686-mingw32/bin/../lib/gcc/nios2-elf/4.1.2/../../../../nios2-elf/lib\libstdc++.a(new_handler.o)
                0x00810e10                vtable for std::bad_alloc
 .rodata._ZTSSt9bad_alloc
                0x00810e24       0x10 c:/logicielge1/altera/13.0sp1/nios2eds/bin/gnu/h-i686-mingw32/bin/../lib/gcc/nios2-elf/4.1.2/../../../../nios2-elf/lib\libstdc++.a(new_handler.o)
                0x00810e24                typeinfo name for std::bad_alloc
 .rodata._ZTISt9bad_alloc
                0x00810e34        0xc c:/logicielge1/altera/13.0sp1/nios2eds/bin/gnu/h-i686-mingw32/bin/../lib/gcc/nios2-elf/4.1.2/../../../../nios2-elf/lib\libstdc++.a(new_handler.o)
                0x00810e34                typeinfo for std::bad_alloc
 .rodata._ZTVSt9type_info
                0x00810e40       0x20 c:/logicielge1/altera/13.0sp1/nios2eds/bin/gnu/h-i686-mingw32/bin/../lib/gcc/nios2-elf/4.1.2/../../../../nios2-elf/lib\libstdc++.a(tinfo.o)
                0x00810e40                vtable for std::type_info
 .rodata._ZTSSt9type_info
                0x00810e60       0x10 c:/logicielge1/altera/13.0sp1/nios2eds/bin/gnu/h-i686-mingw32/bin/../lib/gcc/nios2-elf/4.1.2/../../../../nios2-elf/lib\libstdc++.a(tinfo.o)
                0x00810e60                typeinfo name for std::type_info
 .rodata._ZTVN10__cxxabiv119__pointer_type_infoE
                0x00810e70       0x24 c:/logicielge1/altera/13.0sp1/nios2eds/bin/gnu/h-i686-mingw32/bin/../lib/gcc/nios2-elf/4.1.2/../../../../nios2-elf/lib\libstdc++.a(pointer_type_info.o)
                0x00810e70                vtable for __cxxabiv1::__pointer_type_info
 .rodata._ZTSN10__cxxabiv119__pointer_type_infoE
                0x00810e94       0x24 c:/logicielge1/altera/13.0sp1/nios2eds/bin/gnu/h-i686-mingw32/bin/../lib/gcc/nios2-elf/4.1.2/../../../../nios2-elf/lib\libstdc++.a(pointer_type_info.o)
                0x00810e94                typeinfo name for __cxxabiv1::__pointer_type_info
 .rodata._ZTIN10__cxxabiv119__pointer_type_infoE
                0x00810eb8        0xc c:/logicielge1/altera/13.0sp1/nios2eds/bin/gnu/h-i686-mingw32/bin/../lib/gcc/nios2-elf/4.1.2/../../../../nios2-elf/lib\libstdc++.a(pointer_type_info.o)
                0x00810eb8                typeinfo for __cxxabiv1::__pointer_type_info
 .rodata._ZTVN10__cxxabiv117__pbase_type_infoE
                0x00810ec4       0x24 c:/logicielge1/altera/13.0sp1/nios2eds/bin/gnu/h-i686-mingw32/bin/../lib/gcc/nios2-elf/4.1.2/../../../../nios2-elf/lib\libstdc++.a(pbase_type_info.o)
                0x00810ec4                vtable for __cxxabiv1::__pbase_type_info
 .rodata._ZTSN10__cxxabiv117__pbase_type_infoE
                0x00810ee8       0x24 c:/logicielge1/altera/13.0sp1/nios2eds/bin/gnu/h-i686-mingw32/bin/../lib/gcc/nios2-elf/4.1.2/../../../../nios2-elf/lib\libstdc++.a(pbase_type_info.o)
                0x00810ee8                typeinfo name for __cxxabiv1::__pbase_type_info
 .rodata._ZTIN10__cxxabiv117__pbase_type_infoE
                0x00810f0c        0xc c:/logicielge1/altera/13.0sp1/nios2eds/bin/gnu/h-i686-mingw32/bin/../lib/gcc/nios2-elf/4.1.2/../../../../nios2-elf/lib\libstdc++.a(pbase_type_info.o)
                0x00810f0c                typeinfo for __cxxabiv1::__pbase_type_info
 .rodata.str1.4
                0x00810f18        0x2 c:/logicielge1/altera/13.0sp1/nios2eds/bin/gnu/h-i686-mingw32/bin/../lib/gcc/nios2-elf/4.1.2/../../../../nios2-elf/lib\libc.a(lib_a-impure.o)
                                  0x4 (size before relaxing)
 *fill*         0x00810f1a        0x2 00
 .rodata.str1.4
                0x00810f1c       0x5e c:/logicielge1/altera/13.0sp1/nios2eds/bin/gnu/h-i686-mingw32/bin/../lib/gcc/nios2-elf/4.1.2/../../../../nios2-elf/lib\libc.a(lib_a-vfprintf.o)
                                 0x60 (size before relaxing)
 .rodata        0x00810f7a       0x20 c:/logicielge1/altera/13.0sp1/nios2eds/bin/gnu/h-i686-mingw32/bin/../lib/gcc/nios2-elf/4.1.2/../../../../nios2-elf/lib\libc.a(lib_a-vfprintf.o)
 *fill*         0x00810f9a        0x2 00
 .rodata.str1.4
                0x00810f9c       0x10 c:/logicielge1/altera/13.0sp1/nios2eds/bin/gnu/h-i686-mingw32/bin/../lib/gcc/nios2-elf/4.1.2/../../../../nios2-elf/lib\libc.a(lib_a-dtoa.o)
                                 0x14 (size before relaxing)
 .rodata.str1.4
                0x00810fac       0x10 c:/logicielge1/altera/13.0sp1/nios2eds/bin/gnu/h-i686-mingw32/bin/../lib/gcc/nios2-elf/4.1.2/../../../../nios2-elf/lib\libc.a(lib_a-locale.o)
                                 0x18 (size before relaxing)
 .rodata        0x00810fbc       0x30 c:/logicielge1/altera/13.0sp1/nios2eds/bin/gnu/h-i686-mingw32/bin/../lib/gcc/nios2-elf/4.1.2/../../../../nios2-elf/lib\libc.a(lib_a-locale.o)
 .rodata        0x00810fec      0x124 c:/logicielge1/altera/13.0sp1/nios2eds/bin/gnu/h-i686-mingw32/bin/../lib/gcc/nios2-elf/4.1.2/../../../../nios2-elf/lib\libc.a(lib_a-mprec.o)
                0x00810fec                __mprec_tens
                0x008110b4                __mprec_bigtens
                0x008110dc                __mprec_tinytens
 .rodata        0x00811110       0x14 c:/logicielge1/altera/13.0sp1/nios2eds/bin/gnu/h-i686-mingw32/bin/../lib/gcc/nios2-elf/4.1.2\libgcc.a(_thenan_df.o)
                0x00811110                __thenan_df
 .rodata        0x00811124      0x100 c:/logicielge1/altera/13.0sp1/nios2eds/bin/gnu/h-i686-mingw32/bin/../lib/gcc/nios2-elf/4.1.2\libgcc.a(_clz.o)
                0x00811124                __clz_tab
 .rodata        0x00811224        0xc ../cmv_controller_bsp/\libhal_bsp.a(alt_dev.o)
 .rodata        0x00811230       0x10 ../cmv_controller_bsp/\libhal_bsp.a(alt_main.o)
 .rodata        0x00811240       0x1c ../cmv_controller_bsp/\libhal_bsp.a(alt_sys_init.o)
 *(.rodata1)
                0x0081125c                . = ALIGN (0x4)
                0x0081125c                PROVIDE (__ram_rodata_end, ABSOLUTE (.))
                0x008109d0                PROVIDE (__flash_rodata_start, LOADADDR (.rodata))

.rwdata         0x0081125c     0x1cb8 load address 0x00812f14
                0x0081125c                PROVIDE (__ram_rwdata_start, ABSOLUTE (.))
                0x0081125c                . = ALIGN (0x4)
 *(.got.plt)
 *(.got)
 *(.data1)
 *(.data .data.* .gnu.linkonce.d.*)
 .data          0x0081125c        0x0 ../cmv_controller_bsp//obj/HAL/src/crt0.o
 .data          0x0081125c        0x0 obj/default/controller/SPI.o
 .data          0x0081125c        0x0 obj/default/controller/UART.o
 .data          0x0081125c        0x0 obj/default/main.o
 .data          0x0081125c        0x0 c:/logicielge1/altera/13.0sp1/nios2eds/bin/gnu/h-i686-mingw32/bin/../lib/gcc/nios2-elf/4.1.2/../../../../nios2-elf/lib\libstdc++.a(eh_throw.o)
 .data          0x0081125c        0x0 c:/logicielge1/altera/13.0sp1/nios2eds/bin/gnu/h-i686-mingw32/bin/../lib/gcc/nios2-elf/4.1.2/../../../../nios2-elf/lib\libstdc++.a(eh_term_handler.o)
 .data          0x0081125c        0x0 c:/logicielge1/altera/13.0sp1/nios2eds/bin/gnu/h-i686-mingw32/bin/../lib/gcc/nios2-elf/4.1.2/../../../../nios2-elf/lib\libstdc++.a(new_opv.o)
 .data          0x0081125c        0x0 c:/logicielge1/altera/13.0sp1/nios2eds/bin/gnu/h-i686-mingw32/bin/../lib/gcc/nios2-elf/4.1.2/../../../../nios2-elf/lib\libstdc++.a(eh_catch.o)
 .data          0x0081125c        0x0 c:/logicielge1/altera/13.0sp1/nios2eds/bin/gnu/h-i686-mingw32/bin/../lib/gcc/nios2-elf/4.1.2/../../../../nios2-elf/lib\libstdc++.a(del_op.o)
 .data          0x0081125c        0x0 c:/logicielge1/altera/13.0sp1/nios2eds/bin/gnu/h-i686-mingw32/bin/../lib/gcc/nios2-elf/4.1.2/../../../../nios2-elf/lib\libstdc++.a(del_opv.o)
 .data          0x0081125c        0x0 c:/logicielge1/altera/13.0sp1/nios2eds/bin/gnu/h-i686-mingw32/bin/../lib/gcc/nios2-elf/4.1.2/../../../../nios2-elf/lib\libstdc++.a(eh_unex_handler.o)
 .data          0x0081125c        0x0 c:/logicielge1/altera/13.0sp1/nios2eds/bin/gnu/h-i686-mingw32/bin/../lib/gcc/nios2-elf/4.1.2/../../../../nios2-elf/lib\libstdc++.a(eh_personality.o)
 .data          0x0081125c        0x0 c:/logicielge1/altera/13.0sp1/nios2eds/bin/gnu/h-i686-mingw32/bin/../lib/gcc/nios2-elf/4.1.2/../../../../nios2-elf/lib\libstdc++.a(class_type_info.o)
 .data          0x0081125c        0x0 c:/logicielge1/altera/13.0sp1/nios2eds/bin/gnu/h-i686-mingw32/bin/../lib/gcc/nios2-elf/4.1.2/../../../../nios2-elf/lib\libstdc++.a(si_class_type_info.o)
 .data          0x0081125c        0x0 c:/logicielge1/altera/13.0sp1/nios2eds/bin/gnu/h-i686-mingw32/bin/../lib/gcc/nios2-elf/4.1.2/../../../../nios2-elf/lib\libstdc++.a(eh_globals.o)
 .data          0x0081125c        0x0 c:/logicielge1/altera/13.0sp1/nios2eds/bin/gnu/h-i686-mingw32/bin/../lib/gcc/nios2-elf/4.1.2/../../../../nios2-elf/lib\libstdc++.a(eh_terminate.o)
 .data          0x0081125c        0x0 c:/logicielge1/altera/13.0sp1/nios2eds/bin/gnu/h-i686-mingw32/bin/../lib/gcc/nios2-elf/4.1.2/../../../../nios2-elf/lib\libstdc++.a(new_op.o)
 .data          0x0081125c        0x0 c:/logicielge1/altera/13.0sp1/nios2eds/bin/gnu/h-i686-mingw32/bin/../lib/gcc/nios2-elf/4.1.2/../../../../nios2-elf/lib\libstdc++.a(eh_call.o)
 .data          0x0081125c        0x0 c:/logicielge1/altera/13.0sp1/nios2eds/bin/gnu/h-i686-mingw32/bin/../lib/gcc/nios2-elf/4.1.2/../../../../nios2-elf/lib\libstdc++.a(eh_exception.o)
 .data          0x0081125c        0x0 c:/logicielge1/altera/13.0sp1/nios2eds/bin/gnu/h-i686-mingw32/bin/../lib/gcc/nios2-elf/4.1.2/../../../../nios2-elf/lib\libstdc++.a(fundamental_type_info.o)
 .data          0x0081125c        0x0 c:/logicielge1/altera/13.0sp1/nios2eds/bin/gnu/h-i686-mingw32/bin/../lib/gcc/nios2-elf/4.1.2/../../../../nios2-elf/lib\libstdc++.a(new_handler.o)
 .data          0x0081125c        0x0 c:/logicielge1/altera/13.0sp1/nios2eds/bin/gnu/h-i686-mingw32/bin/../lib/gcc/nios2-elf/4.1.2/../../../../nios2-elf/lib\libstdc++.a(eh_alloc.o)
 .data          0x0081125c        0x0 c:/logicielge1/altera/13.0sp1/nios2eds/bin/gnu/h-i686-mingw32/bin/../lib/gcc/nios2-elf/4.1.2/../../../../nios2-elf/lib\libstdc++.a(tinfo.o)
 .data          0x0081125c        0x0 c:/logicielge1/altera/13.0sp1/nios2eds/bin/gnu/h-i686-mingw32/bin/../lib/gcc/nios2-elf/4.1.2/../../../../nios2-elf/lib\libstdc++.a(pointer_type_info.o)
 .data          0x0081125c        0x0 c:/logicielge1/altera/13.0sp1/nios2eds/bin/gnu/h-i686-mingw32/bin/../lib/gcc/nios2-elf/4.1.2/../../../../nios2-elf/lib\libstdc++.a(pbase_type_info.o)
 .data          0x0081125c        0x0 c:/logicielge1/altera/13.0sp1/nios2eds/bin/gnu/h-i686-mingw32/bin/../lib/gcc/nios2-elf/4.1.2\libgcc.a(unwind-sjlj.o)
 .data          0x0081125c        0x0 c:/logicielge1/altera/13.0sp1/nios2eds/bin/gnu/h-i686-mingw32/bin/../lib/gcc/nios2-elf/4.1.2/../../../../nios2-elf/lib\libc.a(lib_a-abort.o)
 .data          0x0081125c        0x0 c:/logicielge1/altera/13.0sp1/nios2eds/bin/gnu/h-i686-mingw32/bin/../lib/gcc/nios2-elf/4.1.2/../../../../nios2-elf/lib\libc.a(lib_a-malloc.o)
 .data          0x0081125c      0x408 c:/logicielge1/altera/13.0sp1/nios2eds/bin/gnu/h-i686-mingw32/bin/../lib/gcc/nios2-elf/4.1.2/../../../../nios2-elf/lib\libc.a(lib_a-mallocr.o)
                0x0081125c                __malloc_av_
 .data          0x00811664        0x0 c:/logicielge1/altera/13.0sp1/nios2eds/bin/gnu/h-i686-mingw32/bin/../lib/gcc/nios2-elf/4.1.2/../../../../nios2-elf/lib\libc.a(lib_a-memset.o)
 .data          0x00811664        0x0 c:/logicielge1/altera/13.0sp1/nios2eds/bin/gnu/h-i686-mingw32/bin/../lib/gcc/nios2-elf/4.1.2/../../../../nios2-elf/lib\libc.a(lib_a-sbrkr.o)
 .data          0x00811664        0x0 c:/logicielge1/altera/13.0sp1/nios2eds/bin/gnu/h-i686-mingw32/bin/../lib/gcc/nios2-elf/4.1.2/../../../../nios2-elf/lib\libc.a(lib_a-signal.o)
 .data          0x00811664        0x0 c:/logicielge1/altera/13.0sp1/nios2eds/bin/gnu/h-i686-mingw32/bin/../lib/gcc/nios2-elf/4.1.2/../../../../nios2-elf/lib\libc.a(lib_a-signalr.o)
 .data          0x00811664        0x0 c:/logicielge1/altera/13.0sp1/nios2eds/bin/gnu/h-i686-mingw32/bin/../lib/gcc/nios2-elf/4.1.2/../../../../nios2-elf/lib\libc.a(lib_a-strlen.o)
 .data          0x00811664        0x0 c:/logicielge1/altera/13.0sp1/nios2eds/bin/gnu/h-i686-mingw32/bin/../lib/gcc/nios2-elf/4.1.2/../../../../nios2-elf/lib\libc.a(lib_a-vsnprintf.o)
 .data          0x00811664        0x0 c:/logicielge1/altera/13.0sp1/nios2eds/bin/gnu/h-i686-mingw32/bin/../lib/gcc/nios2-elf/4.1.2/../../../../nios2-elf/lib\libc.a(lib_a-freer.o)
 .data          0x00811664      0x400 c:/logicielge1/altera/13.0sp1/nios2eds/bin/gnu/h-i686-mingw32/bin/../lib/gcc/nios2-elf/4.1.2/../../../../nios2-elf/lib\libc.a(lib_a-impure.o)
 .data          0x00811a64        0x0 c:/logicielge1/altera/13.0sp1/nios2eds/bin/gnu/h-i686-mingw32/bin/../lib/gcc/nios2-elf/4.1.2/../../../../nios2-elf/lib\libc.a(lib_a-int_errno.o)
 .data          0x00811a64        0x0 c:/logicielge1/altera/13.0sp1/nios2eds/bin/gnu/h-i686-mingw32/bin/../lib/gcc/nios2-elf/4.1.2/../../../../nios2-elf/lib\libc.a(lib_a-vfprintf.o)
 .data          0x00811a64        0x0 c:/logicielge1/altera/13.0sp1/nios2eds/bin/gnu/h-i686-mingw32/bin/../lib/gcc/nios2-elf/4.1.2/../../../../nios2-elf/lib\libc.a(lib_a-wsetup.o)
 .data          0x00811a64        0x0 c:/logicielge1/altera/13.0sp1/nios2eds/bin/gnu/h-i686-mingw32/bin/../lib/gcc/nios2-elf/4.1.2/../../../../nios2-elf/lib\libc.a(lib_a-dtoa.o)
 .data          0x00811a64        0x0 c:/logicielge1/altera/13.0sp1/nios2eds/bin/gnu/h-i686-mingw32/bin/../lib/gcc/nios2-elf/4.1.2/../../../../nios2-elf/lib\libc.a(lib_a-fflush.o)
 .data          0x00811a64        0x0 c:/logicielge1/altera/13.0sp1/nios2eds/bin/gnu/h-i686-mingw32/bin/../lib/gcc/nios2-elf/4.1.2/../../../../nios2-elf/lib\libc.a(lib_a-findfp.o)
 .data          0x00811a64        0x0 c:/logicielge1/altera/13.0sp1/nios2eds/bin/gnu/h-i686-mingw32/bin/../lib/gcc/nios2-elf/4.1.2/../../../../nios2-elf/lib\libc.a(lib_a-fvwrite.o)
 .data          0x00811a64        0x0 c:/logicielge1/altera/13.0sp1/nios2eds/bin/gnu/h-i686-mingw32/bin/../lib/gcc/nios2-elf/4.1.2/../../../../nios2-elf/lib\libc.a(lib_a-fwalk.o)
 .data          0x00811a64        0xc c:/logicielge1/altera/13.0sp1/nios2eds/bin/gnu/h-i686-mingw32/bin/../lib/gcc/nios2-elf/4.1.2/../../../../nios2-elf/lib\libc.a(lib_a-locale.o)
                0x00811a64                __lc_ctype
 .data          0x00811a70        0x0 c:/logicielge1/altera/13.0sp1/nios2eds/bin/gnu/h-i686-mingw32/bin/../lib/gcc/nios2-elf/4.1.2/../../../../nios2-elf/lib\libc.a(lib_a-makebuf.o)
 .data          0x00811a70        0x0 c:/logicielge1/altera/13.0sp1/nios2eds/bin/gnu/h-i686-mingw32/bin/../lib/gcc/nios2-elf/4.1.2/../../../../nios2-elf/lib\libc.a(lib_a-memchr.o)
 .data          0x00811a70        0x0 c:/logicielge1/altera/13.0sp1/nios2eds/bin/gnu/h-i686-mingw32/bin/../lib/gcc/nios2-elf/4.1.2/../../../../nios2-elf/lib\libc.a(lib_a-memcpy.o)
 .data          0x00811a70        0x0 c:/logicielge1/altera/13.0sp1/nios2eds/bin/gnu/h-i686-mingw32/bin/../lib/gcc/nios2-elf/4.1.2/../../../../nios2-elf/lib\libc.a(lib_a-memmove.o)
 .data          0x00811a70        0x0 c:/logicielge1/altera/13.0sp1/nios2eds/bin/gnu/h-i686-mingw32/bin/../lib/gcc/nios2-elf/4.1.2/../../../../nios2-elf/lib\libc.a(lib_a-mprec.o)
 .data          0x00811a70        0x0 c:/logicielge1/altera/13.0sp1/nios2eds/bin/gnu/h-i686-mingw32/bin/../lib/gcc/nios2-elf/4.1.2/../../../../nios2-elf/lib\libc.a(lib_a-reallocr.o)
 .data          0x00811a70        0x0 c:/logicielge1/altera/13.0sp1/nios2eds/bin/gnu/h-i686-mingw32/bin/../lib/gcc/nios2-elf/4.1.2/../../../../nios2-elf/lib\libc.a(lib_a-s_isinfd.o)
 .data          0x00811a70        0x0 c:/logicielge1/altera/13.0sp1/nios2eds/bin/gnu/h-i686-mingw32/bin/../lib/gcc/nios2-elf/4.1.2/../../../../nios2-elf/lib\libc.a(lib_a-s_isnand.o)
 .data          0x00811a70        0x0 c:/logicielge1/altera/13.0sp1/nios2eds/bin/gnu/h-i686-mingw32/bin/../lib/gcc/nios2-elf/4.1.2/../../../../nios2-elf/lib\libc.a(lib_a-stdio.o)
 .data          0x00811a70        0x0 c:/logicielge1/altera/13.0sp1/nios2eds/bin/gnu/h-i686-mingw32/bin/../lib/gcc/nios2-elf/4.1.2/../../../../nios2-elf/lib\libc.a(lib_a-strcmp.o)
 .data          0x00811a70        0x0 c:/logicielge1/altera/13.0sp1/nios2eds/bin/gnu/h-i686-mingw32/bin/../lib/gcc/nios2-elf/4.1.2/../../../../nios2-elf/lib\libc.a(lib_a-writer.o)
 .data          0x00811a70        0x0 c:/logicielge1/altera/13.0sp1/nios2eds/bin/gnu/h-i686-mingw32/bin/../lib/gcc/nios2-elf/4.1.2/../../../../nios2-elf/lib\libc.a(lib_a-callocr.o)
 .data          0x00811a70        0x0 c:/logicielge1/altera/13.0sp1/nios2eds/bin/gnu/h-i686-mingw32/bin/../lib/gcc/nios2-elf/4.1.2/../../../../nios2-elf/lib\libc.a(lib_a-closer.o)
 .data          0x00811a70        0x0 c:/logicielge1/altera/13.0sp1/nios2eds/bin/gnu/h-i686-mingw32/bin/../lib/gcc/nios2-elf/4.1.2/../../../../nios2-elf/lib\libc.a(lib_a-fclose.o)
 .data          0x00811a70        0x0 c:/logicielge1/altera/13.0sp1/nios2eds/bin/gnu/h-i686-mingw32/bin/../lib/gcc/nios2-elf/4.1.2/../../../../nios2-elf/lib\libc.a(lib_a-fstatr.o)
 .data          0x00811a70        0x0 c:/logicielge1/altera/13.0sp1/nios2eds/bin/gnu/h-i686-mingw32/bin/../lib/gcc/nios2-elf/4.1.2/../../../../nios2-elf/lib\libc.a(lib_a-isattyr.o)
 .data          0x00811a70        0x0 c:/logicielge1/altera/13.0sp1/nios2eds/bin/gnu/h-i686-mingw32/bin/../lib/gcc/nios2-elf/4.1.2/../../../../nios2-elf/lib\libc.a(lib_a-lseekr.o)
 .data          0x00811a70        0x0 c:/logicielge1/altera/13.0sp1/nios2eds/bin/gnu/h-i686-mingw32/bin/../lib/gcc/nios2-elf/4.1.2/../../../../nios2-elf/lib\libc.a(lib_a-readr.o)
 .data          0x00811a70        0x0 c:/logicielge1/altera/13.0sp1/nios2eds/bin/gnu/h-i686-mingw32/bin/../lib/gcc/nios2-elf/4.1.2\libgcc.a(_udivdi3.o)
 .data          0x00811a70        0x0 c:/logicielge1/altera/13.0sp1/nios2eds/bin/gnu/h-i686-mingw32/bin/../lib/gcc/nios2-elf/4.1.2\libgcc.a(_umoddi3.o)
 .data          0x00811a70        0x0 c:/logicielge1/altera/13.0sp1/nios2eds/bin/gnu/h-i686-mingw32/bin/../lib/gcc/nios2-elf/4.1.2\libgcc.a(_addsub_df.o)
 .data          0x00811a70        0x0 c:/logicielge1/altera/13.0sp1/nios2eds/bin/gnu/h-i686-mingw32/bin/../lib/gcc/nios2-elf/4.1.2\libgcc.a(_mul_df.o)
 .data          0x00811a70        0x0 c:/logicielge1/altera/13.0sp1/nios2eds/bin/gnu/h-i686-mingw32/bin/../lib/gcc/nios2-elf/4.1.2\libgcc.a(_div_df.o)
 .data          0x00811a70        0x0 c:/logicielge1/altera/13.0sp1/nios2eds/bin/gnu/h-i686-mingw32/bin/../lib/gcc/nios2-elf/4.1.2\libgcc.a(_eq_df.o)
 .data          0x00811a70        0x0 c:/logicielge1/altera/13.0sp1/nios2eds/bin/gnu/h-i686-mingw32/bin/../lib/gcc/nios2-elf/4.1.2\libgcc.a(_ne_df.o)
 .data          0x00811a70        0x0 c:/logicielge1/altera/13.0sp1/nios2eds/bin/gnu/h-i686-mingw32/bin/../lib/gcc/nios2-elf/4.1.2\libgcc.a(_gt_df.o)
 .data          0x00811a70        0x0 c:/logicielge1/altera/13.0sp1/nios2eds/bin/gnu/h-i686-mingw32/bin/../lib/gcc/nios2-elf/4.1.2\libgcc.a(_ge_df.o)
 .data          0x00811a70        0x0 c:/logicielge1/altera/13.0sp1/nios2eds/bin/gnu/h-i686-mingw32/bin/../lib/gcc/nios2-elf/4.1.2\libgcc.a(_lt_df.o)
 .data          0x00811a70        0x0 c:/logicielge1/altera/13.0sp1/nios2eds/bin/gnu/h-i686-mingw32/bin/../lib/gcc/nios2-elf/4.1.2\libgcc.a(_si_to_df.o)
 .data          0x00811a70        0x0 c:/logicielge1/altera/13.0sp1/nios2eds/bin/gnu/h-i686-mingw32/bin/../lib/gcc/nios2-elf/4.1.2\libgcc.a(_df_to_si.o)
 .data          0x00811a70        0x0 c:/logicielge1/altera/13.0sp1/nios2eds/bin/gnu/h-i686-mingw32/bin/../lib/gcc/nios2-elf/4.1.2\libgcc.a(_thenan_df.o)
 .data          0x00811a70        0x0 c:/logicielge1/altera/13.0sp1/nios2eds/bin/gnu/h-i686-mingw32/bin/../lib/gcc/nios2-elf/4.1.2\libgcc.a(_usi_to_df.o)
 .data          0x00811a70        0x0 c:/logicielge1/altera/13.0sp1/nios2eds/bin/gnu/h-i686-mingw32/bin/../lib/gcc/nios2-elf/4.1.2\libgcc.a(lib2-divmod.o)
 .data          0x00811a70        0x0 c:/logicielge1/altera/13.0sp1/nios2eds/bin/gnu/h-i686-mingw32/bin/../lib/gcc/nios2-elf/4.1.2\libgcc.a(_muldi3.o)
 .data          0x00811a70        0x0 c:/logicielge1/altera/13.0sp1/nios2eds/bin/gnu/h-i686-mingw32/bin/../lib/gcc/nios2-elf/4.1.2\libgcc.a(_clz.o)
 .data          0x00811a70        0x0 c:/logicielge1/altera/13.0sp1/nios2eds/bin/gnu/h-i686-mingw32/bin/../lib/gcc/nios2-elf/4.1.2\libgcc.a(_clzsi2.o)
 .data          0x00811a70        0x0 c:/logicielge1/altera/13.0sp1/nios2eds/bin/gnu/h-i686-mingw32/bin/../lib/gcc/nios2-elf/4.1.2\libgcc.a(_pack_df.o)
 .data          0x00811a70        0x0 c:/logicielge1/altera/13.0sp1/nios2eds/bin/gnu/h-i686-mingw32/bin/../lib/gcc/nios2-elf/4.1.2\libgcc.a(_unpack_df.o)
 .data          0x00811a70        0x0 c:/logicielge1/altera/13.0sp1/nios2eds/bin/gnu/h-i686-mingw32/bin/../lib/gcc/nios2-elf/4.1.2\libgcc.a(_fpcmp_parts_df.o)
 .data          0x00811a70        0x0 ../cmv_controller_bsp/\libhal_bsp.a(alt_close.o)
 .data          0x00811a70      0x1a8 ../cmv_controller_bsp/\libhal_bsp.a(alt_dev.o)
                0x00811a70                alt_dev_null
                0x00811a98                alt_fd_list
 .data          0x00811c18        0x0 ../cmv_controller_bsp/\libhal_bsp.a(alt_errno.o)
 .data          0x00811c18        0x0 ../cmv_controller_bsp/\libhal_bsp.a(alt_exit.o)
 .data          0x00811c18        0x0 ../cmv_controller_bsp/\libhal_bsp.a(alt_fstat.o)
 .data          0x00811c18        0x0 ../cmv_controller_bsp/\libhal_bsp.a(alt_getpid.o)
 .data          0x00811c18        0x0 ../cmv_controller_bsp/\libhal_bsp.a(alt_irq_register.o)
 .data          0x00811c18        0x0 ../cmv_controller_bsp/\libhal_bsp.a(alt_irq_vars.o)
 .data          0x00811c18        0x0 ../cmv_controller_bsp/\libhal_bsp.a(alt_isatty.o)
 .data          0x00811c18        0x0 ../cmv_controller_bsp/\libhal_bsp.a(alt_kill.o)
 .data          0x00811c18        0x0 ../cmv_controller_bsp/\libhal_bsp.a(alt_load.o)
 .data          0x00811c18        0x0 ../cmv_controller_bsp/\libhal_bsp.a(alt_lseek.o)
 .data          0x00811c18        0x0 ../cmv_controller_bsp/\libhal_bsp.a(alt_main.o)
 .data          0x00811c18        0x0 ../cmv_controller_bsp/\libhal_bsp.a(alt_malloc_lock.o)
 .data          0x00811c18        0x0 ../cmv_controller_bsp/\libhal_bsp.a(alt_read.o)
 .data          0x00811c18        0x0 ../cmv_controller_bsp/\libhal_bsp.a(alt_release_fd.o)
 .data          0x00811c18        0x0 ../cmv_controller_bsp/\libhal_bsp.a(alt_sbrk.o)
 .data          0x00811c18        0x0 ../cmv_controller_bsp/\libhal_bsp.a(alt_write.o)
 .data          0x00811c18     0x1124 ../cmv_controller_bsp/\libhal_bsp.a(alt_sys_init.o)
 .data          0x00812d3c        0x0 ../cmv_controller_bsp/\libhal_bsp.a(altera_avalon_jtag_uart_fd.o)
 .data          0x00812d3c        0x0 ../cmv_controller_bsp/\libhal_bsp.a(altera_avalon_jtag_uart_init.o)
 .data          0x00812d3c        0x0 ../cmv_controller_bsp/\libhal_bsp.a(altera_avalon_jtag_uart_ioctl.o)
 .data          0x00812d3c        0x0 ../cmv_controller_bsp/\libhal_bsp.a(altera_avalon_jtag_uart_read.o)
 .data          0x00812d3c        0x0 ../cmv_controller_bsp/\libhal_bsp.a(altera_avalon_jtag_uart_write.o)
 .data          0x00812d3c        0x0 ../cmv_controller_bsp/\libhal_bsp.a(altera_avalon_spi.o)
 .data          0x00812d3c        0x0 ../cmv_controller_bsp/\libhal_bsp.a(altera_avalon_uart_fd.o)
 .data          0x00812d3c        0x0 ../cmv_controller_bsp/\libhal_bsp.a(altera_avalon_uart_init.o)
 .data          0x00812d3c        0x0 ../cmv_controller_bsp/\libhal_bsp.a(altera_avalon_uart_read.o)
 .data          0x00812d3c        0x0 ../cmv_controller_bsp/\libhal_bsp.a(altera_avalon_uart_write.o)
 .data          0x00812d3c        0x0 ../cmv_controller_bsp/\libhal_bsp.a(alt_alarm_start.o)
 .data          0x00812d3c        0x0 ../cmv_controller_bsp/\libhal_bsp.a(alt_dcache_flush_all.o)
 .data          0x00812d3c        0x0 ../cmv_controller_bsp/\libhal_bsp.a(alt_dev_llist_insert.o)
 .data          0x00812d3c        0x0 ../cmv_controller_bsp/\libhal_bsp.a(alt_do_ctors.o)
 .data          0x00812d3c        0x0 ../cmv_controller_bsp/\libhal_bsp.a(alt_do_dtors.o)
 .data          0x00812d3c        0x0 ../cmv_controller_bsp/\libhal_bsp.a(alt_icache_flush_all.o)
 .data          0x00812d3c        0x0 ../cmv_controller_bsp/\libhal_bsp.a(alt_iic.o)
 .data          0x00812d3c        0x0 ../cmv_controller_bsp/\libhal_bsp.a(alt_iic_isr_register.o)
 .data          0x00812d3c        0x0 ../cmv_controller_bsp/\libhal_bsp.a(alt_io_redirect.o)
 .data          0x00812d3c        0x0 ../cmv_controller_bsp/\libhal_bsp.a(alt_irq_entry.o)
 .data          0x00812d3c        0x0 ../cmv_controller_bsp/\libhal_bsp.a(alt_irq_handler.o)
 .data          0x00812d3c        0x0 ../cmv_controller_bsp/\libhal_bsp.a(alt_open.o)
 .data          0x00812d3c        0x0 ../cmv_controller_bsp/\libhal_bsp.a(alt_tick.o)
 .data          0x00812d3c        0x0 ../cmv_controller_bsp/\libhal_bsp.a(altera_nios2_qsys_irq.o)
 .data          0x00812d3c        0x0 ../cmv_controller_bsp/\libhal_bsp.a(alt_exception_entry.o)
 .data          0x00812d3c        0x0 ../cmv_controller_bsp/\libhal_bsp.a(alt_find_dev.o)
 .data          0x00812d3c        0x0 ../cmv_controller_bsp/\libhal_bsp.a(alt_find_file.o)
 .data          0x00812d3c        0x0 ../cmv_controller_bsp/\libhal_bsp.a(alt_get_fd.o)
 .data          0x00812d3c        0x0 ../cmv_controller_bsp/\libhal_bsp.a(alt_icache_flush.o)
 .data          0x00812d3c        0x0 c:/logicielge1/altera/13.0sp1/nios2eds/bin/gnu/h-i686-mingw32/bin/../lib/gcc/nios2-elf/4.1.2/../../../../nios2-elf/lib\libc.a(lib_a-atexit.o)
 .data          0x00812d3c        0x0 c:/logicielge1/altera/13.0sp1/nios2eds/bin/gnu/h-i686-mingw32/bin/../lib/gcc/nios2-elf/4.1.2/../../../../nios2-elf/lib\libc.a(lib_a-exit.o)
 .data          0x00812d3c        0x0 c:/logicielge1/altera/13.0sp1/nios2eds/bin/gnu/h-i686-mingw32/bin/../lib/gcc/nios2-elf/4.1.2/../../../../nios2-elf/lib\libc.a(lib_a-memcmp.o)
 .data          0x00812d3c        0x0 c:/logicielge1/altera/13.0sp1/nios2eds/bin/gnu/h-i686-mingw32/bin/../lib/gcc/nios2-elf/4.1.2/../../../../nios2-elf/lib\libc.a(lib_a-__atexit.o)
 .data          0x00812d3c        0x0 c:/logicielge1/altera/13.0sp1/nios2eds/bin/gnu/h-i686-mingw32/bin/../lib/gcc/nios2-elf/4.1.2/../../../../nios2-elf/lib\libc.a(lib_a-__call_atexit.o)
                0x0081ad3c                _gp = ABSOLUTE ((. + 0x8000))
                0x0081ad3c                PROVIDE (gp, _gp)
 *(.rwdata .rwdata.*)
 *(.sdata .sdata.* .gnu.linkonce.s.*)
 .sdata._ZTS3SPI
                0x00812d3c        0x8 obj/default/controller/SPI.o
                0x00812d3c                typeinfo name for SPI
 .sdata._ZTI3SPI
                0x00812d44        0x8 obj/default/controller/SPI.o
                0x00812d44                typeinfo for SPI
 .sdata._ZTS4UART
                0x00812d4c        0x8 obj/default/controller/UART.o
                0x00812d4c                typeinfo name for UART
 .sdata._ZTI4UART
                0x00812d54        0x8 obj/default/controller/UART.o
                0x00812d54                typeinfo for UART
 .sdata._ZTI4FIFOIcE
                0x00812d5c        0x8 obj/default/controller/UART.o
                0x00812d5c                typeinfo for FIFO<char>
 .sdata         0x00812d64        0x4 c:/logicielge1/altera/13.0sp1/nios2eds/bin/gnu/h-i686-mingw32/bin/../lib/gcc/nios2-elf/4.1.2/../../../../nios2-elf/lib\libstdc++.a(eh_term_handler.o)
                0x00812d64                __cxxabiv1::__terminate_handler
 .sdata         0x00812d68        0x4 c:/logicielge1/altera/13.0sp1/nios2eds/bin/gnu/h-i686-mingw32/bin/../lib/gcc/nios2-elf/4.1.2/../../../../nios2-elf/lib\libstdc++.a(eh_unex_handler.o)
                0x00812d68                __cxxabiv1::__unexpected_handler
 .sdata._ZTISt9exception
                0x00812d6c        0x8 c:/logicielge1/altera/13.0sp1/nios2eds/bin/gnu/h-i686-mingw32/bin/../lib/gcc/nios2-elf/4.1.2/../../../../nios2-elf/lib\libstdc++.a(eh_exception.o)
                0x00812d6c                typeinfo for std::exception
 .sdata._ZTIe   0x00812d74        0x8 c:/logicielge1/altera/13.0sp1/nios2eds/bin/gnu/h-i686-mingw32/bin/../lib/gcc/nios2-elf/4.1.2/../../../../nios2-elf/lib\libstdc++.a(fundamental_type_info.o)
                0x00812d74                typeinfo for long double
 .sdata._ZTId   0x00812d7c        0x8 c:/logicielge1/altera/13.0sp1/nios2eds/bin/gnu/h-i686-mingw32/bin/../lib/gcc/nios2-elf/4.1.2/../../../../nios2-elf/lib\libstdc++.a(fundamental_type_info.o)
                0x00812d7c                typeinfo for double
 .sdata._ZTIf   0x00812d84        0x8 c:/logicielge1/altera/13.0sp1/nios2eds/bin/gnu/h-i686-mingw32/bin/../lib/gcc/nios2-elf/4.1.2/../../../../nios2-elf/lib\libstdc++.a(fundamental_type_info.o)
                0x00812d84                typeinfo for float
 .sdata._ZTIy   0x00812d8c        0x8 c:/logicielge1/altera/13.0sp1/nios2eds/bin/gnu/h-i686-mingw32/bin/../lib/gcc/nios2-elf/4.1.2/../../../../nios2-elf/lib\libstdc++.a(fundamental_type_info.o)
                0x00812d8c                typeinfo for unsigned long long
 .sdata._ZTIx   0x00812d94        0x8 c:/logicielge1/altera/13.0sp1/nios2eds/bin/gnu/h-i686-mingw32/bin/../lib/gcc/nios2-elf/4.1.2/../../../../nios2-elf/lib\libstdc++.a(fundamental_type_info.o)
                0x00812d94                typeinfo for long long
 .sdata._ZTIm   0x00812d9c        0x8 c:/logicielge1/altera/13.0sp1/nios2eds/bin/gnu/h-i686-mingw32/bin/../lib/gcc/nios2-elf/4.1.2/../../../../nios2-elf/lib\libstdc++.a(fundamental_type_info.o)
                0x00812d9c                typeinfo for unsigned long
 .sdata._ZTIl   0x00812da4        0x8 c:/logicielge1/altera/13.0sp1/nios2eds/bin/gnu/h-i686-mingw32/bin/../lib/gcc/nios2-elf/4.1.2/../../../../nios2-elf/lib\libstdc++.a(fundamental_type_info.o)
                0x00812da4                typeinfo for long
 .sdata._ZTIj   0x00812dac        0x8 c:/logicielge1/altera/13.0sp1/nios2eds/bin/gnu/h-i686-mingw32/bin/../lib/gcc/nios2-elf/4.1.2/../../../../nios2-elf/lib\libstdc++.a(fundamental_type_info.o)
                0x00812dac                typeinfo for unsigned int
 .sdata._ZTIi   0x00812db4        0x8 c:/logicielge1/altera/13.0sp1/nios2eds/bin/gnu/h-i686-mingw32/bin/../lib/gcc/nios2-elf/4.1.2/../../../../nios2-elf/lib\libstdc++.a(fundamental_type_info.o)
                0x00812db4                typeinfo for int
 .sdata._ZTIt   0x00812dbc        0x8 c:/logicielge1/altera/13.0sp1/nios2eds/bin/gnu/h-i686-mingw32/bin/../lib/gcc/nios2-elf/4.1.2/../../../../nios2-elf/lib\libstdc++.a(fundamental_type_info.o)
                0x00812dbc                typeinfo for unsigned short
 .sdata._ZTIs   0x00812dc4        0x8 c:/logicielge1/altera/13.0sp1/nios2eds/bin/gnu/h-i686-mingw32/bin/../lib/gcc/nios2-elf/4.1.2/../../../../nios2-elf/lib\libstdc++.a(fundamental_type_info.o)
                0x00812dc4                typeinfo for short
 .sdata._ZTIh   0x00812dcc        0x8 c:/logicielge1/altera/13.0sp1/nios2eds/bin/gnu/h-i686-mingw32/bin/../lib/gcc/nios2-elf/4.1.2/../../../../nios2-elf/lib\libstdc++.a(fundamental_type_info.o)
                0x00812dcc                typeinfo for unsigned char