Archive member included because of file (symbol)

c:/logicielge1/altera/13.0sp1/nios2eds/bin/gnu/h-i686-mingw32/bin/../lib/gcc/nios2-elf/4.1.2/../../../../nios2-elf/lib\libstdc++.a(eh_throw.o)
                              obj/default/controller/PIO.o (__cxa_throw)
c:/logicielge1/altera/13.0sp1/nios2eds/bin/gnu/h-i686-mingw32/bin/../lib/gcc/nios2-elf/4.1.2/../../../../nios2-elf/lib\libstdc++.a(eh_term_handler.o)
                              c:/logicielge1/altera/13.0sp1/nios2eds/bin/gnu/h-i686-mingw32/bin/../lib/gcc/nios2-elf/4.1.2/../../../../nios2-elf/lib\libstdc++.a(eh_throw.o) (__cxxabiv1::__terminate_handler)
c:/logicielge1/altera/13.0sp1/nios2eds/bin/gnu/h-i686-mingw32/bin/../lib/gcc/nios2-elf/4.1.2/../../../../nios2-elf/lib\libstdc++.a(new_opv.o)
                              obj/default/controller/UART.o (operator new[](unsigned long))
c:/logicielge1/altera/13.0sp1/nios2eds/bin/gnu/h-i686-mingw32/bin/../lib/gcc/nios2-elf/4.1.2/../../../../nios2-elf/lib\libstdc++.a(eh_catch.o)
                              obj/default/main.o (__cxa_end_catch)
c:/logicielge1/altera/13.0sp1/nios2eds/bin/gnu/h-i686-mingw32/bin/../lib/gcc/nios2-elf/4.1.2/../../../../nios2-elf/lib\libstdc++.a(del_op.o)
                              obj/default/FSM.o (operator delete(void*))
c:/logicielge1/altera/13.0sp1/nios2eds/bin/gnu/h-i686-mingw32/bin/../lib/gcc/nios2-elf/4.1.2/../../../../nios2-elf/lib\libstdc++.a(del_opv.o)
                              obj/default/controller/UART.o (operator delete[](void*))
c:/logicielge1/altera/13.0sp1/nios2eds/bin/gnu/h-i686-mingw32/bin/../lib/gcc/nios2-elf/4.1.2/../../../../nios2-elf/lib\libstdc++.a(eh_unex_handler.o)
                              c:/logicielge1/altera/13.0sp1/nios2eds/bin/gnu/h-i686-mingw32/bin/../lib/gcc/nios2-elf/4.1.2/../../../../nios2-elf/lib\libstdc++.a(eh_throw.o) (__cxxabiv1::__unexpected_handler)
c:/logicielge1/altera/13.0sp1/nios2eds/bin/gnu/h-i686-mingw32/bin/../lib/gcc/nios2-elf/4.1.2/../../../../nios2-elf/lib\libstdc++.a(eh_personality.o)
                              obj/default/FSM.o (__gxx_personality_sj0)
c:/logicielge1/altera/13.0sp1/nios2eds/bin/gnu/h-i686-mingw32/bin/../lib/gcc/nios2-elf/4.1.2/../../../../nios2-elf/lib\libstdc++.a(class_type_info.o)
                              obj/default/FSM.o (vtable for __cxxabiv1::__class_type_info)
c:/logicielge1/altera/13.0sp1/nios2eds/bin/gnu/h-i686-mingw32/bin/../lib/gcc/nios2-elf/4.1.2/../../../../nios2-elf/lib\libstdc++.a(si_class_type_info.o)
                              c:/logicielge1/altera/13.0sp1/nios2eds/bin/gnu/h-i686-mingw32/bin/../lib/gcc/nios2-elf/4.1.2/../../../../nios2-elf/lib\libstdc++.a(class_type_info.o) (vtable for __cxxabiv1::__si_class_type_info)
c:/logicielge1/altera/13.0sp1/nios2eds/bin/gnu/h-i686-mingw32/bin/../lib/gcc/nios2-elf/4.1.2/../../../../nios2-elf/lib\libstdc++.a(eh_globals.o)
                              c:/logicielge1/altera/13.0sp1/nios2eds/bin/gnu/h-i686-mingw32/bin/../lib/gcc/nios2-elf/4.1.2/../../../../nios2-elf/lib\libstdc++.a(eh_catch.o) (__cxa_get_globals_fast)
c:/logicielge1/altera/13.0sp1/nios2eds/bin/gnu/h-i686-mingw32/bin/../lib/gcc/nios2-elf/4.1.2/../../../../nios2-elf/lib\libstdc++.a(eh_terminate.o)
                              c:/logicielge1/altera/13.0sp1/nios2eds/bin/gnu/h-i686-mingw32/bin/../lib/gcc/nios2-elf/4.1.2/../../../../nios2-elf/lib\libstdc++.a(eh_throw.o) (__cxxabiv1::__terminate(void (*)()))
c:/logicielge1/altera/13.0sp1/nios2eds/bin/gnu/h-i686-mingw32/bin/../lib/gcc/nios2-elf/4.1.2/../../../../nios2-elf/lib\libstdc++.a(new_op.o)
                              obj/default/FSM.o (operator new(unsigned long))
c:/logicielge1/altera/13.0sp1/nios2eds/bin/gnu/h-i686-mingw32/bin/../lib/gcc/nios2-elf/4.1.2/../../../../nios2-elf/lib\libstdc++.a(eh_call.o)
                              c:/logicielge1/altera/13.0sp1/nios2eds/bin/gnu/h-i686-mingw32/bin/../lib/gcc/nios2-elf/4.1.2/../../../../nios2-elf/lib\libstdc++.a(eh_personality.o) (__cxa_call_terminate)
c:/logicielge1/altera/13.0sp1/nios2eds/bin/gnu/h-i686-mingw32/bin/../lib/gcc/nios2-elf/4.1.2/../../../../nios2-elf/lib\libstdc++.a(eh_exception.o)
                              c:/logicielge1/altera/13.0sp1/nios2eds/bin/gnu/h-i686-mingw32/bin/../lib/gcc/nios2-elf/4.1.2/../../../../nios2-elf/lib\libstdc++.a(eh_personality.o) (vtable for std::bad_exception)
c:/logicielge1/altera/13.0sp1/nios2eds/bin/gnu/h-i686-mingw32/bin/../lib/gcc/nios2-elf/4.1.2/../../../../nios2-elf/lib\libstdc++.a(fundamental_type_info.o)
                              obj/default/controller/PIO.o (typeinfo for char const*)
c:/logicielge1/altera/13.0sp1/nios2eds/bin/gnu/h-i686-mingw32/bin/../lib/gcc/nios2-elf/4.1.2/../../../../nios2-elf/lib\libstdc++.a(new_handler.o)
                              c:/logicielge1/altera/13.0sp1/nios2eds/bin/gnu/h-i686-mingw32/bin/../lib/gcc/nios2-elf/4.1.2/../../../../nios2-elf/lib\libstdc++.a(new_op.o) (__new_handler)
[...]
Memory Configuration

Name             Origin             Length             Attributes
sdram_controller 0x00800000         0x00800000
reset            0x01004000         0x00000020
onchip_memory    0x01004020         0x000027e0
*default*        0x00000000         0xffffffff

Linker script and memory map

LOAD ../cmv_controller_bsp//obj/HAL/src/crt0.o
LOAD obj/default/FSM.o
LOAD obj/default/controller/PIO.o
LOAD obj/default/controller/PIO_Bus.o
LOAD obj/default/controller/PIO_Pin.o
LOAD obj/default/controller/SPI.o
LOAD obj/default/controller/UART.o
LOAD obj/default/main.o
LOAD c:/logicielge1/altera/13.0sp1/nios2eds/bin/gnu/h-i686-mingw32/bin/../lib/gcc/nios2-elf/4.1.2/../../../../nios2-elf/lib\libstdc++.a
LOAD c:/logicielge1/altera/13.0sp1/nios2eds/bin/gnu/h-i686-mingw32/bin/../lib/gcc/nios2-elf/4.1.2/../../../../nios2-elf/lib\libm.a
LOAD c:/logicielge1/altera/13.0sp1/nios2eds/bin/gnu/h-i686-mingw32/bin/../lib/gcc/nios2-elf/4.1.2\libgcc.a
START GROUP
LOAD c:/logicielge1/altera/13.0sp1/nios2eds/bin/gnu/h-i686-mingw32/bin/../lib/gcc/nios2-elf/4.1.2/../../../../nios2-elf/lib\libc.a
LOAD c:/logicielge1/altera/13.0sp1/nios2eds/bin/gnu/h-i686-mingw32/bin/../lib/gcc/nios2-elf/4.1.2\libgcc.a
LOAD ../cmv_controller_bsp/\libhal_bsp.a
END GROUP
LOAD c:/logicielge1/altera/13.0sp1/nios2eds/bin/gnu/h-i686-mingw32/bin/../lib/gcc/nios2-elf/4.1.2\libgcc.a
                0x00800000                __alt_mem_sdram_controller = 0x800000
                0x01004000                __alt_mem_onchip_memory = 0x1004000

.entry          0x01004000       0x20
 *(.entry)
 .entry         0x01004000       0x20 ../cmv_controller_bsp//obj/HAL/src/crt0.o
                0x01004000                __reset

.exceptions     0x01004020      0x194 load address 0x00800000
                0x01004020                PROVIDE (__ram_exceptions_start, ABSOLUTE (.))
                0x01004020                . = ALIGN (0x20)
 *(.irq)
 *(.exceptions.entry.label)
 .exceptions.entry.label
                0x01004020        0x0 ../cmv_controller_bsp/\libhal_bsp.a(alt_irq_entry.o)
                0x01004020                alt_irq_entry
 .exceptions.entry.label
                0x01004020        0x0 ../cmv_controller_bsp/\libhal_bsp.a(alt_exception_entry.o)
                0x01004020                alt_exception
 *(.exceptions.entry.user)
 *(.exceptions.entry)
 .exceptions.entry
                0x01004020       0x54 ../cmv_controller_bsp/\libhal_bsp.a(alt_exception_entry.o)
 *(.exceptions.irqtest.user)
 *(.exceptions.irqtest)
 .exceptions.irqtest
                0x01004074       0x10 ../cmv_controller_bsp/\libhal_bsp.a(alt_irq_entry.o)
 *(.exceptions.irqhandler.user)
 *(.exceptions.irqhandler)
 .exceptions.irqhandler
                0x01004084        0x4 ../cmv_controller_bsp/\libhal_bsp.a(alt_irq_entry.o)
 *(.exceptions.irqreturn.user)
 *(.exceptions.irqreturn)
 .exceptions.irqreturn
                0x01004088        0x4 ../cmv_controller_bsp/\libhal_bsp.a(alt_irq_entry.o)
 *(.exceptions.notirq.label)
 .exceptions.notirq.label
                0x0100408c        0x0 ../cmv_controller_bsp/\libhal_bsp.a(alt_irq_entry.o)
 *(.exceptions.notirq.user)
 *(.exceptions.notirq)
 .exceptions.notirq
                0x0100408c        0x8 ../cmv_controller_bsp/\libhal_bsp.a(alt_exception_entry.o)
 *(.exceptions.soft.user)
 *(.exceptions.soft)
 *(.exceptions.unknown.user)
 *(.exceptions.unknown)
 .exceptions.unknown
                0x01004094        0x4 ../cmv_controller_bsp/\libhal_bsp.a(alt_exception_entry.o)
 *(.exceptions.exit.label)
 .exceptions.exit.label
                0x01004098        0x0 ../cmv_controller_bsp/\libhal_bsp.a(alt_irq_entry.o)
 .exceptions.exit.label
                0x01004098        0x0 ../cmv_controller_bsp/\libhal_bsp.a(alt_exception_entry.o)
 *(.exceptions.exit.user)
 *(.exceptions.exit)
 .exceptions.exit
                0x01004098       0x54 ../cmv_controller_bsp/\libhal_bsp.a(alt_exception_entry.o)
 *(.exceptions)
 .exceptions    0x010040ec       0xc8 ../cmv_controller_bsp/\libhal_bsp.a(alt_irq_handler.o)
                0x010040ec                alt_irq_handler
                0x010041b4                PROVIDE (__ram_exceptions_end, ABSOLUTE (.))
                0x00800000                PROVIDE (__flash_exceptions_start, LOADADDR (.exceptions))

.text           0x00800194    0x11ea4
                0x00800194                PROVIDE (stext, ABSOLUTE (.))
 *(.interp)
 *(.hash)
 *(.dynsym)
 *(.dynstr)
 *(.gnu.version)
 *(.gnu.version_d)
 *(.gnu.version_r)
 *(.rel.init)
 *(.rela.init)
 *(.rel.text .rel.text.* .rel.gnu.linkonce.t.*)
 *(.rela.text .rela.text.* .rela.gnu.linkonce.t.*)
 *(.rel.fini)
 *(.rela.fini)
 *(.rel.rodata .rel.rodata.* .rel.gnu.linkonce.r.*)
 *(.rela.rodata .rela.rodata.* .rela.gnu.linkonce.r.*)
 *(.rel.data .rel.data.* .rel.gnu.linkonce.d.*)
 *(.rela.data .rela.data.* .rela.gnu.linkonce.d.*)
 *(.rel.tdata .rel.tdata.* .rel.gnu.linkonce.td.*)
 *(.rela.tdata .rela.tdata.* .rela.gnu.linkonce.td.*)
 *(.rel.tbss .rel.tbss.* .rel.gnu.linkonce.tb.*)
 *(.rela.tbss .rela.tbss.* .rela.gnu.linkonce.tb.*)
 *(.rel.ctors)
 *(.rela.ctors)
 *(.rel.dtors)
 *(.rela.dtors)
 *(.rel.got)
 *(.rela.got)
 *(.rel.sdata .rel.sdata.* .rel.gnu.linkonce.s.*)
 *(.rela.sdata .rela.sdata.* .rela.gnu.linkonce.s.*)
 *(.rel.sbss .rel.sbss.* .rel.gnu.linkonce.sb.*)
 *(.rela.sbss .rela.sbss.* .rela.gnu.linkonce.sb.*)
 *(.rel.sdata2 .rel.sdata2.* .rel.gnu.linkonce.s2.*)
 *(.rela.sdata2 .rela.sdata2.* .rela.gnu.linkonce.s2.*)
 *(.rel.sbss2 .rel.sbss2.* .rel.gnu.linkonce.sb2.*)
 *(.rela.sbss2 .rela.sbss2.* .rela.gnu.linkonce.sb2.*)
 *(.rel.bss .rel.bss.* .rel.gnu.linkonce.b.*)
 *(.rela.bss .rela.bss.* .rela.gnu.linkonce.b.*)
 *(.rel.plt)
 *(.rela.plt)
 *(.rel.dyn)
 *(.init)
 *(.plt)
 *(.text .stub .text.* .gnu.linkonce.t.*)
 .text          0x00800194       0x4c ../cmv_controller_bsp//obj/HAL/src/crt0.o
                0x00800194                _start
 .text          0x008001e0      0xb9c obj/default/FSM.o
                0x008001e0                FSM::FSM()
                0x00800218                FSM::FSM()
                0x00800250                FSM::transition()
                0x008002e4                FSM::_unset()
                0x0080036c                FSM::_select_mode()
                0x0080038c                FSM::_wait_request()
                0x008003ac                FSM::_spi_menu()
                0x008003cc                FSM::_spi_read()
                0x008003ec                FSM::_spi_write()
                0x0080040c                FSM::~FSM()
                0x00800464                FSM::~FSM()
                0x008004bc                FSM::~FSM()
                0x00800514                FSM::_init()
                0x00800ce4                FSM::action()
 .text          0x00800d7c      0x2d0 obj/default/controller/PIO.o
                0x00800d7c                PIO::_init_irq()
                0x00800d9c                PIO::getValue()
                0x00800dc8                PIO::setValue(unsigned int)
                0x00800e54                PIO::PIO(unsigned long, unsigned char, PIO::Mode)
                0x00800ed8                PIO::PIO(unsigned long, unsigned char, PIO::Mode)
                0x00800f5c                PIO::~PIO()
                0x00800fac                PIO::~PIO()
                0x00800ffc                PIO::~PIO()
 .text          0x0080104c      0x388 obj/default/controller/PIO_Bus.o
                0x0080104c                PIO_Bus::PIO_Bus(PIO&, unsigned char, unsigned char, unsigned char)
                0x008010d8                PIO_Bus::PIO_Bus(PIO&, unsigned char, unsigned char, unsigned char)
                0x00801164                PIO_Bus::getValue()
                0x008011b8                PIO_Bus::setValue(unsigned int)
                0x00801240                PIO_Bus::allPinTogle()
                0x0080127c                PIO_Bus::allPinOff()
                0x008012b0                PIO_Bus::allPinOn()
                0x008012e4                PIO_Bus::~PIO_Bus()
                0x00801334                PIO_Bus::~PIO_Bus()
                0x00801384                PIO_Bus::~PIO_Bus()
 .text          0x008013d4      0x310 obj/default/controller/PIO_Pin.o
                0x008013d4                PIO_Pin::PIO_Pin(PIO&, unsigned char, unsigned int)
                0x00801434                PIO_Pin::PIO_Pin(PIO&, unsigned char, unsigned int)
                0x00801494                PIO_Pin::~PIO_Pin()
                0x008014e4                PIO_Pin::~PIO_Pin()
                0x00801534                PIO_Pin::~PIO_Pin()
                0x00801584                PIO_Pin::getValue()
                0x008015cc                PIO_Pin::toggle()
                0x00801628                PIO_Pin::off()
                0x00801688                PIO_Pin::on()
 .text          0x008016e4      0x260 obj/default/controller/SPI.o
                0x008016e4                SPI::SPI(unsigned long)
                0x00801724                SPI::SPI(unsigned long)
                0x00801764                SPI::readCMVRegister(unsigned char)
                0x008017d0                SPI::writeCMVRegister(unsigned char, unsigned char)
                0x00801854                SPI::~SPI()
                0x008018a4                SPI::~SPI()
                0x008018f4                SPI::~SPI()
 .text          0x00801944      0xb04 obj/default/controller/UART.o
                0x00801944                UART::outBuffer_isEmpty()
                0x0080197c                UART::inBuffer_isEmpty()
                0x008019b4                UART::buffer_putstr(char const*)
                0x00801a38                UART::buffer_putchar(char)
                0x00801a74                UART::buffer_getchar()
                0x00801ab4                UART::buffer_printf(char const*, ...)
                0x00801c74                UART::send()
                0x00801d28                UART::sendAll()
                0x00801dd4                UART::~UART()
                0x00801e90                UART::~UART()
                0x00801f4c                UART::~UART()
                0x00802008                UART::UART(unsigned long, unsigned long, unsigned int, unsigned int)
                0x00802228                UART::UART(unsigned long, unsigned long, unsigned int, unsigned int)
 .text._ZN4FIFOIcE7isEmptyEv
                0x00802448       0x34 obj/default/controller/UART.o
                0x00802448                FIFO<char>::isEmpty()
 .text._ZN4FIFOIcE6isFullEv
                0x0080247c       0x74 obj/default/controller/UART.o
                0x0080247c                FIFO<char>::isFull()
 .text._ZN4FIFOIcE4lockEv
                0x008024f0       0x20 obj/default/controller/UART.o
                0x008024f0                FIFO<char>::lock()
 .text._ZN4FIFOIcE6unlockEv
                0x00802510       0x20 obj/default/controller/UART.o
                0x00802510                FIFO<char>::unlock()
 .text._ZN4FIFOIcE21_triggerFullConditionEv
                0x00802530       0x40 obj/default/controller/UART.o
                0x00802530                FIFO<char>::_triggerFullCondition()
 .text._ZN4FIFOIcE4pushEc
                0x00802570       0x88 obj/default/controller/UART.o
                0x00802570                FIFO<char>::push(char)
 .text._ZN4FIFOIcE22_triggerEmptyConditionEv
                0x008025f8       0x40 obj/default/controller/UART.o
                0x008025f8                FIFO<char>::_triggerEmptyCondition()
 .text._ZN4FIFOIcE4pullEv
                0x00802638       0x84 obj/default/controller/UART.o
                0x00802638                FIFO<char>::pull()
 .text._ZN4FIFOIcEC1Ej
                0x008026bc       0xc0 obj/default/controller/UART.o
                0x008026bc                FIFO<char>::FIFO(unsigned int)
 .text._ZN4FIFOIcED0Ev
                0x0080277c       0x6c obj/default/controller/UART.o
                0x0080277c                FIFO<char>::~FIFO()
 .text._ZN4FIFOIcED1Ev
                0x008027e8       0x6c obj/default/controller/UART.o
                0x008027e8                FIFO<char>::~FIFO()
 .text          0x00802854      0x180 obj/default/main.o
                0x00802854                main
 .text          0x008029d4      0x148 c:/logicielge1/altera/13.0sp1/nios2eds/bin/gnu/h-i686-mingw32/bin/../lib/gcc/nios2-elf/4.1.2/../../../../nios2-elf/lib\libstdc++.a(eh_throw.o)
                0x008029d4                __cxa_rethrow
                0x00802a48                __cxa_throw
 .text          0x00802b1c        0x0 c:/logicielge1/altera/13.0sp1/nios2eds/bin/gnu/h-i686-mingw32/bin/../lib/gcc/nios2-elf/4.1.2/../../../../nios2-elf/lib\libstdc++.a(eh_term_handler.o)
 .text          0x00802b1c       0xa0 c:/logicielge1/altera/13.0sp1/nios2eds/bin/gnu/h-i686-mingw32/bin/../lib/gcc/nios2-elf/4.1.2/../../../../nios2-elf/lib\libstdc++.a(new_opv.o)
                0x00802b1c                operator new[](unsigned long)
 .text          0x00802bbc      0x1e4 c:/logicielge1/altera/13.0sp1/nios2eds/bin/gnu/h-i686-mingw32/bin/../lib/gcc/nios2-elf/4.1.2/../../../../nios2-elf/lib\libstdc++.a(eh_catch.o)
                0x00802bbc                __cxa_get_exception_ptr
                0x00802bc4                std::uncaught_exception()
                0x00802be4                __cxa_end_catch
                0x00802c88                __cxa_begin_catch
 .text          0x00802da0        0xc c:/logicielge1/altera/13.0sp1/nios2eds/bin/gnu/h-i686-mingw32/bin/../lib/gcc/nios2-elf/4.1.2/../../../../nios2-elf/lib\libstdc++.a(del_op.o)
                0x00802da0                operator delete(void*)
 .text          0x00802dac        0x4 c:/logicielge1/altera/13.0sp1/nios2eds/bin/gnu/h-i686-mingw32/bin/../lib/gcc/nios2-elf/4.1.2/../../../../nios2-elf/lib\libstdc++.a(del_opv.o)
                0x00802dac                operator delete[](void*)
 .text          0x00802db0        0x0 c:/logicielge1/altera/13.0sp1/nios2eds/bin/gnu/h-i686-mingw32/bin/../lib/gcc/nios2-elf/4.1.2/../../../../nios2-elf/lib\libstdc++.a(eh_unex_handler.o)
 .text          0x00802db0      0xbec c:/logicielge1/altera/13.0sp1/nios2eds/bin/gnu/h-i686-mingw32/bin/../lib/gcc/nios2-elf/4.1.2/../../../../nios2-elf/lib\libstdc++.a(eh_personality.o)
                0x0080333c                __cxa_call_unexpected
                0x008034bc                __gxx_personality_sj0
 .text          0x0080399c      0x1bc c:/logicielge1/altera/13.0sp1/nios2eds/bin/gnu/h-i686-mingw32/bin/../lib/gcc/nios2-elf/4.1.2/../../../../nios2-elf/lib\libstdc++.a(class_type_info.o)
                0x0080399c                __cxxabiv1::__class_type_info::__do_upcast(__cxxabiv1::__class_type_info const*, void**) const
                0x00803a08                __cxxabiv1::__class_type_info::__do_find_public_src(long, void const*, __cxxabiv1::__class_type_info const*, void const*) const
                0x00803a28                __cxxabiv1::__class_type_info::~__class_type_info()
                0x00803a5c                __cxxabiv1::__class_type_info::~__class_type_info()
                0x00803a6c                __cxxabiv1::__class_type_info::~__class_type_info()
                0x00803a7c                __cxxabiv1::__class_type_info::__do_catch(std::type_info const*, void**, unsigned int) const
                0x00803adc                __cxxabiv1::__class_type_info::__do_upcast(__cxxabiv1::__class_type_info const*, void const*, __cxxabiv1::__class_type_info::__upcast_result&) const
                0x00803b0c                __cxxabiv1::__class_type_info::__do_dyncast(long, __cxxabiv1::__class_type_info::__sub_kind, __cxxabiv1::__class_type_info const*, void const*, __cxxabiv1::__class_type_info const*, void const*, __cxxabiv1::__class_type_info::__dyncast_result&) const
 .text          0x00803b58      0x1c8 c:/logicielge1/altera/13.0sp1/nios2eds/bin/gnu/h-i686-mingw32/bin/../lib/gcc/nios2-elf/4.1.2/../../../../nios2-elf/lib\libstdc++.a(si_class_type_info.o)
                0x00803b58                __cxxabiv1::__si_class_type_info::__do_upcast(__cxxabiv1::__class_type_info const*, void const*, __cxxabiv1::__class_type_info::__upcast_result&) const
                0x00803bd0                __cxxabiv1::__si_class_type_info::~__si_class_type_info()
                0x00803c04                __cxxabiv1::__si_class_type_info::~__si_class_type_info()
                0x00803c14                __cxxabiv1::__si_class_type_info::~__si_class_type_info()
                0x00803c24                __cxxabiv1::__si_class_type_info::__do_find_public_src(long, void const*, __cxxabiv1::__class_type_info const*, void const*) const
                0x00803c58                __cxxabiv1::__si_class_type_info::__do_dyncast(long, __cxxabiv1::__class_type_info::__sub_kind, __cxxabiv1::__class_type_info const*, void const*, __cxxabiv1::__class_type_info const*, void const*, __cxxabiv1::__class_type_info::__dyncast_result&) const
 .text          0x00803d20       0x10 c:/logicielge1/altera/13.0sp1/nios2eds/bin/gnu/h-i686-mingw32/bin/../lib/gcc/nios2-elf/4.1.2/../../../../nios2-elf/lib\libstdc++.a(eh_globals.o)
                0x00803d20                __cxa_get_globals_fast
                0x00803d28                __cxa_get_globals
 .text          0x00803d30      0x10c c:/logicielge1/altera/13.0sp1/nios2eds/bin/gnu/h-i686-mingw32/bin/../lib/gcc/nios2-elf/4.1.2/../../../../nios2-elf/lib\libstdc++.a(eh_terminate.o)
                0x00803d30                std::set_terminate(void (*)())
                0x00803d44                std::set_unexpected(void (*)())
                0x00803d58                __cxxabiv1::__terminate(void (*)())
                0x00803dfc                std::terminate()
                0x00803e14                __cxxabiv1::__unexpected(void (*)())
                0x00803e24                std::unexpected()
 .text          0x00803e3c      0x100 c:/logicielge1/altera/13.0sp1/nios2eds/bin/gnu/h-i686-mingw32/bin/../lib/gcc/nios2-elf/4.1.2/../../../../nios2-elf/lib\libstdc++.a(new_op.o)
                0x00803e3c                operator new(unsigned long)
 .text          0x00803f3c       0x44 c:/logicielge1/altera/13.0sp1/nios2eds/bin/gnu/h-i686-mingw32/bin/../lib/gcc/nios2-elf/4.1.2/../../../../nios2-elf/lib\libstdc++.a(eh_call.o)
                0x00803f3c                __cxa_call_terminate
 .text          0x00803f80       0x94 c:/logicielge1/altera/13.0sp1/nios2eds/bin/gnu/h-i686-mingw32/bin/../lib/gcc/nios2-elf/4.1.2/../../../../nios2-elf/lib\libstdc++.a(eh_exception.o)
                0x00803f80                std::exception::what() const
                0x00803f90                std::exception::~exception()
                0x00803fa0                std::exception::~exception()
                0x00803fb0                std::exception::~exception()
                0x00803fc0                std::bad_exception::~bad_exception()
                0x00803ff4                std::bad_exception::~bad_exception()
                0x00804004                std::bad_exception::~bad_exception()
 .text          0x00804014       0x54 c:/logicielge1/altera/13.0sp1/nios2eds/bin/gnu/h-i686-mingw32/bin/../lib/gcc/nios2-elf/4.1.2/../../../../nios2-elf/lib\libstdc++.a(fundamental_type_info.o)
                0x00804014                __cxxabiv1::__fundamental_type_info::~__fundamental_type_info()
                0x00804048                __cxxabiv1::__fundamental_type_info::~__fundamental_type_info()
                0x00804058                __cxxabiv1::__fundamental_type_info::~__fundamental_type_info()
 .text          0x00804068       0x60 c:/logicielge1/altera/13.0sp1/nios2eds/bin/gnu/h-i686-mingw32/bin/../lib/gcc/nios2-elf/4.1.2/../../../../nios2-elf/lib\libstdc++.a(new_handler.o)
                0x00804068                std::set_new_handler(void (*)())
                0x00804074                std::bad_alloc::~bad_alloc()
                0x008040a8                std::bad_alloc::~bad_alloc()
                0x008040b8                std::bad_alloc::~bad_alloc()
 .text          0x008040c8      0x174 c:/logicielge1/altera/13.0sp1/nios2eds/bin/gnu/h-i686-mingw32/bin/../lib/gcc/nios2-elf/4.1.2/../../../../nios2-elf/lib\libstdc++.a(eh_alloc.o)
                0x008040c8                __cxa_free_exception
                0x00804108                __cxa_allocate_exception
 .text          0x0080423c       0x58 c:/logicielge1/altera/13.0sp1/nios2eds/bin/gnu/h-i686-mingw32/bin/../lib/gcc/nios2-elf/4.1.2/../../../../nios2-elf/lib\libstdc++.a(tinfo.o)
                0x0080423c                std::type_info::__is_pointer_p() const
                0x00804244                std::type_info::__is_function_p() const
                0x0080424c                std::type_info::__do_catch(std::type_info const*, void**, unsigned int) const
                0x0080425c                std::type_info::__do_upcast(__cxxabiv1::__class_type_info const*, void**) const
                0x00804264                std::type_info::~type_info()
                0x00804274                std::type_info::~type_info()
                0x00804284                std::type_info::~type_info()
 .text          0x00804294       0xdc c:/logicielge1/altera/13.0sp1/nios2eds/bin/gnu/h-i686-mingw32/bin/../lib/gcc/nios2-elf/4.1.2/../../../../nios2-elf/lib\libstdc++.a(pointer_type_info.o)
                0x00804294                __cxxabiv1::__pointer_type_info::__is_pointer_p() const
                0x0080429c                __cxxabiv1::__pointer_type_info::__pointer_catch(__cxxabiv1::__pbase_type_info const*, void**, unsigned int) const
                0x0080431c                __cxxabiv1::__pointer_type_info::~__pointer_type_info()
                0x00804350                __cxxabiv1::__pointer_type_info::~__pointer_type_info()
                0x00804360                __cxxabiv1::__pointer_type_info::~__pointer_type_info()
 .text          0x00804370      0x104 c:/logicielge1/altera/13.0sp1/nios2eds/bin/gnu/h-i686-mingw32/bin/../lib/gcc/nios2-elf/4.1.2/../../../../nios2-elf/lib\libstdc++.a(pbase_type_info.o)
                0x00804370                __cxxabiv1::__pbase_type_info::__do_catch(std::type_info const*, void**, unsigned int) const
                0x00804420                __cxxabiv1::__pbase_type_info::~__pbase_type_info()
                0x00804454                __cxxabiv1::__pbase_type_info::~__pbase_type_info()
                0x00804464                __cxxabiv1::__pbase_type_info::~__pbase_type_info()
 .text._ZNK10__cxxabiv117__pbase_type_info15__pointer_catchEPKS0_PPvj
                0x00804474       0x30 c:/logicielge1/altera/13.0sp1/nios2eds/bin/gnu/h-i686-mingw32/bin/../lib/gcc/nios2-elf/4.1.2/../../../../nios2-elf/lib\libstdc++.a(pbase_type_info.o)
                0x00804474                __cxxabiv1::__pbase_type_info::__pointer_catch(__cxxabiv1::__pbase_type_info const*, void**, unsigned int) const
 .text          0x008044a4      0x548 c:/logicielge1/altera/13.0sp1/nios2eds/bin/gnu/h-i686-mingw32/bin/../lib/gcc/nios2-elf/4.1.2\libgcc.a(unwind-sjlj.o)
                0x008044a4                _Unwind_SjLj_Register
                0x008044b4                _Unwind_SjLj_Unregister
                0x008044c0                _Unwind_GetGR
                0x008044d8                _Unwind_GetCFA
                0x008044ec                _Unwind_SetGR
                0x00804504                _Unwind_GetIP
                0x00804514                _Unwind_GetIPInfo
                0x00804528                _Unwind_SetIP
                0x00804538                _Unwind_GetLanguageSpecificData
                0x00804544                _Unwind_GetRegionStart
                0x0080454c                _Unwind_FindEnclosingFunction
                0x00804554                _Unwind_GetDataRelBase
                0x0080455c                _Unwind_GetTextRelBase
                0x00804664                _Unwind_DeleteException
                0x00804770                _Unwind_SjLj_Resume
                0x008047cc                _Unwind_SjLj_RaiseException
                0x008048c4                _Unwind_SjLj_ForcedUnwind
                0x00804914                _Unwind_Backtrace
                0x00804994                _Unwind_SjLj_Resume_or_Rethrow
 .text          0x008049ec       0x18 c:/logicielge1/altera/13.0sp1/nios2eds/bin/gnu/h-i686-mingw32/bin/../lib/gcc/nios2-elf/4.1.2/../../../../nios2-elf/lib\libc.a(lib_a-abort.o)
                0x008049ec                abort
 .text          0x00804a04       0x28 c:/logicielge1/altera/13.0sp1/nios2eds/bin/gnu/h-i686-mingw32/bin/../lib/gcc/nios2-elf/4.1.2/../../../../nios2-elf/lib\libc.a(lib_a-malloc.o)
                0x00804a04                free
                0x00804a18                malloc
 .text          0x00804a2c      0x740 c:/logicielge1/altera/13.0sp1/nios2eds/bin/gnu/h-i686-mingw32/bin/../lib/gcc/nios2-elf/4.1.2/../../../../nios2-elf/lib\libc.a(lib_a-mallocr.o)
                0x00804a2c                _malloc_r
 .text          0x0080516c       0x98 c:/logicielge1/altera/13.0sp1/nios2eds/bin/gnu/h-i686-mingw32/bin/../lib/gcc/nios2-elf/4.1.2/../../../../nios2-elf/lib\libc.a(lib_a-memset.o)
                0x0080516c                memset
 .text          0x00805204       0x78 c:/logicielge1/altera/13.0sp1/nios2eds/bin/gnu/h-i686-mingw32/bin/../lib/gcc/nios2-elf/4.1.2/../../../../nios2-elf/lib\libc.a(lib_a-printf.o)
                0x00805204                printf
                0x00805248                _printf_r
 .text          0x0080527c       0x70 c:/logicielge1/altera/13.0sp1/nios2eds/bin/gnu/h-i686-mingw32/bin/../lib/gcc/nios2-elf/4.1.2/../../../../nios2-elf/lib\libc.a(lib_a-sbrkr.o)
                0x0080527c                _sbrk_r
 .text          0x008052ec      0x2d8 c:/logicielge1/altera/13.0sp1/nios2eds/bin/gnu/h-i686-mingw32/bin/../lib/gcc/nios2-elf/4.1.2/../../../../nios2-elf/lib\libc.a(lib_a-signal.o)
                0x008052ec                _raise_r
                0x008053b8                raise
                0x008053cc                _init_signal_r
                0x00805430                _init_signal
                0x00805440                __sigtramp_r
                0x008054f4                __sigtramp
                0x00805508                _signal_r
                0x008055a8                signal
 .text          0x008055c4       0x78 c:/logicielge1/altera/13.0sp1/nios2eds/bin/gnu/h-i686-mingw32/bin/../lib/gcc/nios2-elf/4.1.2/../../../../nios2-elf/lib\libc.a(lib_a-signalr.o)
                0x008055c4                _getpid_r
                0x008055c8                _kill_r
 .text          0x0080563c       0x74 c:/logicielge1/altera/13.0sp1/nios2eds/bin/gnu/h-i686-mingw32/bin/../lib/gcc/nios2-elf/4.1.2/../../../../nios2-elf/lib\libc.a(lib_a-strlen.o)
                0x0080563c                strlen
 .text          0x008056b0     0x1f28 c:/logicielge1/altera/13.0sp1/nios2eds/bin/gnu/h-i686-mingw32/bin/../lib/gcc/nios2-elf/4.1.2/../../../../nios2-elf/lib\libc.a(lib_a-vfprintf.o)
                0x00805708                ___vfprintf_internal_r
                0x008075b4                __vfprintf_internal
 .text          0x008075d8       0xf4 c:/logicielge1/altera/13.0sp1/nios2eds/bin/gnu/h-i686-mingw32/bin/../lib/gcc/nios2-elf/4.1.2/../../../../nios2-elf/lib\libc.a(lib_a-vsnprintf.o)
                0x008075d8                _vsnprintf_r
                0x0080768c                vsnprintf
 .text          0x008076cc      0x13c c:/logicielge1/altera/13.0sp1/nios2eds/bin/gnu/h-i686-mingw32/bin/../lib/gcc/nios2-elf/4.1.2/../../../../nios2-elf/lib\libc.a(lib_a-wsetup.o)
                0x008076cc                __swsetup_r
 .text          0x00807808     0x17cc c:/logicielge1/altera/13.0sp1/nios2eds/bin/gnu/h-i686-mingw32/bin/../lib/gcc/nios2-elf/4.1.2/../../../../nios2-elf/lib\libc.a(lib_a-dtoa.o)
                0x00807a20                _dtoa_r
 .text          0x00808fd4      0x230 c:/logicielge1/altera/13.0sp1/nios2eds/bin/gnu/h-i686-mingw32/bin/../lib/gcc/nios2-elf/4.1.2/../../../../nios2-elf/lib\libc.a(lib_a-fflush.o)
                0x00808fd4                _fflush_r
                0x008091d0                fflush
 .text          0x00809204      0x2c0 c:/logicielge1/altera/13.0sp1/nios2eds/bin/gnu/h-i686-mingw32/bin/../lib/gcc/nios2-elf/4.1.2/../../../../nios2-elf/lib\libc.a(lib_a-findfp.o)
                0x0080925c                __sfp_lock_acquire
                0x00809260                __sfp_lock_release
                0x00809264                __sinit_lock_acquire
                0x00809268                __sinit_lock_release
                0x0080926c                __sinit
                0x00809320                __fp_unlock_all
                0x00809338                __fp_lock_all
                0x00809350                _cleanup_r
                0x0080935c                _cleanup
                0x0080936c                __sfmoreglue
                0x008093d4                __sfp
 .text          0x008094c4      0x440 c:/logicielge1/altera/13.0sp1/nios2eds/bin/gnu/h-i686-mingw32/bin/../lib/gcc/nios2-elf/4.1.2/../../../../nios2-elf/lib\libc.a(lib_a-freer.o)
                0x008094c4                _malloc_trim_r
                0x008095f0                _free_r
 .text          0x00809904      0x49c c:/logicielge1/altera/13.0sp1/nios2eds/bin/gnu/h-i686-mingw32/bin/../lib/gcc/nios2-elf/4.1.2/../../../../nios2-elf/lib\libc.a(lib_a-fvwrite.o)
                0x00809904                __sfvwrite_r
 .text          0x00809da0      0x180 c:/logicielge1/altera/13.0sp1/nios2eds/bin/gnu/h-i686-mingw32/bin/../lib/gcc/nios2-elf/4.1.2/../../../../nios2-elf/lib\libc.a(lib_a-fwalk.o)
                0x00809da0                _fwalk_reent
                0x00809e68                _fwalk
 .text          0x00809f20        0x0 c:/logicielge1/altera/13.0sp1/nios2eds/bin/gnu/h-i686-mingw32/bin/../lib/gcc/nios2-elf/4.1.2/../../../../nios2-elf/lib\libc.a(lib_a-impure.o)
 .text          0x00809f20        0x0 c:/logicielge1/altera/13.0sp1/nios2eds/bin/gnu/h-i686-mingw32/bin/../lib/gcc/nios2-elf/4.1.2/../../../../nios2-elf/lib\libc.a(lib_a-int_errno.o)
 .text          0x00809f20       0xc4 c:/logicielge1/altera/13.0sp1/nios2eds/bin/gnu/h-i686-mingw32/bin/../lib/gcc/nios2-elf/4.1.2/../../../../nios2-elf/lib\libc.a(lib_a-locale.o)
                0x00809f20                __locale_charset
                0x00809f28                _localeconv_r
                0x00809f34                localeconv
                0x00809f44                _setlocale_r
                0x00809fc8                setlocale
 .text          0x00809fe4      0x194 c:/logicielge1/altera/13.0sp1/nios2eds/bin/gnu/h-i686-mingw32/bin/../lib/gcc/nios2-elf/4.1.2/../../../../nios2-elf/lib\libc.a(lib_a-makebuf.o)
                0x00809fe4                __smakebuf_r
 .text          0x0080a178       0xe4 c:/logicielge1/altera/13.0sp1/nios2eds/bin/gnu/h-i686-mingw32/bin/../lib/gcc/nios2-elf/4.1.2/../../../../nios2-elf/lib\libc.a(lib_a-memchr.o)
                0x0080a178                memchr
 .text          0x0080a25c       0xa0 c:/logicielge1/altera/13.0sp1/nios2eds/bin/gnu/h-i686-mingw32/bin/../lib/gcc/nios2-elf/4.1.2/../../../../nios2-elf/lib\libc.a(lib_a-memcpy.o)
                0x0080a25c                memcpy
 .text          0x0080a2fc       0xe0 c:/logicielge1/altera/13.0sp1/nios2eds/bin/gnu/h-i686-mingw32/bin/../lib/gcc/nios2-elf/4.1.2/../../../../nios2-elf/lib\libc.a(lib_a-memmove.o)
                0x0080a2fc                memmove
 .text          0x0080a3dc      0xff4 c:/logicielge1/altera/13.0sp1/nios2eds/bin/gnu/h-i686-mingw32/bin/../lib/gcc/nios2-elf/4.1.2/../../../../nios2-elf/lib\libc.a(lib_a-mprec.o)
                0x0080a3dc                _Bfree
                0x0080a404                __hi0bits
                0x0080a474                __lo0bits
                0x0080a538                __mcmp
                0x0080a598                __ulp
                0x0080a618                __b2d
                0x0080a738                __ratio
                0x0080a7e8                _mprec_log10
                0x0080a87c                __copybits
                0x0080a8d4                __any_on
                0x0080a95c                _Balloc
                0x0080aa18                __d2b
                0x0080ab94                __mdiff
                0x0080ad20                __lshift
                0x0080ae6c                __multiply
                0x0080b054                __i2b
                0x0080b090                __multadd
                0x0080b190                __pow5mult
                0x0080b2b0                __s2b
 .text          0x0080b3d0      0x5f4 c:/logicielge1/altera/13.0sp1/nios2eds/bin/gnu/h-i686-mingw32/bin/../lib/gcc/nios2-elf/4.1.2/../../../../nios2-elf/lib\libc.a(lib_a-reallocr.o)
                0x0080b3d0                _realloc_r
 .text          0x0080b9c4       0x40 c:/logicielge1/altera/13.0sp1/nios2eds/bin/gnu/h-i686-mingw32/bin/../lib/gcc/nios2-elf/4.1.2/../../../../nios2-elf/lib\libc.a(lib_a-s_isinfd.o)
                0x0080b9c4                __isinfd
 .text          0x0080ba04       0x30 c:/logicielge1/altera/13.0sp1/nios2eds/bin/gnu/h-i686-mingw32/bin/../lib/gcc/nios2-elf/4.1.2/../../../../nios2-elf/lib\libc.a(lib_a-s_isnand.o)
                0x0080ba04                __isnand
 .text          0x0080ba34      0x14c c:/logicielge1/altera/13.0sp1/nios2eds/bin/gnu/h-i686-mingw32/bin/../lib/gcc/nios2-elf/4.1.2/../../../../nios2-elf/lib\libc.a(lib_a-stdio.o)
                0x0080ba34                __sclose
                0x0080ba3c                __sseek
                0x0080baa4                __swrite
                0x0080bb20                __sread
 .text          0x0080bb80       0xbc c:/logicielge1/altera/13.0sp1/nios2eds/bin/gnu/h-i686-mingw32/bin/../lib/gcc/nios2-elf/4.1.2/../../../../nios2-elf/lib\libc.a(lib_a-strcmp.o)
                0x0080bb80                strcmp
 .text          0x0080bc3c       0x78 c:/logicielge1/altera/13.0sp1/nios2eds/bin/gnu/h-i686-mingw32/bin/../lib/gcc/nios2-elf/4.1.2/../../../../nios2-elf/lib\libc.a(lib_a-writer.o)
                0x0080bc3c                _write_r
 .text          0x0080bcb4       0xb4 c:/logicielge1/altera/13.0sp1/nios2eds/bin/gnu/h-i686-mingw32/bin/../lib/gcc/nios2-elf/4.1.2/../../../../nios2-elf/lib\libc.a(lib_a-callocr.o)
                0x0080bcb4                _calloc_r
 .text          0x0080bd68       0x70 c:/logicielge1/altera/13.0sp1/nios2eds/bin/gnu/h-i686-mingw32/bin/../lib/gcc/nios2-elf/4.1.2/../../../../nios2-elf/lib\libc.a(lib_a-closer.o)
                0x0080bd68                _close_r
 .text          0x0080bdd8      0x124 c:/logicielge1/altera/13.0sp1/nios2eds/bin/gnu/h-i686-mingw32/bin/../lib/gcc/nios2-elf/4.1.2/../../../../nios2-elf/lib\libc.a(lib_a-fclose.o)
                0x0080bdd8                _fclose_r
                0x0080bee8                fclose
 .text          0x0080befc       0x74 c:/logicielge1/altera/13.0sp1/nios2eds/bin/gnu/h-i686-mingw32/bin/../lib/gcc/nios2-elf/4.1.2/../../../../nios2-elf/lib\libc.a(lib_a-fstatr.o)
                0x0080befc                _fstat_r
 .text          0x0080bf70       0x70 c:/logicielge1/altera/13.0sp1/nios2eds/bin/gnu/h-i686-mingw32/bin/../lib/gcc/nios2-elf/4.1.2/../../../../nios2-elf/lib\libc.a(lib_a-isattyr.o)
                0x0080bf70                _isatty_r
 .text          0x0080bfe0       0x78 c:/logicielge1/altera/13.0sp1/nios2eds/bin/gnu/h-i686-mingw32/bin/../lib/gcc/nios2-elf/4.1.2/../../../../nios2-elf/lib\libc.a(lib_a-lseekr.o)
                0x0080bfe0                _lseek_r
 .text          0x0080c058       0x78 c:/logicielge1/altera/13.0sp1/nios2eds/bin/gnu/h-i686-mingw32/bin/../lib/gcc/nios2-elf/4.1.2/../../../../nios2-elf/lib\libc.a(lib_a-readr.o)
                0x0080c058                _read_r
 .text          0x0080c0d0      0x5dc c:/logicielge1/altera/13.0sp1/nios2eds/bin/gnu/h-i686-mingw32/bin/../lib/gcc/nios2-elf/4.1.2\libgcc.a(_udivdi3.o)
                0x0080c0d0                __udivdi3
 .text          0x0080c6ac      0x5b0 c:/logicielge1/altera/13.0sp1/nios2eds/bin/gnu/h-i686-mingw32/bin/../lib/gcc/nios2-elf/4.1.2\libgcc.a(_umoddi3.o)
                0x0080c6ac                __umoddi3
 .text          0x0080cc5c      0x504 c:/logicielge1/altera/13.0sp1/nios2eds/bin/gnu/h-i686-mingw32/bin/../lib/gcc/nios2-elf/4.1.2\libgcc.a(_addsub_df.o)
                0x0080d06c                __subdf3
                0x0080d0ec                __adddf3
 .text          0x0080d160      0x3c4 c:/logicielge1/altera/13.0sp1/nios2eds/bin/gnu/h-i686-mingw32/bin/../lib/gcc/nios2-elf/4.1.2\libgcc.a(_mul_df.o)
                0x0080d160                __muldf3
 .text          0x0080d524      0x258 c:/logicielge1/altera/13.0sp1/nios2eds/bin/gnu/h-i686-mingw32/bin/../lib/gcc/nios2-elf/4.1.2\libgcc.a(_div_df.o)
                0x0080d524                __divdf3
 .text          0x0080d77c       0x88 c:/logicielge1/altera/13.0sp1/nios2eds/bin/gnu/h-i686-mingw32/bin/../lib/gcc/nios2-elf/4.1.2\libgcc.a(_eq_df.o)
                0x0080d77c                __eqdf2
 .text          0x0080d804       0x88 c:/logicielge1/altera/13.0sp1/nios2eds/bin/gnu/h-i686-mingw32/bin/../lib/gcc/nios2-elf/4.1.2\libgcc.a(_ne_df.o)
                0x0080d804                __nedf2
 .text          0x0080d88c       0x88 c:/logicielge1/altera/13.0sp1/nios2eds/bin/gnu/h-i686-mingw32/bin/../lib/gcc/nios2-elf/4.1.2\libgcc.a(_gt_df.o)
                0x0080d88c                __gtdf2
 .text          0x0080d914       0x88 c:/logicielge1/altera/13.0sp1/nios2eds/bin/gnu/h-i686-mingw32/bin/../lib/gcc/nios2-elf/4.1.2\libgcc.a(_ge_df.o)
                0x0080d914                __gedf2
 .text          0x0080d99c       0x88 c:/logicielge1/altera/13.0sp1/nios2eds/bin/gnu/h-i686-mingw32/bin/../lib/gcc/nios2-elf/4.1.2\libgcc.a(_lt_df.o)
                0x0080d99c                __ltdf2
 .text          0x0080da24       0xf8 c:/logicielge1/altera/13.0sp1/nios2eds/bin/gnu/h-i686-mingw32/bin/../lib/gcc/nios2-elf/4.1.2\libgcc.a(_si_to_df.o)
                0x0080da24                __floatsidf
 .text          0x0080db1c       0xd8 c:/logicielge1/altera/13.0sp1/nios2eds/bin/gnu/h-i686-mingw32/bin/../lib/gcc/nios2-elf/4.1.2\libgcc.a(_df_to_si.o)
                0x0080db1c                __fixdfsi
 .text          0x0080dbf4        0x0 c:/logicielge1/altera/13.0sp1/nios2eds/bin/gnu/h-i686-mingw32/bin/../lib/gcc/nios2-elf/4.1.2\libgcc.a(_thenan_df.o)
 .text          0x0080dbf4      0x194 c:/logicielge1/altera/13.0sp1/nios2eds/bin/gnu/h-i686-mingw32/bin/../lib/gcc/nios2-elf/4.1.2\libgcc.a(_usi_to_df.o)
                0x0080dbf4                __floatunsidf
 .text          0x0080dd88      0x14c c:/logicielge1/altera/13.0sp1/nios2eds/bin/gnu/h-i686-mingw32/bin/../lib/gcc/nios2-elf/4.1.2\libgcc.a(lib2-divmod.o)
                0x0080de04                __divsi3
                0x0080de64                __modsi3
                0x0080dec4                __udivsi3
                0x0080decc                __umodsi3
 .text          0x0080ded4       0x98 c:/logicielge1/altera/13.0sp1/nios2eds/bin/gnu/h-i686-mingw32/bin/../lib/gcc/nios2-elf/4.1.2\libgcc.a(_muldi3.o)
                0x0080ded4                __muldi3
 .text          0x0080df6c        0x0 c:/logicielge1/altera/13.0sp1/nios2eds/bin/gnu/h-i686-mingw32/bin/../lib/gcc/nios2-elf/4.1.2\libgcc.a(_clz.o)
 .text          0x0080df6c       0x80 c:/logicielge1/altera/13.0sp1/nios2eds/bin/gnu/h-i686-mingw32/bin/../lib/gcc/nios2-elf/4.1.2\libgcc.a(_clzsi2.o)
                0x0080df6c                __clzsi2
 .text          0x0080dfec      0x314 c:/logicielge1/altera/13.0sp1/nios2eds/bin/gnu/h-i686-mingw32/bin/../lib/gcc/nios2-elf/4.1.2\libgcc.a(_pack_df.o)
                0x0080dfec                __pack_d
 .text          0x0080e300      0x138 c:/logicielge1/altera/13.0sp1/nios2eds/bin/gnu/h-i686-mingw32/bin/../lib/gcc/nios2-elf/4.1.2\libgcc.a(_unpack_df.o)
                0x0080e300                __unpack_d
 .text          0x0080e438       0xc8 c:/logicielge1/altera/13.0sp1/nios2eds/bin/gnu/h-i686-mingw32/bin/../lib/gcc/nios2-elf/4.1.2\libgcc.a(_fpcmp_parts_df.o)
                0x0080e438                __fpcmp_parts_d
 .text          0x0080e500      0x15c ../cmv_controller_bsp/\libhal_bsp.a(alt_close.o)
                0x0080e500                close
 .text          0x0080e65c       0x2c ../cmv_controller_bsp/\libhal_bsp.a(alt_dev.o)
 .text          0x0080e688        0x0 ../cmv_controller_bsp/\libhal_bsp.a(alt_errno.o)
 .text          0x0080e688       0x60 ../cmv_controller_bsp/\libhal_bsp.a(alt_exit.o)
                0x0080e6c8                _exit
 .text          0x0080e6e8      0x134 ../cmv_controller_bsp/\libhal_bsp.a(alt_fstat.o)
                0x0080e6e8                fstat
 .text          0x0080e81c       0x20 ../cmv_controller_bsp/\libhal_bsp.a(alt_getpid.o)
                0x0080e81c                getpid
 .text          0x0080e83c      0x1c0 ../cmv_controller_bsp/\libhal_bsp.a(alt_irq_register.o)
                0x0080e83c                alt_irq_register
 .text          0x0080e9fc        0x0 ../cmv_controller_bsp/\libhal_bsp.a(alt_irq_vars.o)
 .text          0x0080e9fc      0x120 ../cmv_controller_bsp/\libhal_bsp.a(alt_isatty.o)
                0x0080e9fc                isatty
 .text          0x0080eb1c      0x1a0 ../cmv_controller_bsp/\libhal_bsp.a(alt_kill.o)
                0x0080eb1c                kill
 .text          0x0080ecbc       0xec ../cmv_controller_bsp/\libhal_bsp.a(alt_load.o)
                0x0080ecbc                alt_load
 .text          0x0080eda8      0x150 ../cmv_controller_bsp/\libhal_bsp.a(alt_lseek.o)
                0x0080eda8                lseek
 .text          0x0080eef8       0x6c ../cmv_controller_bsp/\libhal_bsp.a(alt_main.o)
                0x0080eef8                alt_main
 .text          0x0080ef64       0x40 ../cmv_controller_bsp/\libhal_bsp.a(alt_malloc_lock.o)
                0x0080ef64                __malloc_lock
                0x0080ef84                __malloc_unlock
 .text          0x0080efa4      0x180 ../cmv_controller_bsp/\libhal_bsp.a(alt_read.o)
                0x0080efa4                read
 .text          0x0080f124       0x60 ../cmv_controller_bsp/\libhal_bsp.a(alt_release_fd.o)
                0x0080f124                alt_release_fd
 .text          0x0080f184       0xbc ../cmv_controller_bsp/\libhal_bsp.a(alt_sbrk.o)
                0x0080f184                sbrk
 .text          0x0080f240       0x30 ../cmv_controller_bsp/\libhal_bsp.a(alt_usleep.o)
                0x0080f240                usleep
 .text          0x0080f270      0x180 ../cmv_controller_bsp/\libhal_bsp.a(alt_write.o)
                0x0080f270                write
 .text          0x0080f3f0       0xd0 ../cmv_controller_bsp/\libhal_bsp.a(alt_sys_init.o)
                0x0080f3f0                alt_irq_init
                0x0080f424                alt_sys_init
 .text          0x0080f4c0      0x148 ../cmv_controller_bsp/\libhal_bsp.a(altera_avalon_jtag_uart_fd.o)
                0x0080f4c0                altera_avalon_jtag_uart_read_fd
                0x0080f518                altera_avalon_jtag_uart_write_fd
                0x0080f570                altera_avalon_jtag_uart_close_fd
                0x0080f5b8                altera_avalon_jtag_uart_ioctl_fd
 .text          0x0080f608      0x40c ../cmv_controller_bsp/\libhal_bsp.a(altera_avalon_jtag_uart_init.o)
                0x0080f608                altera_avalon_jtag_uart_init
                0x0080f9a0                altera_avalon_jtag_uart_close
 .text          0x0080fa14       0xf4 ../cmv_controller_bsp/\libhal_bsp.a(altera_avalon_jtag_uart_ioctl.o)
                0x0080fa14                altera_avalon_jtag_uart_ioctl
 .text          0x0080fb08      0x224 ../cmv_controller_bsp/\libhal_bsp.a(altera_avalon_jtag_uart_read.o)
                0x0080fb08                altera_avalon_jtag_uart_read
 .text          0x0080fd2c      0x240 ../cmv_controller_bsp/\libhal_bsp.a(altera_avalon_jtag_uart_write.o)
                0x0080fd2c                altera_avalon_jtag_uart_write
 .text          0x0080ff6c      0x238 ../cmv_controller_bsp/\libhal_bsp.a(altera_avalon_spi.o)
                0x0080ff6c                alt_avalon_spi_command
 .text          0x008101a4       0xf8 ../cmv_controller_bsp/\libhal_bsp.a(altera_avalon_uart_fd.o)
                0x008101a4                altera_avalon_uart_read_fd
                0x008101fc                altera_avalon_uart_write_fd
                0x00810254                altera_avalon_uart_close_fd
 .text          0x0081029c      0x400 ../cmv_controller_bsp/\libhal_bsp.a(altera_avalon_uart_init.o)
                0x0081029c                altera_avalon_uart_init
                0x0081063c                altera_avalon_uart_close
 .text          0x0081069c      0x290 ../cmv_controller_bsp/\libhal_bsp.a(altera_avalon_uart_read.o)
                0x0081069c                altera_avalon_uart_read
 .text          0x0081092c      0x228 ../cmv_controller_bsp/\libhal_bsp.a(altera_avalon_uart_write.o)
                0x0081092c                altera_avalon_uart_write
 .text          0x00810b54      0x154 ../cmv_controller_bsp/\libhal_bsp.a(alt_alarm_start.o)
                0x00810b54                alt_alarm_start
 .text          0x00810ca8      0x14c ../cmv_controller_bsp/\libhal_bsp.a(alt_busy_sleep.o)
                0x00810ca8                alt_busy_sleep
 .text          0x00810df4       0x44 ../cmv_controller_bsp/\libhal_bsp.a(alt_dcache_flush_all.o)
                0x00810df4                alt_dcache_flush_all
 .text          0x00810e38      0x114 ../cmv_controller_bsp/\libhal_bsp.a(alt_dev_llist_insert.o)
                0x00810e38                alt_dev_llist_insert
 .text          0x00810f4c       0x64 ../cmv_controller_bsp/\libhal_bsp.a(alt_do_ctors.o)
                0x00810f4c                _do_ctors
 .text          0x00810fb0       0x64 ../cmv_controller_bsp/\libhal_bsp.a(alt_do_dtors.o)
                0x00810fb0                _do_dtors
 .text          0x00811014       0x30 ../cmv_controller_bsp/\libhal_bsp.a(alt_icache_flush_all.o)
                0x00811014                alt_icache_flush_all
 .text          0x00811044      0x1d4 ../cmv_controller_bsp/\libhal_bsp.a(alt_iic.o)
                0x00811044                alt_ic_isr_register
                0x00811094                alt_ic_irq_enable
                0x00811130                alt_ic_irq_disable
                0x008111d0                alt_ic_irq_enabled
 .text          0x00811218       0xf8 ../cmv_controller_bsp/\libhal_bsp.a(alt_iic_isr_register.o)
                0x00811218                alt_iic_isr_register
 .text          0x00811310      0x13c ../cmv_controller_bsp/\libhal_bsp.a(alt_io_redirect.o)
                0x008113d4                alt_io_redirect
 .text          0x0081144c        0x0 ../cmv_controller_bsp/\libhal_bsp.a(alt_irq_entry.o)
 .text          0x0081144c        0x0 ../cmv_controller_bsp/\libhal_bsp.a(alt_irq_handler.o)
 .text          0x0081144c      0x2c4 ../cmv_controller_bsp/\libhal_bsp.a(alt_open.o)
                0x00811528                open
 .text          0x00811710      0x1a4 ../cmv_controller_bsp/\libhal_bsp.a(alt_tick.o)
                0x00811710                alt_alarm_stop
                0x008117a8                alt_tick
 .text          0x008118b4       0x20 ../cmv_controller_bsp/\libhal_bsp.a(altera_nios2_qsys_irq.o)
                0x008118b4                altera_nios2_qsys_irq_init
 .text          0x008118d4        0x0 ../cmv_controller_bsp/\libhal_bsp.a(alt_exception_entry.o)
 .text          0x008118d4       0x94 ../cmv_controller_bsp/\libhal_bsp.a(alt_find_dev.o)
                0x008118d4                alt_find_dev
 .text          0x00811968      0x120 ../cmv_controller_bsp/\libhal_bsp.a(alt_find_file.o)
                0x00811968                alt_find_file
 .text          0x00811a88       0xb8 ../cmv_controller_bsp/\libhal_bsp.a(alt_get_fd.o)
                0x00811a88                alt_get_fd
 .text          0x00811b40       0x90 ../cmv_controller_bsp/\libhal_bsp.a(alt_icache_flush.o)
                0x00811b40                alt_icache_flush
 .text          0x00811bd0       0x14 c:/logicielge1/altera/13.0sp1/nios2eds/bin/gnu/h-i686-mingw32/bin/../lib/gcc/nios2-elf/4.1.2/../../../../nios2-elf/lib\libc.a(lib_a-atexit.o)
                0x00811bd0                atexit
 .text          0x00811be4       0x38 c:/logicielge1/altera/13.0sp1/nios2eds/bin/gnu/h-i686-mingw32/bin/../lib/gcc/nios2-elf/4.1.2/../../../../nios2-elf/lib\libc.a(lib_a-exit.o)
                0x00811be4                exit
 .text          0x00811c1c       0x74 c:/logicielge1/altera/13.0sp1/nios2eds/bin/gnu/h-i686-mingw32/bin/../lib/gcc/nios2-elf/4.1.2/../../../../nios2-elf/lib\libc.a(lib_a-memcmp.o)
                0x00811c1c                memcmp
 .text          0x00811c90      0x134 c:/logicielge1/altera/13.0sp1/nios2eds/bin/gnu/h-i686-mingw32/bin/../lib/gcc/nios2-elf/4.1.2/../../../../nios2-elf/lib\libc.a(lib_a-__atexit.o)
                0x00811c90                __register_exitproc
 .text          0x00811dc4      0x1b4 c:/logicielge1/altera/13.0sp1/nios2eds/bin/gnu/h-i686-mingw32/bin/../lib/gcc/nios2-elf/4.1.2/../../../../nios2-elf/lib\libc.a(lib_a-__call_atexit.o)
                0x00811dc8                __call_exitprocs
 *(.gnu.warning.*)
 *(.fini)
                0x00811f78                PROVIDE (__etext, ABSOLUTE (.))
                0x00811f78                PROVIDE (_etext, ABSOLUTE (.))
                0x00811f78                PROVIDE (etext, ABSOLUTE (.))
 *(.eh_frame_hdr)
                0x00811f78                . = ALIGN (0x4)
                0x00811f78                PROVIDE (__preinit_array_start, ABSOLUTE (.))
 *(.preinit_array)
                0x00811f78                PROVIDE (__preinit_array_end, ABSOLUTE (.))
                0x00811f78                PROVIDE (__init_array_start, ABSOLUTE (.))
 *(.init_array)
                0x00811f78                PROVIDE (__init_array_end, ABSOLUTE (.))
                0x00811f78                PROVIDE (__fini_array_start, ABSOLUTE (.))
 *(.fini_array)
                0x00811f78                PROVIDE (__fini_array_end, ABSOLUTE (.))
 *(.eh_frame)
 *(.gcc_except_table)
 .gcc_except_table
                0x00811f78       0x1a obj/default/FSM.o
 .gcc_except_table
                0x00811f92       0x16 obj/default/controller/UART.o
 .gcc_except_table
                0x00811fa8       0x14 obj/default/main.o
 .gcc_except_table
                0x00811fbc       0x14 c:/logicielge1/altera/13.0sp1/nios2eds/bin/gnu/h-i686-mingw32/bin/../lib/gcc/nios2-elf/4.1.2/../../../../nios2-elf/lib\libstdc++.a(new_opv.o)
 .gcc_except_table
                0x00811fd0       0x10 c:/logicielge1/altera/13.0sp1/nios2eds/bin/gnu/h-i686-mingw32/bin/../lib/gcc/nios2-elf/4.1.2/../../../../nios2-elf/lib\libstdc++.a(eh_catch.o)
 .gcc_except_table
                0x00811fe0       0x20 c:/logicielge1/altera/13.0sp1/nios2eds/bin/gnu/h-i686-mingw32/bin/../lib/gcc/nios2-elf/4.1.2/../../../../nios2-elf/lib\libstdc++.a(eh_personality.o)
 .gcc_except_table
                0x00812000       0x10 c:/logicielge1/altera/13.0sp1/nios2eds/bin/gnu/h-i686-mingw32/bin/../lib/gcc/nios2-elf/4.1.2/../../../../nios2-elf/lib\libstdc++.a(eh_terminate.o)
 .gcc_except_table
                0x00812010       0x14 c:/logicielge1/altera/13.0sp1/nios2eds/bin/gnu/h-i686-mingw32/bin/../lib/gcc/nios2-elf/4.1.2/../../../../nios2-elf/lib\libstdc++.a(new_op.o)
 .gcc_except_table
                0x00812024       0x10 c:/logicielge1/altera/13.0sp1/nios2eds/bin/gnu/h-i686-mingw32/bin/../lib/gcc/nios2-elf/4.1.2/../../../../nios2-elf/lib\libstdc++.a(eh_alloc.o)
 *(.dynamic)
                0x00812034                PROVIDE (__CTOR_LIST__, ABSOLUTE (.))
 *(.ctors)
 *(SORT(.ctors.*))
 .ctors.65535   0x00812034        0x4 c:/logicielge1/altera/13.0sp1/nios2eds/bin/gnu/h-i686-mingw32/bin/../lib/gcc/nios2-elf/4.1.2/../../../../nios2-elf/lib\libc.a(lib_a-__call_atexit.o)
                0x00812038                PROVIDE (__CTOR_END__, ABSOLUTE (.))
                0x00812038                PROVIDE (__DTOR_LIST__, ABSOLUTE (.))
 *(.dtors)
 *(SORT(.dtors.*))
                0x00812038                PROVIDE (__DTOR_END__, ABSOLUTE (.))
 *(.jcr)
                0x00812038                . = ALIGN (0x4)

.rodata         0x00812038      0x9a8
                0x00812038                PROVIDE (__ram_rodata_start, ABSOLUTE (.))
                0x00812038                . = ALIGN (0x4)
 *(.rodata .rodata.* .gnu.linkonce.r.*)
 .rodata        0x00812038       0xcc obj/default/FSM.o
 .rodata._ZTV3FSM
                0x00812104       0x10 obj/default/FSM.o
                0x00812104                vtable for FSM
 .rodata        0x00812114       0x24 obj/default/controller/PIO.o
 .rodata._ZTV3PIO
                0x00812138       0x14 obj/default/controller/PIO.o
                0x00812138                vtable for PIO
 .rodata._ZTV7PIO_Bus
                0x0081214c       0x10 obj/default/controller/PIO_Bus.o
                0x0081214c                vtable for PIO_Bus
 .rodata._ZTS7PIO_Bus
                0x0081215c        0xc obj/default/controller/PIO_Bus.o
                0x0081215c                typeinfo name for PIO_Bus
 .rodata._ZTV7PIO_Pin
                0x00812168       0x10 obj/default/controller/PIO_Pin.o
                0x00812168                vtable for PIO_Pin
 .rodata._ZTS7PIO_Pin
                0x00812178        0xc obj/default/controller/PIO_Pin.o
                0x00812178                typeinfo name for PIO_Pin
 .rodata._ZTV3SPI
                0x00812184       0x10 obj/default/controller/SPI.o
                0x00812184                vtable for SPI
 .rodata        0x00812194       0x3c obj/default/controller/UART.o
 .rodata._ZTV4UART
                0x008121d0       0x10 obj/default/controller/UART.o
                0x008121d0                vtable for UART
 .rodata._ZTV4FIFOIcE
                0x008121e0       0x18 obj/default/controller/UART.o
                0x008121e0                vtable for FIFO<char>
 .rodata._ZTS4FIFOIcE
                0x008121f8        0xc obj/default/controller/UART.o
                0x008121f8                typeinfo name for FIFO<char>
 .rodata        0x00812204        0x8 obj/default/main.o
 .rodata._ZTVN10__cxxabiv117__class_type_infoE
                0x0081220c       0x2c c:/logicielge1/altera/13.0sp1/nios2eds/bin/gnu/h-i686-mingw32/bin/../lib/gcc/nios2-elf/4.1.2/../../../../nios2-elf/lib\libstdc++.a(class_type_info.o)
                0x0081220c                vtable for __cxxabiv1::__class_type_info
 .rodata._ZTSN10__cxxabiv117__class_type_infoE
                0x00812238       0x24 c:/logicielge1/altera/13.0sp1/nios2eds/bin/gnu/h-i686-mingw32/bin/../lib/gcc/nios2-elf/4.1.2/../../../../nios2-elf/lib\libstdc++.a(class_type_info.o)
                0x00812238                typeinfo name for __cxxabiv1::__class_type_info
 .rodata._ZTIN10__cxxabiv117__class_type_infoE
                0x0081225c        0xc c:/logicielge1/altera/13.0sp1/nios2eds/bin/gnu/h-i686-mingw32/bin/../lib/gcc/nios2-elf/4.1.2/../../../../nios2-elf/lib\libstdc++.a(class_type_info.o)
                0x0081225c                typeinfo for __cxxabiv1::__class_type_info
 .rodata._ZTVN10__cxxabiv120__si_class_type_infoE
                0x00812268       0x2c c:/logicielge1/altera/13.0sp1/nios2eds/bin/gnu/h-i686-mingw32/bin/../lib/gcc/nios2-elf/4.1.2/../../../../nios2-elf/lib\libstdc++.a(si_class_type_info.o)
                0x00812268                vtable for __cxxabiv1::__si_class_type_info
 .rodata._ZTSN10__cxxabiv120__si_class_type_infoE
                0x00812294       0x28 c:/logicielge1/altera/13.0sp1/nios2eds/bin/gnu/h-i686-mingw32/bin/../lib/gcc/nios2-elf/4.1.2/../../../../nios2-elf/lib\libstdc++.a(si_class_type_info.o)
                0x00812294                typeinfo name for __cxxabiv1::__si_class_type_info
 .rodata._ZTIN10__cxxabiv120__si_class_type_infoE
                0x008122bc        0xc c:/logicielge1/altera/13.0sp1/nios2eds/bin/gnu/h-i686-mingw32/bin/../lib/gcc/nios2-elf/4.1.2/../../../../nios2-elf/lib\libstdc++.a(si_class_type_info.o)
                0x008122bc                typeinfo for __cxxabiv1::__si_class_type_info
 .rodata._ZTVSt13bad_exception
                0x008122c8       0x14 c:/logicielge1/altera/13.0sp1/nios2eds/bin/gnu/h-i686-mingw32/bin/../lib/gcc/nios2-elf/4.1.2/../../../../nios2-elf/lib\libstdc++.a(eh_exception.o)
                0x008122c8                vtable for std::bad_exception
 .rodata._ZTVSt9exception
                0x008122dc       0x14 c:/logicielge1/altera/13.0sp1/nios2eds/bin/gnu/h-i686-mingw32/bin/../lib/gcc/nios2-elf/4.1.2/../../../../nios2-elf/lib\libstdc++.a(eh_exception.o)
                0x008122dc                vtable for std::exception
 .rodata._ZTSSt13bad_exception
                0x008122f0       0x14 c:/logicielge1/altera/13.0sp1/nios2eds/bin/gnu/h-i686-mingw32/bin/../lib/gcc/nios2-elf/4.1.2/../../../../nios2-elf/lib\libstdc++.a(eh_exception.o)
                0x008122f0                typeinfo name for std::bad_exception
 .rodata._ZTISt13bad_exception
                0x00812304        0xc c:/logicielge1/altera/13.0sp1/nios2eds/bin/gnu/h-i686-mingw32/bin/../lib/gcc/nios2-elf/4.1.2/../../../../nios2-elf/lib\libstdc++.a(eh_exception.o)
                0x00812304                typeinfo for std::bad_exception
 .rodata._ZTSSt9exception
                0x00812310       0x10 c:/logicielge1/altera/13.0sp1/nios2eds/bin/gnu/h-i686-mingw32/bin/../lib/gcc/nios2-elf/4.1.2/../../../../nios2-elf/lib\libstdc++.a(eh_exception.o)
                0x00812310                typeinfo name for std::exception
 .rodata._ZTVN10__cxxabiv123__fundamental_type_infoE
                0x00812320       0x20 c:/logicielge1/altera/13.0sp1/nios2eds/bin/gnu/h-i686-mingw32/bin/../lib/gcc/nios2-elf/4.1.2/../../../../nios2-elf/lib\libstdc++.a(fundamental_type_info.o)
                0x00812320                vtable for __cxxabiv1::__fundamental_type_info
 .rodata._ZTIPKe
                0x00812340       0x10 c:/logicielge1/altera/13.0sp1/nios2eds/bin/gnu/h-i686-mingw32/bin/../lib/gcc/nios2-elf/4.1.2/../../../../nios2-elf/lib\libstdc++.a(fundamental_type_info.o)
                0x00812340                typeinfo for long double const*
 .rodata._ZTIPe
                0x00812350       0x10 c:/logicielge1/altera/13.0sp1/nios2eds/bin/gnu/h-i686-mingw32/bin/../lib/gcc/nios2-elf/4.1.2/../../../../nios2-elf/lib\libstdc++.a(fundamental_type_info.o)
                0x00812350                typeinfo for long double*
 .rodata._ZTIPKd
                0x00812360       0x10 c:/logicielge1/altera/13.0sp1/nios2eds/bin/gnu/h-i686-mingw32/bin/../lib/gcc/nios2-elf/4.1.2/../../../../nios2-elf/lib\libstdc++.a(fundamental_type_info.o)
                0x00812360                typeinfo for double const*
 .rodata._ZTIPd
                0x00812370       0x10 c:/logicielge1/altera/13.0sp1/nios2eds/bin/gnu/h-i686-mingw32/bin/../lib/gcc/nios2-elf/4.1.2/../../../../nios2-elf/lib\libstdc++.a(fundamental_type_info.o)
                0x00812370                typeinfo for double*
 .rodata._ZTIPKf
                0x00812380       0x10 c:/logicielge1/altera/13.0sp1/nios2eds/bin/gnu/h-i686-mingw32/bin/../lib/gcc/nios2-elf/4.1.2/../../../../nios2-elf/lib\libstdc++.a(fundamental_type_info.o)
                0x00812380                typeinfo for float const*
 .rodata._ZTIPf
                0x00812390       0x10 c:/logicielge1/altera/13.0sp1/nios2eds/bin/gnu/h-i686-mingw32/bin/../lib/gcc/nios2-elf/4.1.2/../../../../nios2-elf/lib\libstdc++.a(fundamental_type_info.o)
                0x00812390                typeinfo for float*
 .rodata._ZTIPKy
                0x008123a0       0x10 c:/logicielge1/altera/13.0sp1/nios2eds/bin/gnu/h-i686-mingw32/bin/../lib/gcc/nios2-elf/4.1.2/../../../../nios2-elf/lib\libstdc++.a(fundamental_type_info.o)
                0x008123a0                typeinfo for unsigned long long const*
 .rodata._ZTIPy
                0x008123b0       0x10 c:/logicielge1/altera/13.0sp1/nios2eds/bin/gnu/h-i686-mingw32/bin/../lib/gcc/nios2-elf/4.1.2/../../../../nios2-elf/lib\libstdc++.a(fundamental_type_info.o)
                0x008123b0                typeinfo for unsigned long long*
 .rodata._ZTIPKx
                0x008123c0       0x10 c:/logicielge1/altera/13.0sp1/nios2eds/bin/gnu/h-i686-mingw32/bin/../lib/gcc/nios2-elf/4.1.2/../../../../nios2-elf/lib\libstdc++.a(fundamental_type_info.o)
                0x008123c0                typeinfo for long long const*
 .rodata._ZTIPx
                0x008123d0       0x10 c:/logicielge1/altera/13.0sp1/nios2eds/bin/gnu/h-i686-mingw32/bin/../lib/gcc/nios2-elf/4.1.2/../../../../nios2-elf/lib\libstdc++.a(fundamental_type_info.o)
                0x008123d0                typeinfo for long long*
 .rodata._ZTIPKm
                0x008123e0       0x10 c:/logicielge1/altera/13.0sp1/nios2eds/bin/gnu/h-i686-mingw32/bin/../lib/gcc/nios2-elf/4.1.2/../../../../nios2-elf/lib\libstdc++.a(fundamental_type_info.o)
                0x008123e0                typeinfo for unsigned long const*
 .rodata._ZTIPm
                0x008123f0       0x10 c:/logicielge1/altera/13.0sp1/nios2eds/bin/gnu/h-i686-mingw32/bin/../lib/gcc/nios2-elf/4.1.2/../../../../nios2-elf/lib\libstdc++.a(fundamental_type_info.o)
                0x008123f0                typeinfo for unsigned long*
 .rodata._ZTIPKl
                0x00812400       0x10 c:/logicielge1/altera/13.0sp1/nios2eds/bin/gnu/h-i686-mingw32/bin/../lib/gcc/nios2-elf/4.1.2/../../../../nios2-elf/lib\libstdc++.a(fundamental_type_info.o)
                0x00812400                typeinfo for long const*
 .rodata._ZTIPl
                0x00812410       0x10 c:/logicielge1/altera/13.0sp1/nios2eds/bin/gnu/h-i686-mingw32/bin/../lib/gcc/nios2-elf/4.1.2/../../../../nios2-elf/lib\libstdc++.a(fundamental_type_info.o)
                0x00812410                typeinfo for long*
 .rodata._ZTIPKj
                0x00812420       0x10 c:/logicielge1/altera/13.0sp1/nios2eds/bin/gnu/h-i686-mingw32/bin/../lib/gcc/nios2-elf/4.1.2/../../../../nios2-elf/lib\libstdc++.a(fundamental_type_info.o)
                0x00812420                typeinfo for unsigned int const*
 .rodata._ZTIPj
                0x00812430       0x10 c:/logicielge1/altera/13.0sp1/nios2eds/bin/gnu/h-i686-mingw32/bin/../lib/gcc/nios2-elf/4.1.2/../../../../nios2-elf/lib\libstdc++.a(fundamental_type_info.o)
                0x00812430                typeinfo for unsigned int*
 .rodata._ZTIPKi
                0x00812440       0x10 c:/logicielge1/altera/13.0sp1/nios2eds/bin/gnu/h-i686-mingw32/bin/../lib/gcc/nios2-elf/4.1.2/../../../../nios2-elf/lib\libstdc++.a(fundamental_type_info.o)
                0x00812440                typeinfo for int const*
 .rodata._ZTIPi
                0x00812450       0x10 c:/logicielge1/altera/13.0sp1/nios2eds/bin/gnu/h-i686-mingw32/bin/../lib/gcc/nios2-elf/4.1.2/../../../../nios2-elf/lib\libstdc++.a(fundamental_type_info.o)
                0x00812450                typeinfo for int*
 .rodata._ZTIPKt
                0x00812460       0x10 c:/logicielge1/altera/13.0sp1/nios2eds/bin/gnu/h-i686-mingw32/bin/../lib/gcc/nios2-elf/4.1.2/../../../../nios2-elf/lib\libstdc++.a(fundamental_type_info.o)
                0x00812460                typeinfo for unsigned short const*
 .rodata._ZTIPt
                0x00812470       0x10 c:/logicielge1/altera/13.0sp1/nios2eds/bin/gnu/h-i686-mingw32/bin/../lib/gcc/nios2-elf/4.1.2/../../../../nios2-elf/lib\libstdc++.a(fundamental_type_info.o)
                0x00812470                typeinfo for unsigned short*
 .rodata._ZTIPKs
                0x00812480       0x10 c:/logicielge1/altera/13.0sp1/nios2eds/bin/gnu/h-i686-mingw32/bin/../lib/gcc/nios2-elf/4.1.2/../../../../nios2-elf/lib\libstdc++.a(fundamental_type_info.o)
                0x00812480                typeinfo for short const*
 .rodata._ZTIPs
                0x00812490       0x10 c:/logicielge1/altera/13.0sp1/nios2eds/bin/gnu/h-i686-mingw32/bin/../lib/gcc/nios2-elf/4.1.2/../../../../nios2-elf/lib\libstdc++.a(fundamental_type_info.o)
                0x00812490                typeinfo for short*
 .rodata._ZTIPKh
                0x008124a0       0x10 c:/logicielge1/altera/13.0sp1/nios2eds/bin/gnu/h-i686-mingw32/bin/../lib/gcc/nios2-elf/4.1.2/../../../../nios2-elf/lib\libstdc++.a(fundamental_type_info.o)
                0x008124a0                typeinfo for unsigned char const*
 .rodata._ZTIPh
                0x008124b0       0x10 c:/logicielge1/altera/13.0sp1/nios2eds/bin/gnu/h-i686-mingw32/bin/../lib/gcc/nios2-elf/4.1.2/../../../../nios2-elf/lib\libstdc++.a(fundamental_type_info.o)
                0x008124b0                typeinfo for unsigned char*
 .rodata._ZTIPKa
                0x008124c0       0x10 c:/logicielge1/altera/13.0sp1/nios2eds/bin/gnu/h-i686-mingw32/bin/../lib/gcc/nios2-elf/4.1.2/../../../../nios2-elf/lib\libstdc++.a(fundamental_type_info.o)
                0x008124c0                typeinfo for signed char const*
 .rodata._ZTIPa
                0x008124d0       0x10 c:/logicielge1/altera/13.0sp1/nios2eds/bin/gnu/h-i686-mingw32/bin/../lib/gcc/nios2-elf/4.1.2/../../../../nios2-elf/lib\libstdc++.a(fundamental_type_info.o)
                0x008124d0                typeinfo for signed char*
 .rodata._ZTIPKc
                0x008124e0       0x10 c:/logicielge1/altera/13.0sp1/nios2eds/bin/gnu/h-i686-mingw32/bin/../lib/gcc/nios2-elf/4.1.2/../../../../nios2-elf/lib\libstdc++.a(fundamental_type_info.o)
                0x008124e0                typeinfo for char const*
 .rodata._ZTIPc
                0x008124f0       0x10 c:/logicielge1/altera/13.0sp1/nios2eds/bin/gnu/h-i686-mingw32/bin/../lib/gcc/nios2-elf/4.1.2/../../../../nios2-elf/lib\libstdc++.a(fundamental_type_info.o)
                0x008124f0                typeinfo for char*
 .rodata._ZTIPKw
                0x00812500       0x10 c:/logicielge1/altera/13.0sp1/nios2eds/bin/gnu/h-i686-mingw32/bin/../lib/gcc/nios2-elf/4.1.2/../../../../nios2-elf/lib\libstdc++.a(fundamental_type_info.o)
                0x00812500                typeinfo for wchar_t const*
 .rodata._ZTIPw
                0x00812510       0x10 c:/logicielge1/altera/13.0sp1/nios2eds/bin/gnu/h-i686-mingw32/bin/../lib/gcc/nios2-elf/4.1.2/../../../../nios2-elf/lib\libstdc++.a(fundamental_type_info.o)
                0x00812510                typeinfo for wchar_t*
 .rodata._ZTIPKb
                0x00812520       0x10 c:/logicielge1/altera/13.0sp1/nios2eds/bin/gnu/h-i686-mingw32/bin/../lib/gcc/nios2-elf/4.1.2/../../../../nios2-elf/lib\libstdc++.a(fundamental_type_info.o)
                0x00812520                typeinfo for bool const*
 .rodata._ZTIPb
                0x00812530       0x10 c:/logicielge1/altera/13.0sp1/nios2eds/bin/gnu/h-i686-mingw32/bin/../lib/gcc/nios2-elf/4.1.2/../../../../nios2-elf/lib\libstdc++.a(fundamental_type_info.o)
                0x00812530                typeinfo for bool*
 .rodata._ZTIPKv
                0x00812540       0x10 c:/logicielge1/altera/13.0sp1/nios2eds/bin/gnu/h-i686-mingw32/bin/../lib/gcc/nios2-elf/4.1.2/../../../../nios2-elf/lib\libstdc++.a(fundamental_type_info.o)
                0x00812540                typeinfo for void const*
 .rodata._ZTIPv
                0x00812550       0x10 c:/logicielge1/altera/13.0sp1/nios2eds/bin/gnu/h-i686-mingw32/bin/../lib/gcc/nios2-elf/4.1.2/../../../../nios2-elf/lib\libstdc++.a(fundamental_type_info.o)
                0x00812550                typeinfo for void*
 .rodata._ZTSN10__cxxabiv123__fundamental_type_infoE
                0x00812560       0x28 c:/logicielge1/altera/13.0sp1/nios2eds/bin/gnu/h-i686-mingw32/bin/../lib/gcc/nios2-elf/4.1.2/../../../../nios2-elf/lib\libstdc++.a(fundamental_type_info.o)
                0x00812560                typeinfo name for __cxxabiv1::__fundamental_type_info
 .rodata._ZTIN10__cxxabiv123__fundamental_type_infoE
                0x00812588        0xc c:/logicielge1/altera/13.0sp1/nios2eds/bin/gnu/h-i686-mingw32/bin/../lib/gcc/nios2-elf/4.1.2/../../../../nios2-elf/lib\libstdc++.a(fundamental_type_info.o)
                0x00812588                typeinfo for __cxxabiv1::__fundamental_type_info
 .rodata._ZTVSt9bad_alloc
                0x00812594       0x14 c:/logicielge1/altera/13.0sp1/nios2eds/bin/gnu/h-i686-mingw32/bin/../lib/gcc/nios2-elf/4.1.2/../../../../nios2-elf/lib\libstdc++.a(new_handler.o)
                0x00812594                vtable for std::bad_alloc
 .rodata._ZTSSt9bad_alloc
                0x008125a8       0x10 c:/logicielge1/altera/13.0sp1/nios2eds/bin/gnu/h-i686-mingw32/bin/../lib/gcc/nios2-elf/4.1.2/../../../../nios2-elf/lib\libstdc++.a(new_handler.o)
                0x008125a8                typeinfo name for std::bad_alloc
 .rodata._ZTISt9bad_alloc
                0x008125b8        0xc c:/logicielge1/altera/13.0sp1/nios2eds/bin/gnu/h-i686-mingw32/bin/../lib/gcc/nios2-elf/4.1.2/../../../../nios2-elf/lib\libstdc++.a(new_handler.o)
                0x008125b8                typeinfo for std::bad_alloc
 .rodata._ZTVSt9type_info
                0x008125c4       0x20 c:/logicielge1/altera/13.0sp1/nios2eds/bin/gnu/h-i686-mingw32/bin/../lib/gcc/nios2-elf/4.1.2/../../../../nios2-elf/lib\libstdc++.a(tinfo.o)
                0x008125c4                vtable for std::type_info
 .rodata._ZTSSt9type_info
                0x008125e4       0x10 c:/logicielge1/altera/13.0sp1/nios2eds/bin/gnu/h-i686-mingw32/bin/../lib/gcc/nios2-elf/4.1.2/../../../../nios2-elf/lib\libstdc++.a(tinfo.o)
                0x008125e4                typeinfo name for std::type_info
 .rodata._ZTVN10__cxxabiv119__pointer_type_infoE
                0x008125f4       0x24 c:/logicielge1/altera/13.0sp1/nios2eds/bin/gnu/h-i686-mingw32/bin/../lib/gcc/nios2-elf/4.1.2/../../../../nios2-elf/lib\libstdc++.a(pointer_type_info.o)
                0x008125f4                vtable for __cxxabiv1::__pointer_type_info
 .rodata._ZTSN10__cxxabiv119__pointer_type_infoE
                0x00812618       0x24 c:/logicielge1/altera/13.0sp1/nios2eds/bin/gnu/h-i686-mingw32/bin/../lib/gcc/nios2-elf/4.1.2/../../../../nios2-elf/lib\libstdc++.a(pointer_type_info.o)
                0x00812618                typeinfo name for __cxxabiv1::__pointer_type_info
 .rodata._ZTIN10__cxxabiv119__pointer_type_infoE
                0x0081263c        0xc c:/logicielge1/altera/13.0sp1/nios2eds/bin/gnu/h-i686-mingw32/bin/../lib/gcc/nios2-elf/4.1.2/../../../../nios2-elf/lib\libstdc++.a(pointer_type_info.o)
                0x0081263c                typeinfo for __cxxabiv1::__pointer_type_info
 .rodata._ZTVN10__cxxabiv117__pbase_type_infoE
                0x00812648       0x24 c:/logicielge1/altera/13.0sp1/nios2eds/bin/gnu/h-i686-mingw32/bin/../lib/gcc/nios2-elf/4.1.2/../../../../nios2-elf/lib\libstdc++.a(pbase_type_info.o)
                0x00812648                vtable for __cxxabiv1::__pbase_type_info
 .rodata._ZTSN10__cxxabiv117__pbase_type_infoE
                0x0081266c       0x24 c:/logicielge1/altera/13.0sp1/nios2eds/bin/gnu/h-i686-mingw32/bin/../lib/gcc/nios2-elf/4.1.2/../../../../nios2-elf/lib\libstdc++.a(pbase_type_info.o)
                0x0081266c                typeinfo name for __cxxabiv1::__pbase_type_info
 .rodata._ZTIN10__cxxabiv117__pbase_type_infoE
                0x00812690        0xc c:/logicielge1/altera/13.0sp1/nios2eds/bin/gnu/h-i686-mingw32/bin/../lib/gcc/nios2-elf/4.1.2/../../../../nios2-elf/lib\libstdc++.a(pbase_type_info.o)
                0x00812690                typeinfo for __cxxabiv1::__pbase_type_info
 .rodata.str1.4
                0x0081269c       0x5e c:/logicielge1/altera/13.0sp1/nios2eds/bin/gnu/h-i686-mingw32/bin/../lib/gcc/nios2-elf/4.1.2/../../../../nios2-elf/lib\libc.a(lib_a-vfprintf.o)
                                 0x60 (size before relaxing)
 .rodata        0x008126fa       0x20 c:/logicielge1/altera/13.0sp1/nios2eds/bin/gnu/h-i686-mingw32/bin/../lib/gcc/nios2-elf/4.1.2/../../../../nios2-elf/lib\libc.a(lib_a-vfprintf.o)
 *fill*         0x0081271a        0x2 00
 .rodata.str1.4
                0x0081271c       0x10 c:/logicielge1/altera/13.0sp1/nios2eds/bin/gnu/h-i686-mingw32/bin/../lib/gcc/nios2-elf/4.1.2/../../../../nios2-elf/lib\libc.a(lib_a-dtoa.o)
                                 0x14 (size before relaxing)
 .rodata.str1.4
                0x0081272c        0x2 c:/logicielge1/altera/13.0sp1/nios2eds/bin/gnu/h-i686-mingw32/bin/../lib/gcc/nios2-elf/4.1.2/../../../../nios2-elf/lib\libc.a(lib_a-impure.o)
                                  0x4 (size before relaxing)
 *fill*         0x0081272e        0x2 00
 .rodata.str1.4
                0x00812730       0x10 c:/logicielge1/altera/13.0sp1/nios2eds/bin/gnu/h-i686-mingw32/bin/../lib/gcc/nios2-elf/4.1.2/../../../../nios2-elf/lib\libc.a(lib_a-locale.o)
                                 0x18 (size before relaxing)
 .rodata        0x00812740       0x30 c:/logicielge1/altera/13.0sp1/nios2eds/bin/gnu/h-i686-mingw32/bin/../lib/gcc/nios2-elf/4.1.2/../../../../nios2-elf/lib\libc.a(lib_a-locale.o)
 .rodata        0x00812770      0x124 c:/logicielge1/altera/13.0sp1/nios2eds/bin/gnu/h-i686-mingw32/bin/../lib/gcc/nios2-elf/4.1.2/../../../../nios2-elf/lib\libc.a(lib_a-mprec.o)
                0x00812770                __mprec_tens
                0x00812838                __mprec_bigtens
                0x00812860                __mprec_tinytens
 .rodata        0x00812894       0x14 c:/logicielge1/altera/13.0sp1/nios2eds/bin/gnu/h-i686-mingw32/bin/../lib/gcc/nios2-elf/4.1.2\libgcc.a(_thenan_df.o)
                0x00812894                __thenan_df
 .rodata        0x008128a8      0x100 c:/logicielge1/altera/13.0sp1/nios2eds/bin/gnu/h-i686-mingw32/bin/../lib/gcc/nios2-elf/4.1.2\libgcc.a(_clz.o)
                0x008128a8                __clz_tab
 .rodata        0x008129a8        0xc ../cmv_controller_bsp/\libhal_bsp.a(alt_dev.o)
 .rodata        0x008129b4       0x10 ../cmv_controller_bsp/\libhal_bsp.a(alt_main.o)
 .rodata        0x008129c4       0x1c ../cmv_controller_bsp/\libhal_bsp.a(alt_sys_init.o)
 *(.rodata1)
                0x008129e0                . = ALIGN (0x4)
                0x008129e0                PROVIDE (__ram_rodata_end, ABSOLUTE (.))
                0x00812038                PROVIDE (__flash_rodata_start, LOADADDR (.rodata))

.rwdata         0x008129e0     0x1ce8 load address 0x008146c8
                0x008129e0                PROVIDE (__ram_rwdata_start, ABSOLUTE (.))
                0x008129e0                . = ALIGN (0x4)
 *(.got.plt)
 *(.got)
 *(.data1)
 *(.data .data.* .gnu.linkonce.d.*)
 .data          0x008129e0        0x0 ../cmv_controller_bsp//obj/HAL/src/crt0.o
 .data          0x008129e0        0x0 obj/default/FSM.o
 .data          0x008129e0        0x0 obj/default/controller/PIO.o
 .data          0x008129e0        0x0 obj/default/controller/PIO_Bus.o
 .data          0x008129e0        0x0 obj/default/controller/PIO_Pin.o
 .data          0x008129e0        0x0 obj/default/controller/SPI.o
 .data          0x008129e0        0x0 obj/default/controller/UART.o
 .data          0x008129e0        0x0 obj/default/main.o
 .data          0x008129e0        0x0 c:/logicielge1/altera/13.0sp1/nios2eds/bin/gnu/h-i686-mingw32/bin/../lib/gcc/nios2-elf/4.1.2/../../../../nios2-elf/lib\libstdc++.a(eh_throw.o)
 .data          0x008129e0        0x0 c:/logicielge1/altera/13.0sp1/nios2eds/bin/gnu/h-i686-mingw32/bin/../lib/gcc/nios2-elf/4.1.2/../../../../nios2-elf/lib\libstdc++.a(eh_term_handler.o)
 .data          0x008129e0        0x0 c:/logicielge1/altera/13.0sp1/nios2eds/bin/gnu/h-i686-mingw32/bin/../lib/gcc/nios2-elf/4.1.2/../../../../nios2-elf/lib\libstdc++.a(new_opv.o)
 .data          0x008129e0        0x0 c:/logicielge1/altera/13.0sp1/nios2eds/bin/gnu/h-i686-mingw32/bin/../lib/gcc/nios2-elf/4.1.2/../../../../nios2-elf/lib\libstdc++.a(eh_catch.o)
 .data          0x008129e0        0x0 c:/logicielge1/altera/13.0sp1/nios2eds/bin/gnu/h-i686-mingw32/bin/../lib/gcc/nios2-elf/4.1.2/../../../../nios2-elf/lib\libstdc++.a(del_op.o)
 .data          0x008129e0        0x0 c:/logicielge1/altera/13.0sp1/nios2eds/bin/gnu/h-i686-mingw32/bin/../lib/gcc/nios2-elf/4.1.2/../../../../nios2-elf/lib\libstdc++.a(del_opv.o)
 .data          0x008129e0        0x0 c:/logicielge1/altera/13.0sp1/nios2eds/bin/gnu/h-i686-mingw32/bin/../lib/gcc/nios2-elf/4.1.2/../../../../nios2-elf/lib\libstdc++.a(eh_unex_handler.o)
 .data          0x008129e0        0x0 c:/logicielge1/altera/13.0sp1/nios2eds/bin/gnu/h-i686-mingw32/bin/../lib/gcc/nios2-elf/4.1.2/../../../../nios2-elf/lib\libstdc++.a(eh_personality.o)
 .data          0x008129e0        0x0 c:/logicielge1/altera/13.0sp1/nios2eds/bin/gnu/h-i686-mingw32/bin/../lib/gcc/nios2-elf/4.1.2/../../../../nios2-elf/lib\libstdc++.a(class_type_info.o)
 .data          0x008129e0        0x0 c:/logicielge1/altera/13.0sp1/nios2eds/bin/gnu/h-i686-mingw32/bin/../lib/gcc/nios2-elf/4.1.2/../../../../nios2-elf/lib\libstdc++.a(si_class_type_info.o)
 .data          0x008129e0        0x0 c:/logicielge1/altera/13.0sp1/nios2eds/bin/gnu/h-i686-mingw32/bin/../lib/gcc/nios2-elf/4.1.2/../../../../nios2-elf/lib\libstdc++.a(eh_globals.o)
 .data          0x008129e0        0x0 c:/logicielge1/altera/13.0sp1/nios2eds/bin/gnu/h-i686-mingw32/bin/../lib/gcc/nios2-elf/4.1.2/../../../../nios2-elf/lib\libstdc++.a(eh_terminate.o)
 .data          0x008129e0        0x0 c:/logicielge1/altera/13.0sp1/nios2eds/bin/gnu/h-i686-mingw32/bin/../lib/gcc/nios2-elf/4.1.2/../../../../nios2-elf/lib\libstdc++.a(new_op.o)
 .data          0x008129e0        0x0 c:/logicielge1/altera/13.0sp1/nios2eds/bin/gnu/h-i686-mingw32/bin/../lib/gcc/nios2-elf/4.1.2/../../../../nios2-elf/lib\libstdc++.a(eh_call.o)
 .data          0x008129e0        0x0 c:/logicielge1/altera/13.0sp1/nios2eds/bin/gnu/h-i686-mingw32/bin/../lib/gcc/nios2-elf/4.1.2/../../../../nios2-elf/lib\libstdc++.a(eh_exception.o)
 .data          0x008129e0        0x0 c:/logicielge1/altera/13.0sp1/nios2eds/bin/gnu/h-i686-mingw32/bin/../lib/gcc/nios2-elf/4.1.2/../../../../nios2-elf/lib\libstdc++.a(fundamental_type_info.o)
 .data          0x008129e0        0x0 c:/logicielge1/altera/13.0sp1/nios2eds/bin/gnu/h-i686-mingw32/bin/../lib/gcc/nios2-elf/4.1.2/../../../../nios2-elf/lib\libstdc++.a(new_handler.o)
 .data          0x008129e0        0x0 c:/logicielge1/altera/13.0sp1/nios2eds/bin/gnu/h-i686-mingw32/bin/../lib/gcc/nios2-elf/4.1.2/../../../../nios2-elf/lib\libstdc++.a(eh_alloc.o)
 .data          0x008129e0        0x0 c:/logicielge1/altera/13.0sp1/nios2eds/bin/gnu/h-i686-mingw32/bin/../lib/gcc/nios2-elf/4.1.2/../../../../nios2-elf/lib\libstdc++.a(tinfo.o)
 .data          0x008129e0        0x0 c:/logicielge1/altera/13.0sp1/nios2eds/bin/gnu/h-i686-mingw32/bin/../lib/gcc/nios2-elf/4.1.2/../../../../nios2-elf/lib\libstdc++.a(pointer_type_info.o)
 .data          0x008129e0        0x0 c:/logicielge1/altera/13.0sp1/nios2eds/bin/gnu/h-i686-mingw32/bin/../lib/gcc/nios2-elf/4.1.2/../../../../nios2-elf/lib\libstdc++.a(pbase_type_info.o)
 .data          0x008129e0        0x0 c:/logicielge1/altera/13.0sp1/nios2eds/bin/gnu/h-i686-mingw32/bin/../lib/gcc/nios2-elf/4.1.2\libgcc.a(unwind-sjlj.o)
 .data          0x008129e0        0x0 c:/logicielge1/altera/13.0sp1/nios2eds/bin/gnu/h-i686-mingw32/bin/../lib/gcc/nios2-elf/4.1.2/../../../../nios2-elf/lib\libc.a(lib_a-abort.o)
 .data          0x008129e0        0x0 c:/logicielge1/altera/13.0sp1/nios2eds/bin/gnu/h-i686-mingw32/bin/../lib/gcc/nios2-elf/4.1.2/../../../../nios2-elf/lib\libc.a(lib_a-malloc.o)
 .data          0x008129e0      0x408 c:/logicielge1/altera/13.0sp1/nios2eds/bin/gnu/h-i686-mingw32/bin/../lib/gcc/nios2-elf/4.1.2/../../../../nios2-elf/lib\libc.a(lib_a-mallocr.o)
                0x008129e0                __malloc_av_
 .data          0x00812de8        0x0 c:/logicielge1/altera/13.0sp1/nios2eds/bin/gnu/h-i686-mingw32/bin/../lib/gcc/nios2-elf/4.1.2/../../../../nios2-elf/lib\libc.a(lib_a-memset.o)
 .data          0x00812de8        0x0 c:/logicielge1/altera/13.0sp1/nios2eds/bin/gnu/h-i686-mingw32/bin/../lib/gcc/nios2-elf/4.1.2/../../../../nios2-elf/lib\libc.a(lib_a-printf.o)
 .data          0x00812de8        0x0 c:/logicielge1/altera/13.0sp1/nios2eds/bin/gnu/h-i686-mingw32/bin/../lib/gcc/nios2-elf/4.1.2/../../../../nios2-elf/lib\libc.a(lib_a-sbrkr.o)
 .data          0x00812de8        0x0 c:/logicielge1/altera/13.0sp1/nios2eds/bin/gnu/h-i686-mingw32/bin/../lib/gcc/nios2-elf/4.1.2/../../../../nios2-elf/lib\libc.a(lib_a-signal.o)
 .data          0x00812de8        0x0 c:/logicielge1/altera/13.0sp1/nios2eds/bin/gnu/h-i686-mingw32/bin/../lib/gcc/nios2-elf/4.1.2/../../../../nios2-elf/lib\libc.a(lib_a-signalr.o)
 .data          0x00812de8        0x0 c:/logicielge1/altera/13.0sp1/nios2eds/bin/gnu/h-i686-mingw32/bin/../lib/gcc/nios2-elf/4.1.2/../../../../nios2-elf/lib\libc.a(lib_a-strlen.o)
 .data          0x00812de8        0x0 c:/logicielge1/altera/13.0sp1/nios2eds/bin/gnu/h-i686-mingw32/bin/../lib/gcc/nios2-elf/4.1.2/../../../../nios2-elf/lib\libc.a(lib_a-vfprintf.o)
 .data          0x00812de8        0x0 c:/logicielge1/altera/13.0sp1/nios2eds/bin/gnu/h-i686-mingw32/bin/../lib/gcc/nios2-elf/4.1.2/../../../../nios2-elf/lib\libc.a(lib_a-vsnprintf.o)
 .data          0x00812de8        0x0 c:/logicielge1/altera/13.0sp1/nios2eds/bin/gnu/h-i686-mingw32/bin/../lib/gcc/nios2-elf/4.1.2/../../../../nios2-elf/lib\libc.a(lib_a-wsetup.o)
 .data          0x00812de8        0x0 c:/logicielge1/altera/13.0sp1/nios2eds/bin/gnu/h-i686-mingw32/bin/../lib/gcc/nios2-elf/4.1.2/../../../../nios2-elf/lib\libc.a(lib_a-dtoa.o)
 .data          0x00812de8        0x0 c:/logicielge1/altera/13.0sp1/nios2eds/bin/gnu/h-i686-mingw32/bin/../lib/gcc/nios2-elf/4.1.2/../../../../nios2-elf/lib\libc.a(lib_a-fflush.o)
 .data          0x00812de8        0x0 c:/logicielge1/altera/13.0sp1/nios2eds/bin/gnu/h-i686-mingw32/bin/../lib/gcc/nios2-elf/4.1.2/../../../../nios2-elf/lib\libc.a(lib_a-findfp.o)
 .data          0x00812de8        0x0 c:/logicielge1/altera/13.0sp1/nios2eds/bin/gnu/h-i686-mingw32/bin/../lib/gcc/nios2-elf/4.1.2/../../../../nios2-elf/lib\libc.a(lib_a-freer.o)
 .data          0x00812de8        0x0 c:/logicielge1/altera/13.0sp1/nios2eds/bin/gnu/h-i686-mingw32/bin/../lib/gcc/nios2-elf/4.1.2/../../../../nios2-elf/lib\libc.a(lib_a-fvwrite.o)
 .data          0x00812de8        0x0 c:/logicielge1/altera/13.0sp1/nios2eds/bin/gnu/h-i686-mingw32/bin/../lib/gcc/nios2-elf/4.1.2/../../../../nios2-elf/lib\libc.a(lib_a-fwalk.o)
 .data          0x00812de8      0x400 c:/logicielge1/altera/13.0sp1/nios2eds/bin/gnu/h-i686-mingw32/bin/../lib/gcc/nios2-elf/4.1.2/../../../../nios2-elf/lib\libc.a(lib_a-impure.o)
 .data          0x008131e8        0x0 c:/logicielge1/altera/13.0sp1/nios2eds/bin/gnu/h-i686-mingw32/bin/../lib/gcc/nios2-elf/4.1.2/../../../../nios2-elf/lib\libc.a(lib_a-int_errno.o)
 .data          0x008131e8        0xc c:/logicielge1/altera/13.0sp1/nios2eds/bin/gnu/h-i686-mingw32/bin/../lib/gcc/nios2-elf/4.1.2/../../../../nios2-elf/lib\libc.a(lib_a-locale.o)
                0x008131e8                __lc_ctype
 .data          0x008131f4        0x0 c:/logicielge1/altera/13.0sp1/nios2eds/bin/gnu/h-i686-mingw32/bin/../lib/gcc/nios2-elf/4.1.2/../../../../nios2-elf/lib\libc.a(lib_a-makebuf.o)
 .data          0x008131f4        0x0 c:/logicielge1/altera/13.0sp1/nios2eds/bin/gnu/h-i686-mingw32/bin/../lib/gcc/nios2-elf/4.1.2/../../../../nios2-elf/lib\libc.a(lib_a-memchr.o)
 .data          0x008131f4        0x0 c:/logicielge1/altera/13.0sp1/nios2eds/bin/gnu/h-i686-mingw32/bin/../lib/gcc/nios2-elf/4.1.2/../../../../nios2-elf/lib\libc.a(lib_a-memcpy.o)
 .data          0x008131f4        0x0 c:/logicielge1/altera/13.0sp1/nios2eds/bin/gnu/h-i686-mingw32/bin/../lib/gcc/nios2-elf/4.1.2/../../../../nios2-elf/lib\libc.a(lib_a-memmove.o)
 .data          0x008131f4        0x0 c:/logicielge1/altera/13.0sp1/nios2eds/bin/gnu/h-i686-mingw32/bin/../lib/gcc/nios2-elf/4.1.2/../../../../nios2-elf/lib\libc.a(lib_a-mprec.o)
 .data          0x008131f4        0x0 c:/logicielge1/altera/13.0sp1/nios2eds/bin/gnu/h-i686-mingw32/bin/../lib/gcc/nios2-elf/4.1.2/../../../../nios2-elf/lib\libc.a(lib_a-reallocr.o)
 .data          0x008131f4        0x0 c:/logicielge1/altera/13.0sp1/nios2eds/bin/gnu/h-i686-mingw32/bin/../lib/gcc/nios2-elf/4.1.2/../../../../nios2-elf/lib\libc.a(lib_a-s_isinfd.o)
 .data          0x008131f4        0x0 c:/logicielge1/altera/13.0sp1/nios2eds/bin/gnu/h-i686-mingw32/bin/../lib/gcc/nios2-elf/4.1.2/../../../../nios2-elf/lib\libc.a(lib_a-s_isnand.o)
 .data          0x008131f4        0x0 c:/logicielge1/altera/13.0sp1/nios2eds/bin/gnu/h-i686-mingw32/bin/../lib/gcc/nios2-elf/4.1.2/../../../../nios2-elf/lib\libc.a(lib_a-stdio.o)
 .data          0x008131f4        0x0 c:/logicielge1/altera/13.0sp1/nios2eds/bin/gnu/h-i686-mingw32/bin/../lib/gcc/nios2-elf/4.1.2/../../../../nios2-elf/lib\libc.a(lib_a-strcmp.o)
 .data          0x008131f4        0x0 c:/logicielge1/altera/13.0sp1/nios2eds/bin/gnu/h-i686-mingw32/bin/../lib/gcc/nios2-elf/4.1.2/../../../../nios2-elf/lib\libc.a(lib_a-writer.o)
 .data          0x008131f4        0x0 c:/logicielge1/altera/13.0sp1/nios2eds/bin/gnu/h-i686-mingw32/bin/../lib/gcc/nios2-elf/4.1.2/../../../../nios2-elf/lib\libc.a(lib_a-callocr.o)
 .data          0x008131f4        0x0 c:/logicielge1/altera/13.0sp1/nios2eds/bin/gnu/h-i686-mingw32/bin/../lib/gcc/nios2-elf/4.1.2/../../../../nios2-elf/lib\libc.a(lib_a-closer.o)
 .data          0x008131f4        0x0 c:/logicielge1/altera/13.0sp1/nios2eds/bin/gnu/h-i686-mingw32/bin/../lib/gcc/nios2-elf/4.1.2/../../../../nios2-elf/lib\libc.a(lib_a-fclose.o)
 .data          0x008131f4        0x0 c:/logicielge1/altera/13.0sp1/nios2eds/bin/gnu/h-i686-mingw32/bin/../lib/gcc/nios2-elf/4.1.2/../../../../nios2-elf/lib\libc.a(lib_a-fstatr.o)
 .data          0x008131f4        0x0 c:/logicielge1/altera/13.0sp1/nios2eds/bin/gnu/h-i686-mingw32/bin/../lib/gcc/nios2-elf/4.1.2/../../../../nios2-elf/lib\libc.a(lib_a-isattyr.o)
 .data          0x008131f4        0x0 c:/logicielge1/altera/13.0sp1/nios2eds/bin/gnu/h-i686-mingw32/bin/../lib/gcc/nios2-elf/4.1.2/../../../../nios2-elf/lib\libc.a(lib_a-lseekr.o)
 .data          0x008131f4        0x0 c:/logicielge1/altera/13.0sp1/nios2eds/bin/gnu/h-i686-mingw32/bin/../lib/gcc/nios2-elf/4.1.2/../../../../nios2-elf/lib\libc.a(lib_a-readr.o)
 .data          0x008131f4        0x0 c:/logicielge1/altera/13.0sp1/nios2eds/bin/gnu/h-i686-mingw32/bin/../lib/gcc/nios2-elf/4.1.2\libgcc.a(_udivdi3.o)
 .data          0x008131f4        0x0 c:/logicielge1/altera/13.0sp1/nios2eds/bin/gnu/h-i686-mingw32/bin/../lib/gcc/nios2-elf/4.1.2\libgcc.a(_umoddi3.o)
 .data          0x008131f4        0x0 c:/logicielge1/altera/13.0sp1/nios2eds/bin/gnu/h-i686-mingw32/bin/../lib/gcc/nios2-elf/4.1.2\libgcc.a(_addsub_df.o)
 .data          0x008131f4        0x0 c:/logicielge1/altera/13.0sp1/nios2eds/bin/gnu/h-i686-mingw32/bin/../lib/gcc/nios2-elf/4.1.2\libgcc.a(_mul_df.o)
 .data          0x008131f4        0x0 c:/logicielge1/altera/13.0sp1/nios2eds/bin/gnu/h-i686-mingw32/bin/../lib/gcc/nios2-elf/4.1.2\libgcc.a(_div_df.o)
 .data          0x008131f4        0x0 c:/logicielge1/altera/13.0sp1/nios2eds/bin/gnu/h-i686-mingw32/bin/../lib/gcc/nios2-elf/4.1.2\libgcc.a(_eq_df.o)
 .data          0x008131f4        0x0 c:/logicielge1/altera/13.0sp1/nios2eds/bin/gnu/h-i686-mingw32/bin/../lib/gcc/nios2-elf/4.1.2\libgcc.a(_ne_df.o)
 .data          0x008131f4        0x0 c:/logicielge1/altera/13.0sp1/nios2eds/bin/gnu/h-i686-mingw32/bin/../lib/gcc/nios2-elf/4.1.2\libgcc.a(_gt_df.o)
 .data          0x008131f4        0x0 c:/logicielge1/altera/13.0sp1/nios2eds/bin/gnu/h-i686-mingw32/bin/../lib/gcc/nios2-elf/4.1.2\libgcc.a(_ge_df.o)
 .data          0x008131f4        0x0 c:/logicielge1/altera/13.0sp1/nios2eds/bin/gnu/h-i686-mingw32/bin/../lib/gcc/nios2-elf/4.1.2\libgcc.a(_lt_df.o)
 .data          0x008131f4        0x0 c:/logicielge1/altera/13.0sp1/nios2eds/bin/gnu/h-i686-mingw32/bin/../lib/gcc/nios2-elf/4.1.2\libgcc.a(_si_to_df.o)
 .data          0x008131f4        0x0 c:/logicielge1/altera/13.0sp1/nios2eds/bin/gnu/h-i686-mingw32/bin/../lib/gcc/nios2-elf/4.1.2\libgcc.a(_df_to_si.o)
 .data          0x008131f4        0x0 c:/logicielge1/altera/13.0sp1/nios2eds/bin/gnu/h-i686-mingw32/bin/../lib/gcc/nios2-elf/4.1.2\libgcc.a(_thenan_df.o)
 .data          0x008131f4        0x0 c:/logicielge1/altera/13.0sp1/nios2eds/bin/gnu/h-i686-mingw32/bin/../lib/gcc/nios2-elf/4.1.2\libgcc.a(_usi_to_df.o)
 .data          0x008131f4        0x0 c:/logicielge1/altera/13.0sp1/nios2eds/bin/gnu/h-i686-mingw32/bin/../lib/gcc/nios2-elf/4.1.2\libgcc.a(lib2-divmod.o)
 .data          0x008131f4        0x0 c:/logicielge1/altera/13.0sp1/nios2eds/bin/gnu/h-i686-mingw32/bin/../lib/gcc/nios2-elf/4.1.2\libgcc.a(_muldi3.o)
 .data          0x008131f4        0x0 c:/logicielge1/altera/13.0sp1/nios2eds/bin/gnu/h-i686-mingw32/bin/../lib/gcc/nios2-elf/4.1.2\libgcc.a(_clz.o)
 .data          0x008131f4        0x0 c:/logicielge1/altera/13.0sp1/nios2eds/bin/gnu/h-i686-mingw32/bin/../lib/gcc/nios2-elf/4.1.2\libgcc.a(_clzsi2.o)
 .data          0x008131f4        0x0 c:/logicielge1/altera/13.0sp1/nios2eds/bin/gnu/h-i686-mingw32/bin/../lib/gcc/nios2-elf/4.1.2\libgcc.a(_pack_df.o)
 .data          0x008131f4        0x0 c:/logicielge1/altera/13.0sp1/nios2eds/bin/gnu/h-i686-mingw32/bin/../lib/gcc/nios2-elf/4.1.2\libgcc.a(_unpack_df.o)
 .data          0x008131f4        0x0 c:/logicielge1/altera/13.0sp1/nios2eds/bin/gnu/h-i686-mingw32/bin/../lib/gcc/nios2-elf/4.1.2\libgcc.a(_fpcmp_parts_df.o)
 .data          0x008131f4        0x0 ../cmv_controller_bsp/\libhal_bsp.a(alt_close.o)
 .data          0x008131f4      0x1a8 ../cmv_controller_bsp/\libhal_bsp.a(alt_dev.o)
                0x008131f4                alt_dev_null
                0x0081321c                alt_fd_list
 .data          0x0081339c        0x0 ../cmv_controller_bsp/\libhal_bsp.a(alt_errno.o)
 .data          0x0081339c        0x0 ../cmv_controller_bsp/\libhal_bsp.a(alt_exit.o)
 .data          0x0081339c        0x0 ../cmv_controller_bsp/\libhal_bsp.a(alt_fstat.o)
 .data          0x0081339c        0x0 ../cmv_controller_bsp/\libhal_bsp.a(alt_getpid.o)
 .data          0x0081339c        0x0 ../cmv_controller_bsp/\libhal_bsp.a(alt_irq_register.o)
 .data          0x0081339c        0x0 ../cmv_controller_bsp/\libhal_bsp.a(alt_irq_vars.o)
 .data          0x0081339c        0x0 ../cmv_controller_bsp/\libhal_bsp.a(alt_isatty.o)
 .data          0x0081339c        0x0 ../cmv_controller_bsp/\libhal_bsp.a(alt_kill.o)
 .data          0x0081339c        0x0 ../cmv_controller_bsp/\libhal_bsp.a(alt_load.o)
 .data          0x0081339c        0x0 ../cmv_controller_bsp/\libhal_bsp.a(alt_lseek.o)
 .data          0x0081339c        0x0 ../cmv_controller_bsp/\libhal_bsp.a(alt_main.o)
 .data          0x0081339c        0x0 ../cmv_controller_bsp/\libhal_bsp.a(alt_malloc_lock.o)
 .data          0x0081339c        0x0 ../cmv_controller_bsp/\libhal_bsp.a(alt_read.o)
 .data          0x0081339c        0x0 ../cmv_controller_bsp/\libhal_bsp.a(alt_release_fd.o)
 .data          0x0081339c        0x0 ../cmv_controller_bsp/\libhal_bsp.a(alt_sbrk.o)
 .data          0x0081339c        0x0 ../cmv_controller_bsp/\libhal_bsp.a(alt_usleep.o)
 .data          0x0081339c        0x0 ../cmv_controller_bsp/\libhal_bsp.a(alt_write.o)
 .data          0x0081339c     0x1124 ../cmv_controller_bsp/\libhal_bsp.a(alt_sys_init.o)
 .data          0x008144c0        0x0 ../cmv_controller_bsp/\libhal_bsp.a(altera_avalon_jtag_uart_fd.o)
 .data          0x008144c0        0x0 ../cmv_controller_bsp/\libhal_bsp.a(altera_avalon_jtag_uart_init.o)
 .data          0x008144c0        0x0 ../cmv_controller_bsp/\libhal_bsp.a(altera_avalon_jtag_uart_ioctl.o)
 .data          0x008144c0        0x0 ../cmv_controller_bsp/\libhal_bsp.a(altera_avalon_jtag_uart_read.o)
 .data          0x008144c0        0x0 ../cmv_controller_bsp/\libhal_bsp.a(altera_avalon_jtag_uart_write.o)
 .data          0x008144c0        0x0 ../cmv_controller_bsp/\libhal_bsp.a(altera_avalon_spi.o)
 .data          0x008144c0        0x0 ../cmv_controller_bsp/\libhal_bsp.a(altera_avalon_uart_fd.o)
 .data          0x008144c0        0x0 ../cmv_controller_bsp/\libhal_bsp.a(altera_avalon_uart_init.o)
 .data          0x008144c0        0x0 ../cmv_controller_bsp/\libhal_bsp.a(altera_avalon_uart_read.o)
 .data          0x008144c0        0x0 ../cmv_controller_bsp/\libhal_bsp.a(altera_avalon_uart_write.o)
 .data          0x008144c0        0x0 ../cmv_controller_bsp/\libhal_bsp.a(alt_alarm_start.o)
 .data          0x008144c0        0x0 ../cmv_controller_bsp/\libhal_bsp.a(alt_busy_sleep.o)
 .data          0x008144c0        0x0 ../cmv_controller_bsp/\libhal_bsp.a(alt_dcache_flush_all.o)
 .data          0x008144c0        0x0 ../cmv_controller_bsp/\libhal_bsp.a(alt_dev_llist_insert.o)
 .data          0x008144c0        0x0 ../cmv_controller_bsp/\libhal_bsp.a(alt_do_ctors.o)
 .data          0x008144c0        0x0 ../cmv_controller_bsp/\libhal_bsp.a(alt_do_dtors.o)
 .data          0x008144c0        0x0 ../cmv_controller_bsp/\libhal_bsp.a(alt_icache_flush_all.o)
 .data          0x008144c0        0x0 ../cmv_controller_bsp/\libhal_bsp.a(alt_iic.o)
 .data          0x008144c0        0x0 ../cmv_controller_bsp/\libhal_bsp.a(alt_iic_isr_register.o)
 .data          0x008144c0        0x0 ../cmv_controller_bsp/\libhal_bsp.a(alt_io_redirect.o)
 .data          0x008144c0        0x0 ../cmv_controller_bsp/\libhal_bsp.a(alt_irq_entry.o)
 .data          0x008144c0        0x0 ../cmv_controller_bsp/\libhal_bsp.a(alt_irq_handler.o)
 .data          0x008144c0        0x0 ../cmv_controller_bsp/\libhal_bsp.a(alt_open.o)
 .data          0x008144c0        0x0 ../cmv_controller_bsp/\libhal_bsp.a(alt_tick.o)
 .data          0x008144c0        0x0 ../cmv_controller_bsp/\libhal_bsp.a(altera_nios2_qsys_irq.o)
 .data          0x008144c0        0x0 ../cmv_controller_bsp/\libhal_bsp.a(alt_exception_entry.o)
 .data          0x008144c0        0x0 ../cmv_controller_bsp/\libhal_bsp.a(alt_find_dev.o)
 .data          0x008144c0        0x0 ../cmv_controller_bsp/\libhal_bsp.a(alt_find_file.o)
 .data          0x008144c0        0x0 ../cmv_controller_bsp/\libhal_bsp.a(alt_get_fd.o)
 .data          0x008144c0        0x0 ../cmv_controller_bsp/\libhal_bsp.a(alt_icache_flush.o)
 .data          0x008144c0        0x0 c:/logicielge1/altera/13.0sp1/nios2eds/bin/gnu/h-i686-mingw32/bin/../lib/gcc/nios2-elf/4.1.2/../../../../nios2-elf/lib\libc.a(lib_a-atexit.o)
 .data          0x008144c0        0x0 c:/logicielge1/altera/13.0sp1/nios2eds/bin/gnu/h-i686-mingw32/bin/../lib/gcc/nios2-elf/4.1.2/../../../../nios2-elf/lib\libc.a(lib_a-exit.o)
 .data          0x008144c0        0x0 c:/logicielge1/altera/13.0sp1/nios2eds/bin/gnu/h-i686-mingw32/bin/../lib/gcc/nios2-elf/4.1.2/../../../../nios2-elf/lib\libc.a(lib_a-memcmp.o)