------------------------------------------------------------
TimeQuest Timing Analyzer Summary
------------------------------------------------------------

Type  : Slow 1200mV 85C Model Setup 'u6|altpll_component|auto_generated|pll1|clk[0]'
Slack : 1.403
TNS   : 0.000

Type  : Slow 1200mV 85C Model Setup 'u6|altpll_component|auto_generated|pll1|clk[4]'
Slack : 8.313
TNS   : 0.000

Type  : Slow 1200mV 85C Model Setup 'CLOCK2_50'
Slack : 14.099
TNS   : 0.000

Type  : Slow 1200mV 85C Model Hold 'u6|altpll_component|auto_generated|pll1|clk[0]'
Slack : 0.335
TNS   : 0.000

Type  : Slow 1200mV 85C Model Hold 'u6|altpll_component|auto_generated|pll1|clk[4]'
Slack : 0.387
TNS   : 0.000

Type  : Slow 1200mV 85C Model Hold 'CLOCK2_50'
Slack : 0.402
TNS   : 0.000

Type  : Slow 1200mV 85C Model Recovery 'u6|altpll_component|auto_generated|pll1|clk[4]'
Slack : -4.291
TNS   : -428.554

Type  : Slow 1200mV 85C Model Recovery 'u6|altpll_component|auto_generated|pll1|clk[0]'
Slack : 2.680
TNS   : 0.000

Type  : Slow 1200mV 85C Model Recovery 'CLOCK2_50'
Slack : 8.961
TNS   : 0.000

Type  : Slow 1200mV 85C Model Removal 'CLOCK2_50'
Slack : 1.955
TNS   : 0.000

Type  : Slow 1200mV 85C Model Removal 'u6|altpll_component|auto_generated|pll1|clk[4]'
Slack : 5.464
TNS   : 0.000

Type  : Slow 1200mV 85C Model Removal 'u6|altpll_component|auto_generated|pll1|clk[0]'
Slack : 5.465
TNS   : 0.000

Type  : Slow 1200mV 85C Model Minimum Pulse Width 'u6|altpll_component|auto_generated|pll1|clk[0]'
Slack : 4.691
TNS   : 0.000

Type  : Slow 1200mV 85C Model Minimum Pulse Width 'CLOCK2_50'
Slack : 9.686
TNS   : 0.000

Type  : Slow 1200mV 85C Model Minimum Pulse Width 'u6|altpll_component|auto_generated|pll1|clk[4]'
Slack : 12.188
TNS   : 0.000

Type  : Slow 1200mV 85C Model Minimum Pulse Width 'CLOCK3_50'
Slack : 16.000
TNS   : 0.000

Type  : Slow 1200mV 85C Model Minimum Pulse Width 'CLOCK_50'
Slack : 16.000
TNS   : 0.000

Type  : Slow 1200mV 0C Model Setup 'u6|altpll_component|auto_generated|pll1|clk[0]'
Slack : 2.180
TNS   : 0.000

Type  : Slow 1200mV 0C Model Setup 'u6|altpll_component|auto_generated|pll1|clk[4]'
Slack : 8.712
TNS   : 0.000

Type  : Slow 1200mV 0C Model Setup 'CLOCK2_50'
Slack : 14.668
TNS   : 0.000

Type  : Slow 1200mV 0C Model Hold 'u6|altpll_component|auto_generated|pll1|clk[4]'
Slack : 0.340
TNS   : 0.000

Type  : Slow 1200mV 0C Model Hold 'u6|altpll_component|auto_generated|pll1|clk[0]'
Slack : 0.343
TNS   : 0.000

Type  : Slow 1200mV 0C Model Hold 'CLOCK2_50'
Slack : 0.353
TNS   : 0.000

Type  : Slow 1200mV 0C Model Recovery 'u6|altpll_component|auto_generated|pll1|clk[4]'
Slack : -3.544
TNS   : -306.671

Type  : Slow 1200mV 0C Model Recovery 'u6|altpll_component|auto_generated|pll1|clk[0]'
Slack : 3.482
TNS   : 0.000

Type  : Slow 1200mV 0C Model Recovery 'CLOCK2_50'
Slack : 9.770
TNS   : 0.000

Type  : Slow 1200mV 0C Model Removal 'CLOCK2_50'
Slack : 1.753
TNS   : 0.000

Type  : Slow 1200mV 0C Model Removal 'u6|altpll_component|auto_generated|pll1|clk[0]'
Slack : 4.793
TNS   : 0.000

Type  : Slow 1200mV 0C Model Removal 'u6|altpll_component|auto_generated|pll1|clk[4]'
Slack : 4.797
TNS   : 0.000

Type  : Slow 1200mV 0C Model Minimum Pulse Width 'u6|altpll_component|auto_generated|pll1|clk[0]'
Slack : 4.681
TNS   : 0.000

Type  : Slow 1200mV 0C Model Minimum Pulse Width 'CLOCK2_50'
Slack : 9.653
TNS   : 0.000

Type  : Slow 1200mV 0C Model Minimum Pulse Width 'u6|altpll_component|auto_generated|pll1|clk[4]'
Slack : 12.181
TNS   : 0.000

Type  : Slow 1200mV 0C Model Minimum Pulse Width 'CLOCK3_50'
Slack : 16.000
TNS   : 0.000

Type  : Slow 1200mV 0C Model Minimum Pulse Width 'CLOCK_50'
Slack : 16.000
TNS   : 0.000

Type  : Fast 1200mV 0C Model Setup 'u6|altpll_component|auto_generated|pll1|clk[0]'
Slack : 5.395
TNS   : 0.000

Type  : Fast 1200mV 0C Model Setup 'u6|altpll_component|auto_generated|pll1|clk[4]'
Slack : 10.320
TNS   : 0.000

Type  : Fast 1200mV 0C Model Setup 'CLOCK2_50'
Slack : 17.117
TNS   : 0.000

Type  : Fast 1200mV 0C Model Hold 'u6|altpll_component|auto_generated|pll1|clk[0]'
Slack : 0.138
TNS   : 0.000

Type  : Fast 1200mV 0C Model Hold 'u6|altpll_component|auto_generated|pll1|clk[4]'
Slack : 0.173
TNS   : 0.000

Type  : Fast 1200mV 0C Model Hold 'CLOCK2_50'
Slack : 0.180
TNS   : 0.000

Type  : Fast 1200mV 0C Model Recovery 'u6|altpll_component|auto_generated|pll1|clk[4]'
Slack : -1.158
TNS   : -53.595

Type  : Fast 1200mV 0C Model Recovery 'u6|altpll_component|auto_generated|pll1|clk[0]'
Slack : 6.067
TNS   : 0.000

Type  : Fast 1200mV 0C Model Recovery 'CLOCK2_50'
Slack : 14.059
TNS   : 0.000

Type  : Fast 1200mV 0C Model Removal 'CLOCK2_50'
Slack : 0.880
TNS   : 0.000

Type  : Fast 1200mV 0C Model Removal 'u6|altpll_component|auto_generated|pll1|clk[0]'
Slack : 2.896
TNS   : 0.000

Type  : Fast 1200mV 0C Model Removal 'u6|altpll_component|auto_generated|pll1|clk[4]'
Slack : 2.898
TNS   : 0.000

Type  : Fast 1200mV 0C Model Minimum Pulse Width 'u6|altpll_component|auto_generated|pll1|clk[0]'
Slack : 4.757
TNS   : 0.000

Type  : Fast 1200mV 0C Model Minimum Pulse Width 'CLOCK2_50'
Slack : 9.271
TNS   : 0.000

Type  : Fast 1200mV 0C Model Minimum Pulse Width 'u6|altpll_component|auto_generated|pll1|clk[4]'
Slack : 12.254
TNS   : 0.000

Type  : Fast 1200mV 0C Model Minimum Pulse Width 'CLOCK3_50'
Slack : 16.000
TNS   : 0.000

Type  : Fast 1200mV 0C Model Minimum Pulse Width 'CLOCK_50'
Slack : 16.000
TNS   : 0.000

------------------------------------------------------------
