------------------------------------------------------------
TimeQuest Timing Analyzer Summary
------------------------------------------------------------

Type  : Slow Model Setup 'u6|altpll_component|pll|clk[0]'
Slack : -1.684
TNS   : -84.039

Type  : Slow Model Setup 'CLOCK_50'
Slack : 15.093
TNS   : 0.000

Type  : Slow Model Hold 'CLOCK_50'
Slack : 0.391
TNS   : 0.000

Type  : Slow Model Hold 'u6|altpll_component|pll|clk[0]'
Slack : 0.391
TNS   : 0.000

Type  : Slow Model Recovery 'u6|altpll_component|pll|clk[0]'
Slack : -1.548
TNS   : -303.259

Type  : Slow Model Recovery 'CLOCK_50'
Slack : 14.969
TNS   : 0.000

Type  : Slow Model Removal 'CLOCK_50'
Slack : 2.502
TNS   : 0.000

Type  : Slow Model Removal 'u6|altpll_component|pll|clk[0]'
Slack : 4.913
TNS   : 0.000

Type  : Slow Model Minimum Pulse Width 'u6|altpll_component|pll|clk[0]'
Slack : 1.620
TNS   : 0.000

Type  : Slow Model Minimum Pulse Width 'CLOCK_50'
Slack : 9.000
TNS   : 0.000

Type  : Fast Model Setup 'u6|altpll_component|pll|clk[0]'
Slack : 0.827
TNS   : 0.000

Type  : Fast Model Setup 'CLOCK_50'
Slack : 17.707
TNS   : 0.000

Type  : Fast Model Hold 'CLOCK_50'
Slack : 0.215
TNS   : 0.000

Type  : Fast Model Hold 'u6|altpll_component|pll|clk[0]'
Slack : 0.215
TNS   : 0.000

Type  : Fast Model Recovery 'u6|altpll_component|pll|clk[0]'
Slack : 0.469
TNS   : 0.000

Type  : Fast Model Recovery 'CLOCK_50'
Slack : 17.450
TNS   : 0.000

Type  : Fast Model Removal 'CLOCK_50'
Slack : 1.254
TNS   : 0.000

Type  : Fast Model Removal 'u6|altpll_component|pll|clk[0]'
Slack : 3.128
TNS   : 0.000

Type  : Fast Model Minimum Pulse Width 'u6|altpll_component|pll|clk[0]'
Slack : 1.620
TNS   : 0.000

Type  : Fast Model Minimum Pulse Width 'CLOCK_50'
Slack : 9.000
TNS   : 0.000

------------------------------------------------------------
